[2024-02-03T22:12:34.635+0000][0.009s] CardTable entry size: 512
[2024-02-03T22:12:34.635+0000][0.009s] Using G1
[2024-02-03T22:12:34.702+0000][0.076s] Version: 21.0.1+12-LTS (release)
[2024-02-03T22:12:34.702+0000][0.076s] CPUs: 2 total, 2 available
[2024-02-03T22:12:34.702+0000][0.076s] Memory: 7929M
[2024-02-03T22:12:34.702+0000][0.076s] Large Page Support: Disabled
[2024-02-03T22:12:34.702+0000][0.076s] NUMA Support: Disabled
[2024-02-03T22:12:34.702+0000][0.076s] Compressed Oops: Enabled (32-bit)
[2024-02-03T22:12:34.702+0000][0.076s] Heap Region Size: 1M
[2024-02-03T22:12:34.702+0000][0.076s] Heap Min Capacity: 512M
[2024-02-03T22:12:34.702+0000][0.076s] Heap Initial Capacity: 512M
[2024-02-03T22:12:34.702+0000][0.076s] Heap Max Capacity: 512M
[2024-02-03T22:12:34.702+0000][0.076s] Pre-touch: Enabled
[2024-02-03T22:12:34.702+0000][0.076s] Parallel Workers: 2
[2024-02-03T22:12:34.702+0000][0.076s] Concurrent Workers: 1
[2024-02-03T22:12:34.702+0000][0.076s] Concurrent Refinement Workers: 2
[2024-02-03T22:12:34.702+0000][0.076s] Periodic GC: Disabled
[2024-02-03T22:12:34.711+0000][0.085s] CDS archive(s) mapped at: [0x00007f7923000000-0x00007f7923ca8000-0x00007f7923ca8000), size 13271040, SharedBaseAddress: 0x00007f7923000000, ArchiveRelocationMode: 1.
[2024-02-03T22:12:34.711+0000][0.085s] Compressed class space mapped at: 0x00007f7924000000-0x00007f7964000000, reserved size: 1073741824
[2024-02-03T22:12:34.711+0000][0.085s] Narrow klass base: 0x00007f7923000000, Narrow klass shift: 0, Narrow klass range: 0x100000000
[2024-02-03T22:12:36.364+0000][1.738s] GC(0) Pause Young (Normal) (G1 Evacuation Pause)
[2024-02-03T22:12:36.364+0000][1.738s] GC(0) Using 2 workers of 2 for evacuation
[2024-02-03T22:12:36.368+0000][1.742s] GC(0)   Pre Evacuate Collection Set: 0.2ms
[2024-02-03T22:12:36.368+0000][1.742s] GC(0)   Merge Heap Roots: 0.0ms
[2024-02-03T22:12:36.368+0000][1.742s] GC(0)   Evacuate Collection Set: 4.0ms
[2024-02-03T22:12:36.368+0000][1.742s] GC(0)   Post Evacuate Collection Set: 0.4ms
[2024-02-03T22:12:36.368+0000][1.742s] GC(0)   Other: 0.1ms
[2024-02-03T22:12:36.368+0000][1.742s] GC(0) Eden regions: 25->0(21)
[2024-02-03T22:12:36.368+0000][1.743s] GC(0) Survivor regions: 0->4(4)
[2024-02-03T22:12:36.368+0000][1.743s] GC(0) Old regions: 2->2
[2024-02-03T22:12:36.368+0000][1.743s] GC(0) Humongous regions: 0->0
[2024-02-03T22:12:36.369+0000][1.743s] GC(0) Metaspace: 7837K(8000K)->7837K(8000K) NonClass: 6934K(7040K)->6934K(7040K) Class: 902K(960K)->902K(960K)
[2024-02-03T22:12:36.369+0000][1.743s] GC(0) Pause Young (Normal) (G1 Evacuation Pause) 26M->4M(512M) 4.934ms
[2024-02-03T22:12:36.369+0000][1.743s] GC(0) User=0.01s Sys=0.00s Real=0.00s
[2024-02-03T22:12:36.837+0000][2.211s] GC(1) Pause Young (Normal) (G1 Evacuation Pause)
[2024-02-03T22:12:36.837+0000][2.211s] GC(1) Using 2 workers of 2 for evacuation
[2024-02-03T22:12:36.854+0000][2.228s] GC(1)   Pre Evacuate Collection Set: 0.7ms
[2024-02-03T22:12:36.854+0000][2.228s] GC(1)   Merge Heap Roots: 0.0ms
[2024-02-03T22:12:36.854+0000][2.228s] GC(1)   Evacuate Collection Set: 15.4ms
[2024-02-03T22:12:36.854+0000][2.228s] GC(1)   Post Evacuate Collection Set: 0.5ms
[2024-02-03T22:12:36.854+0000][2.228s] GC(1)   Other: 0.1ms
[2024-02-03T22:12:36.854+0000][2.228s] GC(1) Eden regions: 21->0(21)
[2024-02-03T22:12:36.854+0000][2.228s] GC(1) Survivor regions: 4->4(4)
[2024-02-03T22:12:36.854+0000][2.228s] GC(1) Old regions: 2->10
[2024-02-03T22:12:36.854+0000][2.228s] GC(1) Humongous regions: 4->4
[2024-02-03T22:12:36.854+0000][2.228s] GC(1) Metaspace: 13361K(13696K)->13361K(13696K) NonClass: 11824K(12032K)->11824K(12032K) Class: 1537K(1664K)->1537K(1664K)
[2024-02-03T22:12:36.854+0000][2.228s] GC(1) Pause Young (Normal) (G1 Evacuation Pause) 29M->16M(512M) 17.035ms
[2024-02-03T22:12:36.854+0000][2.228s] GC(1) User=0.03s Sys=0.00s Real=0.02s
[2024-02-03T22:12:37.356+0000][2.730s] GC(2) Pause Young (Normal) (G1 Evacuation Pause)
[2024-02-03T22:12:37.356+0000][2.730s] GC(2) Using 2 workers of 2 for evacuation
[2024-02-03T22:12:37.363+0000][2.737s] GC(2)   Pre Evacuate Collection Set: 0.2ms
[2024-02-03T22:12:37.363+0000][2.737s] GC(2)   Merge Heap Roots: 0.0ms
[2024-02-03T22:12:37.363+0000][2.737s] GC(2)   Evacuate Collection Set: 6.5ms
[2024-02-03T22:12:37.363+0000][2.737s] GC(2)   Post Evacuate Collection Set: 0.4ms
[2024-02-03T22:12:37.363+0000][2.737s] GC(2)   Other: 0.1ms
[2024-02-03T22:12:37.363+0000][2.737s] GC(2) Eden regions: 21->0(37)
[2024-02-03T22:12:37.363+0000][2.737s] GC(2) Survivor regions: 4->3(4)
[2024-02-03T22:12:37.363+0000][2.737s] GC(2) Old regions: 10->15
[2024-02-03T22:12:37.363+0000][2.737s] GC(2) Humongous regions: 4->4
[2024-02-03T22:12:37.363+0000][2.737s] GC(2) Metaspace: 19610K(20032K)->19610K(20032K) NonClass: 17351K(17600K)->17351K(17600K) Class: 2259K(2432K)->2259K(2432K)
[2024-02-03T22:12:37.363+0000][2.737s] GC(2) Pause Young (Normal) (G1 Evacuation Pause) 37M->20M(512M) 7.523ms
[2024-02-03T22:12:37.363+0000][2.737s] GC(2) User=0.02s Sys=0.00s Real=0.01s
[2024-02-03T22:12:37.542+0000][2.916s] GC(3) Pause Young (Normal) (G1 Evacuation Pause)
[2024-02-03T22:12:37.542+0000][2.916s] GC(3) Using 2 workers of 2 for evacuation
[2024-02-03T22:12:37.546+0000][2.920s] GC(3)   Pre Evacuate Collection Set: 0.1ms
[2024-02-03T22:12:37.546+0000][2.920s] GC(3)   Merge Heap Roots: 0.0ms
[2024-02-03T22:12:37.546+0000][2.920s] GC(3)   Evacuate Collection Set: 3.4ms
[2024-02-03T22:12:37.546+0000][2.920s] GC(3)   Post Evacuate Collection Set: 0.3ms
[2024-02-03T22:12:37.546+0000][2.920s] GC(3)   Other: 0.1ms
[2024-02-03T22:12:37.546+0000][2.920s] GC(3) Eden regions: 38->0(301)
[2024-02-03T22:12:37.546+0000][2.920s] GC(3) Survivor regions: 3->6(6)
[2024-02-03T22:12:37.546+0000][2.920s] GC(3) Old regions: 15->15
[2024-02-03T22:12:37.546+0000][2.920s] GC(3) Humongous regions: 4->4
[2024-02-03T22:12:37.546+0000][2.920s] GC(3) Metaspace: 19734K(20160K)->19734K(20160K) NonClass: 17473K(17728K)->17473K(17728K) Class: 2261K(2432K)->2261K(2432K)
[2024-02-03T22:12:37.546+0000][2.920s] GC(3) Pause Young (Normal) (G1 Evacuation Pause) 58M->23M(512M) 4.196ms
[2024-02-03T22:12:37.546+0000][2.920s] GC(3) User=0.00s Sys=0.00s Real=0.00s
[2024-02-03T22:12:37.755+0000][3.129s] GC(4) Pause Young (Concurrent Start) (Metadata GC Threshold)
[2024-02-03T22:12:37.755+0000][3.129s] GC(4) Using 2 workers of 2 for evacuation
[2024-02-03T22:12:37.759+0000][3.133s] GC(4)   Pre Evacuate Collection Set: 0.1ms
[2024-02-03T22:12:37.759+0000][3.133s] GC(4)   Merge Heap Roots: 0.0ms
[2024-02-03T22:12:37.759+0000][3.134s] GC(4)   Evacuate Collection Set: 3.8ms
[2024-02-03T22:12:37.759+0000][3.134s] GC(4)   Post Evacuate Collection Set: 0.4ms
[2024-02-03T22:12:37.760+0000][3.134s] GC(4)   Other: 0.1ms
[2024-02-03T22:12:37.760+0000][3.134s] GC(4) Eden regions: 37->0(270)
[2024-02-03T22:12:37.760+0000][3.134s] GC(4) Survivor regions: 6->7(39)
[2024-02-03T22:12:37.760+0000][3.134s] GC(4) Old regions: 15->15
[2024-02-03T22:12:37.760+0000][3.134s] GC(4) Humongous regions: 4->4
[2024-02-03T22:12:37.760+0000][3.134s] GC(4) Metaspace: 21161K(21504K)->21161K(21504K) NonClass: 18760K(18944K)->18760K(18944K) Class: 2400K(2560K)->2400K(2560K)
[2024-02-03T22:12:37.760+0000][3.134s] GC(4) Pause Young (Concurrent Start) (Metadata GC Threshold) 60M->24M(512M) 4.645ms
[2024-02-03T22:12:37.760+0000][3.134s] GC(4) User=0.01s Sys=0.00s Real=0.00s
[2024-02-03T22:12:37.760+0000][3.134s] GC(5) Concurrent Mark Cycle
[2024-02-03T22:12:37.760+0000][3.134s] GC(5) Concurrent Scan Root Regions
[2024-02-03T22:12:37.762+0000][3.136s] GC(5) Concurrent Scan Root Regions 2.586ms
[2024-02-03T22:12:37.762+0000][3.136s] GC(5) Concurrent Mark
[2024-02-03T22:12:37.762+0000][3.136s] GC(5) Concurrent Mark From Roots
[2024-02-03T22:12:37.762+0000][3.137s] GC(5) Using 1 workers of 1 for marking
[2024-02-03T22:12:37.787+0000][3.161s] GC(5) Concurrent Mark From Roots 24.171ms
[2024-02-03T22:12:37.787+0000][3.161s] GC(5) Concurrent Preclean
[2024-02-03T22:12:37.787+0000][3.161s] GC(5) Concurrent Preclean 0.042ms
[2024-02-03T22:12:37.788+0000][3.162s] GC(5) Pause Remark
[2024-02-03T22:12:37.792+0000][3.166s] GC(5) Pause Remark 25M->25M(512M) 3.902ms
[2024-02-03T22:12:37.792+0000][3.166s] GC(5) User=0.01s Sys=0.00s Real=0.01s
[2024-02-03T22:12:37.792+0000][3.166s] GC(5) Concurrent Mark 29.319ms
[2024-02-03T22:12:37.792+0000][3.166s] GC(5) Concurrent Rebuild Remembered Sets and Scrub Regions
[2024-02-03T22:12:37.804+0000][3.178s] GC(5) Concurrent Rebuild Remembered Sets and Scrub Regions 12.248ms
[2024-02-03T22:12:37.804+0000][3.178s] GC(5) Pause Cleanup
[2024-02-03T22:12:37.804+0000][3.178s] GC(5) Pause Cleanup 25M->25M(512M) 0.119ms
[2024-02-03T22:12:37.804+0000][3.178s] GC(5) User=0.00s Sys=0.00s Real=0.00s
[2024-02-03T22:12:37.804+0000][3.178s] GC(5) Concurrent Clear Claimed Marks
[2024-02-03T22:12:37.804+0000][3.179s] GC(5) Concurrent Clear Claimed Marks 0.037ms
[2024-02-03T22:12:37.805+0000][3.179s] GC(5) Concurrent Cleanup for Next Mark
[2024-02-03T22:12:37.814+0000][3.188s] GC(5) Concurrent Cleanup for Next Mark 9.092ms
[2024-02-03T22:12:37.814+0000][3.188s] GC(5) Concurrent Mark Cycle 53.856ms
[2024-02-03T22:12:39.519+0000][4.893s] GC(6) Pause Young (Prepare Mixed) (Metadata GC Threshold)
[2024-02-03T22:12:39.519+0000][4.893s] GC(6) Using 2 workers of 2 for evacuation
[2024-02-03T22:12:39.532+0000][4.906s] GC(6)   Pre Evacuate Collection Set: 0.2ms
[2024-02-03T22:12:39.532+0000][4.906s] GC(6)   Merge Heap Roots: 0.0ms
[2024-02-03T22:12:39.532+0000][4.906s] GC(6)   Evacuate Collection Set: 12.4ms
[2024-02-03T22:12:39.532+0000][4.906s] GC(6)   Post Evacuate Collection Set: 0.6ms
[2024-02-03T22:12:39.532+0000][4.906s] GC(6)   Other: 0.1ms
[2024-02-03T22:12:39.532+0000][4.906s] GC(6) Eden regions: 83->0(114)
[2024-02-03T22:12:39.532+0000][4.906s] GC(6) Survivor regions: 7->13(35)
[2024-02-03T22:12:39.532+0000][4.906s] GC(6) Old regions: 15->15
[2024-02-03T22:12:39.532+0000][4.906s] GC(6) Humongous regions: 5->4
[2024-02-03T22:12:39.532+0000][4.906s] GC(6) Metaspace: 37317K(37760K)->37317K(37760K) NonClass: 33141K(33344K)->33141K(33344K) Class: 4176K(4416K)->4176K(4416K)
[2024-02-03T22:12:39.532+0000][4.906s] GC(6) Pause Young (Prepare Mixed) (Metadata GC Threshold) 107M->30M(512M) 13.576ms
[2024-02-03T22:12:39.532+0000][4.906s] GC(6) User=0.02s Sys=0.00s Real=0.02s
[2024-02-03T22:12:39.571+0000][4.945s] GC(7) Pause Young (Mixed) (Metadata GC Threshold)
[2024-02-03T22:12:39.571+0000][4.945s] GC(7) Using 2 workers of 2 for evacuation
[2024-02-03T22:12:39.583+0000][4.957s] GC(7)   Pre Evacuate Collection Set: 0.2ms
[2024-02-03T22:12:39.583+0000][4.957s] GC(7)   Merge Heap Roots: 0.0ms
[2024-02-03T22:12:39.583+0000][4.957s] GC(7)   Evacuate Collection Set: 11.2ms
[2024-02-03T22:12:39.583+0000][4.957s] GC(7)   Post Evacuate Collection Set: 0.8ms
[2024-02-03T22:12:39.583+0000][4.957s] GC(7)   Other: 0.1ms
[2024-02-03T22:12:39.583+0000][4.957s] GC(7) Eden regions: 4->0(114)
[2024-02-03T22:12:39.583+0000][4.957s] GC(7) Survivor regions: 13->8(16)
[2024-02-03T22:12:39.583+0000][4.957s] GC(7) Old regions: 15->19
[2024-02-03T22:12:39.583+0000][4.957s] GC(7) Humongous regions: 4->4
[2024-02-03T22:12:39.583+0000][4.958s] GC(7) Metaspace: 37610K(38080K)->37610K(38080K) NonClass: 33395K(33664K)->33395K(33664K) Class: 4214K(4416K)->4214K(4416K)
[2024-02-03T22:12:39.584+0000][4.958s] GC(7) Pause Young (Mixed) (Metadata GC Threshold) 34M->30M(512M) 12.483ms
[2024-02-03T22:12:39.584+0000][4.958s] GC(7) User=0.02s Sys=0.00s Real=0.01s
[2024-02-03T22:12:39.621+0000][4.995s] GC(8) Pause Young (Concurrent Start) (Metadata GC Threshold)
[2024-02-03T22:12:39.621+0000][4.995s] GC(8) Using 2 workers of 2 for evacuation
[2024-02-03T22:12:39.628+0000][5.002s] GC(8)   Pre Evacuate Collection Set: 0.2ms
[2024-02-03T22:12:39.628+0000][5.002s] GC(8)   Merge Heap Roots: 0.0ms
[2024-02-03T22:12:39.628+0000][5.002s] GC(8)   Evacuate Collection Set: 6.1ms
[2024-02-03T22:12:39.628+0000][5.002s] GC(8)   Post Evacuate Collection Set: 0.4ms
[2024-02-03T22:12:39.628+0000][5.002s] GC(8)   Other: 0.1ms
[2024-02-03T22:12:39.628+0000][5.002s] GC(8) Eden regions: 3->0(169)
[2024-02-03T22:12:39.628+0000][5.002s] GC(8) Survivor regions: 8->8(16)
[2024-02-03T22:12:39.628+0000][5.002s] GC(8) Old regions: 19->19
[2024-02-03T22:12:39.628+0000][5.002s] GC(8) Humongous regions: 4->4
[2024-02-03T22:12:39.628+0000][5.002s] GC(8) Metaspace: 37928K(38400K)->37928K(38400K) NonClass: 33668K(33920K)->33668K(33920K) Class: 4260K(4480K)->4260K(4480K)
[2024-02-03T22:12:39.628+0000][5.002s] GC(8) Pause Young (Concurrent Start) (Metadata GC Threshold) 32M->30M(512M) 7.154ms
[2024-02-03T22:12:39.628+0000][5.002s] GC(8) User=0.01s Sys=0.01s Real=0.01s
[2024-02-03T22:12:39.629+0000][5.003s] GC(9) Concurrent Mark Cycle
[2024-02-03T22:12:39.629+0000][5.003s] GC(9) Concurrent Scan Root Regions
[2024-02-03T22:12:39.633+0000][5.007s] GC(9) Concurrent Scan Root Regions 4.314ms
[2024-02-03T22:12:39.633+0000][5.007s] GC(9) Concurrent Mark
[2024-02-03T22:12:39.633+0000][5.007s] GC(9) Concurrent Mark From Roots
[2024-02-03T22:12:39.633+0000][5.007s] GC(9) Using 1 workers of 1 for marking
[2024-02-03T22:12:39.667+0000][5.041s] GC(9) Concurrent Mark From Roots 34.306ms
[2024-02-03T22:12:39.667+0000][5.041s] GC(9) Concurrent Preclean
[2024-02-03T22:12:39.667+0000][5.041s] GC(9) Concurrent Preclean 0.050ms
[2024-02-03T22:12:39.667+0000][5.041s] GC(9) Pause Remark
[2024-02-03T22:12:39.677+0000][5.051s] GC(9) Pause Remark 32M->32M(512M) 9.317ms
[2024-02-03T22:12:39.677+0000][5.051s] GC(9) User=0.01s Sys=0.00s Real=0.01s
[2024-02-03T22:12:39.677+0000][5.051s] GC(9) Concurrent Mark 44.032ms
[2024-02-03T22:12:39.677+0000][5.051s] GC(9) Concurrent Rebuild Remembered Sets and Scrub Regions
[2024-02-03T22:12:39.694+0000][5.068s] GC(9) Concurrent Rebuild Remembered Sets and Scrub Regions 16.947ms
[2024-02-03T22:12:39.694+0000][5.068s] GC(9) Pause Cleanup
[2024-02-03T22:12:39.694+0000][5.068s] GC(9) Pause Cleanup 32M->32M(512M) 0.131ms
[2024-02-03T22:12:39.694+0000][5.068s] GC(9) User=0.00s Sys=0.00s Real=0.00s
[2024-02-03T22:12:39.694+0000][5.068s] GC(9) Concurrent Clear Claimed Marks
[2024-02-03T22:12:39.694+0000][5.068s] GC(9) Concurrent Clear Claimed Marks 0.046ms
[2024-02-03T22:12:39.694+0000][5.068s] GC(9) Concurrent Cleanup for Next Mark
[2024-02-03T22:12:39.699+0000][5.073s] GC(9) Concurrent Cleanup for Next Mark 4.775ms
[2024-02-03T22:12:39.699+0000][5.073s] GC(9) Concurrent Mark Cycle 70.710ms
[2024-02-03T22:12:41.440+0000][6.814s] GC(10) Pause Young (Prepare Mixed) (G1 Evacuation Pause)
[2024-02-03T22:12:41.440+0000][6.814s] GC(10) Using 2 workers of 2 for evacuation
[2024-02-03T22:12:41.472+0000][6.846s] GC(10)   Pre Evacuate Collection Set: 0.1ms
[2024-02-03T22:12:41.472+0000][6.846s] GC(10)   Merge Heap Roots: 0.1ms
[2024-02-03T22:12:41.472+0000][6.846s] GC(10)   Evacuate Collection Set: 30.6ms
[2024-02-03T22:12:41.472+0000][6.846s] GC(10)   Post Evacuate Collection Set: 1.5ms
[2024-02-03T22:12:41.472+0000][6.846s] GC(10)   Other: 0.1ms
[2024-02-03T22:12:41.472+0000][6.846s] GC(10) Eden regions: 164->0(288)
[2024-02-03T22:12:41.472+0000][6.846s] GC(10) Survivor regions: 8->19(22)
[2024-02-03T22:12:41.472+0000][6.846s] GC(10) Old regions: 19->19
[2024-02-03T22:12:41.472+0000][6.846s] GC(10) Humongous regions: 4->4
[2024-02-03T22:12:41.472+0000][6.846s] GC(10) Metaspace: 53512K(54144K)->53512K(54144K) NonClass: 47099K(47424K)->47099K(47424K) Class: 6412K(6720K)->6412K(6720K)
[2024-02-03T22:12:41.472+0000][6.847s] GC(10) Pause Young (Prepare Mixed) (G1 Evacuation Pause) 194M->41M(512M) 32.715ms
[2024-02-03T22:12:41.473+0000][6.847s] GC(10) User=0.04s Sys=0.00s Real=0.04s
[2024-02-03T22:13:02.456+0000][27.830s] Heap
[2024-02-03T22:13:02.456+0000][27.830s]  garbage-first heap   total 524288K, used 153028K [0x00000000e0000000, 0x0000000100000000)
[2024-02-03T22:13:02.456+0000][27.830s]   region size 1024K, 127 young (130048K), 19 survivors (19456K)
[2024-02-03T22:13:02.456+0000][27.830s]  Metaspace       used 56419K, committed 57152K, reserved 1114112K
[2024-02-03T22:13:02.456+0000][27.830s]   class space    used 6750K, committed 7040K, reserved 1048576K
