[2024-02-02T12:08:58.560+0000][0.007s] CardTable entry size: 512
[2024-02-02T12:08:58.560+0000][0.007s] Using G1
[2024-02-02T12:08:58.774+0000][0.221s] Version: 21.0.1+12-LTS (release)
[2024-02-02T12:08:58.774+0000][0.222s] CPUs: 2 total, 2 available
[2024-02-02T12:08:58.774+0000][0.222s] Memory: 7929M
[2024-02-02T12:08:58.774+0000][0.222s] Large Page Support: Disabled
[2024-02-02T12:08:58.775+0000][0.222s] NUMA Support: Disabled
[2024-02-02T12:08:58.775+0000][0.222s] Compressed Oops: Enabled (32-bit)
[2024-02-02T12:08:58.775+0000][0.222s] Heap Region Size: 1M
[2024-02-02T12:08:58.775+0000][0.222s] Heap Min Capacity: 512M
[2024-02-02T12:08:58.775+0000][0.222s] Heap Initial Capacity: 512M
[2024-02-02T12:08:58.775+0000][0.222s] Heap Max Capacity: 512M
[2024-02-02T12:08:58.775+0000][0.222s] Pre-touch: Enabled
[2024-02-02T12:08:58.775+0000][0.222s] Parallel Workers: 2
[2024-02-02T12:08:58.775+0000][0.222s] Concurrent Workers: 1
[2024-02-02T12:08:58.775+0000][0.222s] Concurrent Refinement Workers: 2
[2024-02-02T12:08:58.775+0000][0.222s] Periodic GC: Disabled
[2024-02-02T12:08:58.790+0000][0.237s] CDS archive(s) mapped at: [0x00007fc7ef000000-0x00007fc7efca8000-0x00007fc7efca8000), size 13271040, SharedBaseAddress: 0x00007fc7ef000000, ArchiveRelocationMode: 1.
[2024-02-02T12:08:58.790+0000][0.238s] Compressed class space mapped at: 0x00007fc7f0000000-0x00007fc830000000, reserved size: 1073741824
[2024-02-02T12:08:58.790+0000][0.238s] Narrow klass base: 0x00007fc7ef000000, Narrow klass shift: 0, Narrow klass range: 0x100000000
[2024-02-02T12:09:00.490+0000][1.937s] GC(0) Pause Young (Normal) (G1 Evacuation Pause)
[2024-02-02T12:09:00.490+0000][1.937s] GC(0) Using 2 workers of 2 for evacuation
[2024-02-02T12:09:00.495+0000][1.943s] GC(0)   Pre Evacuate Collection Set: 0.1ms
[2024-02-02T12:09:00.495+0000][1.943s] GC(0)   Merge Heap Roots: 0.2ms
[2024-02-02T12:09:00.495+0000][1.943s] GC(0)   Evacuate Collection Set: 4.5ms
[2024-02-02T12:09:00.495+0000][1.943s] GC(0)   Post Evacuate Collection Set: 0.5ms
[2024-02-02T12:09:00.495+0000][1.943s] GC(0)   Other: 0.1ms
[2024-02-02T12:09:00.495+0000][1.943s] GC(0) Eden regions: 25->0(21)
[2024-02-02T12:09:00.495+0000][1.943s] GC(0) Survivor regions: 0->4(4)
[2024-02-02T12:09:00.495+0000][1.943s] GC(0) Old regions: 2->2
[2024-02-02T12:09:00.496+0000][1.943s] GC(0) Humongous regions: 0->0
[2024-02-02T12:09:00.496+0000][1.943s] GC(0) Metaspace: 7905K(8128K)->7905K(8128K) NonClass: 7000K(7104K)->7000K(7104K) Class: 904K(1024K)->904K(1024K)
[2024-02-02T12:09:00.496+0000][1.943s] GC(0) Pause Young (Normal) (G1 Evacuation Pause) 26M->4M(512M) 5.649ms
[2024-02-02T12:09:00.496+0000][1.943s] GC(0) User=0.01s Sys=0.00s Real=0.00s
[2024-02-02T12:09:01.355+0000][2.802s] GC(1) Pause Young (Normal) (G1 Evacuation Pause)
[2024-02-02T12:09:01.355+0000][2.802s] GC(1) Using 2 workers of 2 for evacuation
[2024-02-02T12:09:01.385+0000][2.832s] GC(1)   Pre Evacuate Collection Set: 0.2ms
[2024-02-02T12:09:01.385+0000][2.832s] GC(1)   Merge Heap Roots: 0.1ms
[2024-02-02T12:09:01.385+0000][2.832s] GC(1)   Evacuate Collection Set: 28.9ms
[2024-02-02T12:09:01.385+0000][2.832s] GC(1)   Post Evacuate Collection Set: 0.6ms
[2024-02-02T12:09:01.385+0000][2.832s] GC(1)   Other: 0.1ms
[2024-02-02T12:09:01.385+0000][2.832s] GC(1) Eden regions: 21->0(21)
[2024-02-02T12:09:01.385+0000][2.832s] GC(1) Survivor regions: 4->4(4)
[2024-02-02T12:09:01.385+0000][2.832s] GC(1) Old regions: 2->10
[2024-02-02T12:09:01.385+0000][2.832s] GC(1) Humongous regions: 4->4
[2024-02-02T12:09:01.385+0000][2.832s] GC(1) Metaspace: 13721K(14080K)->13721K(14080K) NonClass: 12160K(12352K)->12160K(12352K) Class: 1561K(1728K)->1561K(1728K)
[2024-02-02T12:09:01.385+0000][2.832s] GC(1) Pause Young (Normal) (G1 Evacuation Pause) 29M->16M(512M) 30.142ms
[2024-02-02T12:09:01.385+0000][2.832s] GC(1) User=0.03s Sys=0.00s Real=0.03s
[2024-02-02T12:09:02.116+0000][3.564s] GC(2) Pause Young (Normal) (G1 Evacuation Pause)
[2024-02-02T12:09:02.117+0000][3.564s] GC(2) Using 2 workers of 2 for evacuation
[2024-02-02T12:09:02.130+0000][3.577s] GC(2)   Pre Evacuate Collection Set: 0.2ms
[2024-02-02T12:09:02.130+0000][3.577s] GC(2)   Merge Heap Roots: 0.0ms
[2024-02-02T12:09:02.130+0000][3.577s] GC(2)   Evacuate Collection Set: 12.2ms
[2024-02-02T12:09:02.130+0000][3.577s] GC(2)   Post Evacuate Collection Set: 0.5ms
[2024-02-02T12:09:02.130+0000][3.577s] GC(2)   Other: 0.1ms
[2024-02-02T12:09:02.130+0000][3.577s] GC(2) Eden regions: 21->0(31)
[2024-02-02T12:09:02.130+0000][3.577s] GC(2) Survivor regions: 4->3(4)
[2024-02-02T12:09:02.130+0000][3.577s] GC(2) Old regions: 10->14
[2024-02-02T12:09:02.130+0000][3.577s] GC(2) Humongous regions: 4->4
[2024-02-02T12:09:02.130+0000][3.577s] GC(2) Metaspace: 19772K(20160K)->19772K(20160K) NonClass: 17512K(17728K)->17512K(17728K) Class: 2260K(2432K)->2260K(2432K)
[2024-02-02T12:09:02.130+0000][3.577s] GC(2) Pause Young (Normal) (G1 Evacuation Pause) 37M->19M(512M) 13.304ms
[2024-02-02T12:09:02.130+0000][3.577s] GC(2) User=0.02s Sys=0.00s Real=0.02s
[2024-02-02T12:09:02.418+0000][3.865s] GC(3) Pause Young (Normal) (G1 Evacuation Pause)
[2024-02-02T12:09:02.418+0000][3.865s] GC(3) Using 2 workers of 2 for evacuation
[2024-02-02T12:09:02.424+0000][3.872s] GC(3)   Pre Evacuate Collection Set: 0.2ms
[2024-02-02T12:09:02.424+0000][3.872s] GC(3)   Merge Heap Roots: 0.0ms
[2024-02-02T12:09:02.424+0000][3.872s] GC(3)   Evacuate Collection Set: 5.7ms
[2024-02-02T12:09:02.424+0000][3.872s] GC(3)   Post Evacuate Collection Set: 0.4ms
[2024-02-02T12:09:02.424+0000][3.872s] GC(3)   Other: 0.1ms
[2024-02-02T12:09:02.424+0000][3.872s] GC(3) Eden regions: 32->0(305)
[2024-02-02T12:09:02.424+0000][3.872s] GC(3) Survivor regions: 3->2(5)
[2024-02-02T12:09:02.424+0000][3.872s] GC(3) Old regions: 14->17
[2024-02-02T12:09:02.424+0000][3.872s] GC(3) Humongous regions: 4->4
[2024-02-02T12:09:02.424+0000][3.872s] GC(3) Metaspace: 19879K(20288K)->19879K(20288K) NonClass: 17618K(17856K)->17618K(17856K) Class: 2261K(2432K)->2261K(2432K)
[2024-02-02T12:09:02.425+0000][3.872s] GC(3) Pause Young (Normal) (G1 Evacuation Pause) 51M->21M(512M) 6.655ms
[2024-02-02T12:09:02.425+0000][3.872s] GC(3) User=0.01s Sys=0.00s Real=0.00s
[2024-02-02T12:09:02.869+0000][4.316s] GC(4) Pause Young (Concurrent Start) (Metadata GC Threshold)
[2024-02-02T12:09:02.869+0000][4.316s] GC(4) Using 2 workers of 2 for evacuation
[2024-02-02T12:09:02.873+0000][4.320s] GC(4)   Pre Evacuate Collection Set: 0.2ms
[2024-02-02T12:09:02.873+0000][4.320s] GC(4)   Merge Heap Roots: 0.0ms
[2024-02-02T12:09:02.873+0000][4.320s] GC(4)   Evacuate Collection Set: 3.3ms
[2024-02-02T12:09:02.873+0000][4.320s] GC(4)   Post Evacuate Collection Set: 0.4ms
[2024-02-02T12:09:02.873+0000][4.320s] GC(4)   Other: 0.1ms
[2024-02-02T12:09:02.873+0000][4.320s] GC(4) Eden regions: 43->0(59)
[2024-02-02T12:09:02.873+0000][4.320s] GC(4) Survivor regions: 2->5(39)
[2024-02-02T12:09:02.873+0000][4.320s] GC(4) Old regions: 17->17
[2024-02-02T12:09:02.873+0000][4.320s] GC(4) Humongous regions: 4->4
[2024-02-02T12:09:02.873+0000][4.320s] GC(4) Metaspace: 21105K(21504K)->21105K(21504K) NonClass: 18723K(18944K)->18723K(18944K) Class: 2381K(2560K)->2381K(2560K)
[2024-02-02T12:09:02.873+0000][4.320s] GC(4) Pause Young (Concurrent Start) (Metadata GC Threshold) 64M->24M(512M) 4.317ms
[2024-02-02T12:09:02.873+0000][4.320s] GC(4) User=0.00s Sys=0.00s Real=0.00s
[2024-02-02T12:09:02.873+0000][4.320s] GC(5) Concurrent Mark Cycle
[2024-02-02T12:09:02.873+0000][4.320s] GC(5) Concurrent Scan Root Regions
[2024-02-02T12:09:02.874+0000][4.321s] GC(5) Concurrent Scan Root Regions 0.797ms
[2024-02-02T12:09:02.874+0000][4.321s] GC(5) Concurrent Mark
[2024-02-02T12:09:02.874+0000][4.321s] GC(5) Concurrent Mark From Roots
[2024-02-02T12:09:02.874+0000][4.321s] GC(5) Using 1 workers of 1 for marking
[2024-02-02T12:09:02.931+0000][4.378s] GC(5) Concurrent Mark From Roots 56.864ms
[2024-02-02T12:09:02.931+0000][4.378s] GC(5) Concurrent Preclean
[2024-02-02T12:09:02.931+0000][4.378s] GC(5) Concurrent Preclean 0.069ms
[2024-02-02T12:09:02.931+0000][4.378s] GC(5) Pause Remark
[2024-02-02T12:09:02.938+0000][4.386s] GC(5) Pause Remark 25M->25M(512M) 7.303ms
[2024-02-02T12:09:02.938+0000][4.386s] GC(5) User=0.00s Sys=0.01s Real=0.01s
[2024-02-02T12:09:02.938+0000][4.386s] GC(5) Concurrent Mark 64.587ms
[2024-02-02T12:09:02.938+0000][4.386s] GC(5) Concurrent Rebuild Remembered Sets and Scrub Regions
[2024-02-02T12:09:02.963+0000][4.410s] GC(5) Concurrent Rebuild Remembered Sets and Scrub Regions 24.028ms
[2024-02-02T12:09:02.963+0000][4.410s] GC(5) Pause Cleanup
[2024-02-02T12:09:02.963+0000][4.410s] GC(5) Pause Cleanup 25M->25M(512M) 0.182ms
[2024-02-02T12:09:02.963+0000][4.410s] GC(5) User=0.00s Sys=0.00s Real=0.00s
[2024-02-02T12:09:02.963+0000][4.410s] GC(5) Concurrent Clear Claimed Marks
[2024-02-02T12:09:02.963+0000][4.410s] GC(5) Concurrent Clear Claimed Marks 0.053ms
[2024-02-02T12:09:02.963+0000][4.410s] GC(5) Concurrent Cleanup for Next Mark
[2024-02-02T12:09:02.964+0000][4.411s] GC(5) Concurrent Cleanup for Next Mark 0.492ms
[2024-02-02T12:09:02.964+0000][4.411s] GC(5) Concurrent Mark Cycle 90.734ms
[2024-02-02T12:09:03.995+0000][5.443s] GC(6) Pause Young (Prepare Mixed) (G1 Evacuation Pause)
[2024-02-02T12:09:03.995+0000][5.443s] GC(6) Using 2 workers of 2 for evacuation
[2024-02-02T12:09:04.002+0000][5.449s] GC(6)   Pre Evacuate Collection Set: 0.4ms
[2024-02-02T12:09:04.002+0000][5.449s] GC(6)   Merge Heap Roots: 0.1ms
[2024-02-02T12:09:04.002+0000][5.449s] GC(6)   Evacuate Collection Set: 5.8ms
[2024-02-02T12:09:04.002+0000][5.449s] GC(6)   Post Evacuate Collection Set: 0.5ms
[2024-02-02T12:09:04.002+0000][5.449s] GC(6)   Other: 0.1ms
[2024-02-02T12:09:04.002+0000][5.449s] GC(6) Eden regions: 59->0(107)
[2024-02-02T12:09:04.002+0000][5.449s] GC(6) Survivor regions: 5->8(8)
[2024-02-02T12:09:04.002+0000][5.449s] GC(6) Old regions: 17->17
[2024-02-02T12:09:04.002+0000][5.449s] GC(6) Humongous regions: 5->4
[2024-02-02T12:09:04.002+0000][5.449s] GC(6) Metaspace: 31454K(32000K)->31454K(32000K) NonClass: 27975K(28288K)->27975K(28288K) Class: 3479K(3712K)->3479K(3712K)
[2024-02-02T12:09:04.002+0000][5.450s] GC(6) Pause Young (Prepare Mixed) (G1 Evacuation Pause) 84M->27M(512M) 6.987ms
[2024-02-02T12:09:04.002+0000][5.450s] GC(6) User=0.02s Sys=0.00s Real=0.01s
[2024-02-02T12:09:04.599+0000][6.047s] GC(7) Pause Young (Mixed) (Metadata GC Threshold)
[2024-02-02T12:09:04.599+0000][6.047s] GC(7) Using 2 workers of 2 for evacuation
[2024-02-02T12:09:04.607+0000][6.054s] GC(7)   Pre Evacuate Collection Set: 0.2ms
[2024-02-02T12:09:04.607+0000][6.054s] GC(7)   Merge Heap Roots: 0.1ms
[2024-02-02T12:09:04.607+0000][6.054s] GC(7)   Evacuate Collection Set: 6.7ms
[2024-02-02T12:09:04.607+0000][6.054s] GC(7)   Post Evacuate Collection Set: 0.8ms
[2024-02-02T12:09:04.607+0000][6.054s] GC(7)   Other: 0.1ms
[2024-02-02T12:09:04.607+0000][6.054s] GC(7) Eden regions: 28->0(96)
[2024-02-02T12:09:04.607+0000][6.054s] GC(7) Survivor regions: 8->11(15)
[2024-02-02T12:09:04.607+0000][6.054s] GC(7) Old regions: 17->16
[2024-02-02T12:09:04.607+0000][6.055s] GC(7) Humongous regions: 4->4
[2024-02-02T12:09:04.607+0000][6.055s] GC(7) Metaspace: 37769K(38208K)->37769K(38208K) NonClass: 33557K(33792K)->33557K(33792K) Class: 4211K(4416K)->4211K(4416K)
[2024-02-02T12:09:04.607+0000][6.055s] GC(7) Pause Young (Mixed) (Metadata GC Threshold) 55M->30M(512M) 8.058ms
[2024-02-02T12:09:04.607+0000][6.055s] GC(7) User=0.01s Sys=0.00s Real=0.01s
[2024-02-02T12:09:04.645+0000][6.093s] GC(8) Pause Young (Concurrent Start) (Metadata GC Threshold)
[2024-02-02T12:09:04.645+0000][6.093s] GC(8) Using 2 workers of 2 for evacuation
[2024-02-02T12:09:04.653+0000][6.101s] GC(8)   Pre Evacuate Collection Set: 0.2ms
[2024-02-02T12:09:04.653+0000][6.101s] GC(8)   Merge Heap Roots: 0.0ms
[2024-02-02T12:09:04.653+0000][6.101s] GC(8)   Evacuate Collection Set: 7.2ms
[2024-02-02T12:09:04.653+0000][6.101s] GC(8)   Post Evacuate Collection Set: 0.4ms
[2024-02-02T12:09:04.654+0000][6.101s] GC(8)   Other: 0.2ms
[2024-02-02T12:09:04.654+0000][6.101s] GC(8) Eden regions: 3->0(153)
[2024-02-02T12:09:04.654+0000][6.101s] GC(8) Survivor regions: 11->7(14)
[2024-02-02T12:09:04.654+0000][6.101s] GC(8) Old regions: 16->20
[2024-02-02T12:09:04.654+0000][6.101s] GC(8) Humongous regions: 4->4
[2024-02-02T12:09:04.654+0000][6.101s] GC(8) Metaspace: 38084K(38528K)->38084K(38528K) NonClass: 33826K(34048K)->33826K(34048K) Class: 4258K(4480K)->4258K(4480K)
[2024-02-02T12:09:04.654+0000][6.101s] GC(8) Pause Young (Concurrent Start) (Metadata GC Threshold) 32M->30M(512M) 8.414ms
[2024-02-02T12:09:04.654+0000][6.101s] GC(8) User=0.01s Sys=0.00s Real=0.01s
[2024-02-02T12:09:04.654+0000][6.101s] GC(9) Concurrent Mark Cycle
[2024-02-02T12:09:04.654+0000][6.101s] GC(9) Concurrent Scan Root Regions
[2024-02-02T12:09:04.658+0000][6.106s] GC(9) Concurrent Scan Root Regions 4.580ms
[2024-02-02T12:09:04.658+0000][6.106s] GC(9) Concurrent Mark
[2024-02-02T12:09:04.658+0000][6.106s] GC(9) Concurrent Mark From Roots
[2024-02-02T12:09:04.658+0000][6.106s] GC(9) Using 1 workers of 1 for marking
[2024-02-02T12:09:04.689+0000][6.137s] GC(9) Concurrent Mark From Roots 31.070ms
[2024-02-02T12:09:04.690+0000][6.137s] GC(9) Concurrent Preclean
[2024-02-02T12:09:04.690+0000][6.137s] GC(9) Concurrent Preclean 0.350ms
[2024-02-02T12:09:04.693+0000][6.140s] GC(9) Pause Remark
[2024-02-02T12:09:04.698+0000][6.145s] GC(9) Pause Remark 32M->32M(512M) 5.522ms
[2024-02-02T12:09:04.698+0000][6.145s] GC(9) User=0.01s Sys=0.00s Real=0.01s
[2024-02-02T12:09:04.698+0000][6.145s] GC(9) Concurrent Mark 39.788ms
[2024-02-02T12:09:04.698+0000][6.146s] GC(9) Concurrent Rebuild Remembered Sets and Scrub Regions
[2024-02-02T12:09:04.715+0000][6.162s] GC(9) Concurrent Rebuild Remembered Sets and Scrub Regions 16.806ms
[2024-02-02T12:09:04.715+0000][6.163s] GC(9) Pause Cleanup
[2024-02-02T12:09:04.715+0000][6.163s] GC(9) Pause Cleanup 33M->33M(512M) 0.112ms
[2024-02-02T12:09:04.715+0000][6.163s] GC(9) User=0.00s Sys=0.00s Real=0.00s
[2024-02-02T12:09:04.715+0000][6.163s] GC(9) Concurrent Clear Claimed Marks
[2024-02-02T12:09:04.715+0000][6.163s] GC(9) Concurrent Clear Claimed Marks 0.046ms
[2024-02-02T12:09:04.715+0000][6.163s] GC(9) Concurrent Cleanup for Next Mark
[2024-02-02T12:09:04.716+0000][6.163s] GC(9) Concurrent Cleanup for Next Mark 0.595ms
[2024-02-02T12:09:04.716+0000][6.163s] GC(9) Concurrent Mark Cycle 62.398ms
[2024-02-02T12:09:23.453+0000][24.900s] GC(10) Pause Young (Prepare Mixed) (G1 Evacuation Pause)
[2024-02-02T12:09:23.453+0000][24.900s] GC(10) Using 2 workers of 2 for evacuation
[2024-02-02T12:09:23.473+0000][24.920s] GC(10)   Pre Evacuate Collection Set: 0.1ms
[2024-02-02T12:09:23.473+0000][24.920s] GC(10)   Merge Heap Roots: 0.1ms
[2024-02-02T12:09:23.473+0000][24.920s] GC(10)   Evacuate Collection Set: 18.9ms
[2024-02-02T12:09:23.473+0000][24.920s] GC(10)   Post Evacuate Collection Set: 0.8ms
[2024-02-02T12:09:23.473+0000][24.920s] GC(10)   Other: 0.1ms
[2024-02-02T12:09:23.473+0000][24.920s] GC(10) Eden regions: 147->0(293)
[2024-02-02T12:09:23.473+0000][24.920s] GC(10) Survivor regions: 7->14(20)
[2024-02-02T12:09:23.473+0000][24.920s] GC(10) Old regions: 20->20
[2024-02-02T12:09:23.473+0000][24.920s] GC(10) Humongous regions: 4->4
[2024-02-02T12:09:23.473+0000][24.920s] GC(10) Metaspace: 48741K(49280K)->48741K(49280K) NonClass: 43047K(43328K)->43047K(43328K) Class: 5694K(5952K)->5694K(5952K)
[2024-02-02T12:09:23.473+0000][24.920s] GC(10) Pause Young (Prepare Mixed) (G1 Evacuation Pause) 177M->37M(512M) 20.306ms
[2024-02-02T12:09:23.473+0000][24.920s] GC(10) User=0.02s Sys=0.00s Real=0.02s
[2024-02-02T12:10:03.606+0000][65.054s] Heap
[2024-02-02T12:10:03.606+0000][65.054s]  garbage-first heap   total 524288K, used 64067K [0x00000000e0000000, 0x0000000100000000)
[2024-02-02T12:10:03.606+0000][65.054s]   region size 1024K, 39 young (39936K), 14 survivors (14336K)
[2024-02-02T12:10:03.606+0000][65.054s]  Metaspace       used 49455K, committed 50048K, reserved 1114112K
[2024-02-02T12:10:03.606+0000][65.054s]   class space    used 5759K, committed 6016K, reserved 1048576K
