[2024-02-02T12:15:30.410+0000][0.007s] CardTable entry size: 512
[2024-02-02T12:15:30.410+0000][0.008s] Using G1
[2024-02-02T12:15:30.540+0000][0.137s] Version: 21.0.1+12-LTS (release)
[2024-02-02T12:15:30.540+0000][0.138s] CPUs: 2 total, 2 available
[2024-02-02T12:15:30.540+0000][0.138s] Memory: 7929M
[2024-02-02T12:15:30.541+0000][0.138s] Large Page Support: Disabled
[2024-02-02T12:15:30.541+0000][0.138s] NUMA Support: Disabled
[2024-02-02T12:15:30.541+0000][0.138s] Compressed Oops: Enabled (32-bit)
[2024-02-02T12:15:30.541+0000][0.138s] Heap Region Size: 1M
[2024-02-02T12:15:30.541+0000][0.138s] Heap Min Capacity: 512M
[2024-02-02T12:15:30.541+0000][0.138s] Heap Initial Capacity: 512M
[2024-02-02T12:15:30.541+0000][0.138s] Heap Max Capacity: 512M
[2024-02-02T12:15:30.541+0000][0.138s] Pre-touch: Enabled
[2024-02-02T12:15:30.541+0000][0.138s] Parallel Workers: 2
[2024-02-02T12:15:30.541+0000][0.138s] Concurrent Workers: 1
[2024-02-02T12:15:30.541+0000][0.138s] Concurrent Refinement Workers: 2
[2024-02-02T12:15:30.541+0000][0.138s] Periodic GC: Disabled
[2024-02-02T12:15:30.549+0000][0.146s] CDS archive(s) mapped at: [0x00007f955b000000-0x00007f955bca8000-0x00007f955bca8000), size 13271040, SharedBaseAddress: 0x00007f955b000000, ArchiveRelocationMode: 1.
[2024-02-02T12:15:30.549+0000][0.147s] Compressed class space mapped at: 0x00007f955c000000-0x00007f959c000000, reserved size: 1073741824
[2024-02-02T12:15:30.549+0000][0.147s] Narrow klass base: 0x00007f955b000000, Narrow klass shift: 0, Narrow klass range: 0x100000000
[2024-02-02T12:15:32.152+0000][1.749s] GC(0) Pause Young (Normal) (G1 Evacuation Pause)
[2024-02-02T12:15:32.152+0000][1.749s] GC(0) Using 2 workers of 2 for evacuation
[2024-02-02T12:15:32.166+0000][1.764s] GC(0)   Pre Evacuate Collection Set: 0.3ms
[2024-02-02T12:15:32.166+0000][1.764s] GC(0)   Merge Heap Roots: 0.0ms
[2024-02-02T12:15:32.166+0000][1.764s] GC(0)   Evacuate Collection Set: 13.2ms
[2024-02-02T12:15:32.166+0000][1.764s] GC(0)   Post Evacuate Collection Set: 0.5ms
[2024-02-02T12:15:32.166+0000][1.764s] GC(0)   Other: 0.1ms
[2024-02-02T12:15:32.166+0000][1.764s] GC(0) Eden regions: 25->0(21)
[2024-02-02T12:15:32.166+0000][1.764s] GC(0) Survivor regions: 0->4(4)
[2024-02-02T12:15:32.166+0000][1.764s] GC(0) Old regions: 2->2
[2024-02-02T12:15:32.166+0000][1.764s] GC(0) Humongous regions: 0->0
[2024-02-02T12:15:32.166+0000][1.764s] GC(0) Metaspace: 7782K(8064K)->7782K(8064K) NonClass: 6890K(7040K)->6890K(7040K) Class: 892K(1024K)->892K(1024K)
[2024-02-02T12:15:32.166+0000][1.764s] GC(0) Pause Young (Normal) (G1 Evacuation Pause) 26M->4M(512M) 14.439ms
[2024-02-02T12:15:32.166+0000][1.764s] GC(0) User=0.00s Sys=0.00s Real=0.02s
[2024-02-02T12:15:32.997+0000][2.594s] GC(1) Pause Young (Normal) (G1 Evacuation Pause)
[2024-02-02T12:15:32.997+0000][2.594s] GC(1) Using 2 workers of 2 for evacuation
[2024-02-02T12:15:33.023+0000][2.620s] GC(1)   Pre Evacuate Collection Set: 0.2ms
[2024-02-02T12:15:33.023+0000][2.620s] GC(1)   Merge Heap Roots: 0.0ms
[2024-02-02T12:15:33.023+0000][2.620s] GC(1)   Evacuate Collection Set: 24.6ms
[2024-02-02T12:15:33.023+0000][2.620s] GC(1)   Post Evacuate Collection Set: 0.7ms
[2024-02-02T12:15:33.023+0000][2.620s] GC(1)   Other: 0.1ms
[2024-02-02T12:15:33.023+0000][2.620s] GC(1) Eden regions: 21->0(21)
[2024-02-02T12:15:33.023+0000][2.620s] GC(1) Survivor regions: 4->4(4)
[2024-02-02T12:15:33.023+0000][2.620s] GC(1) Old regions: 2->10
[2024-02-02T12:15:33.023+0000][2.620s] GC(1) Humongous regions: 4->4
[2024-02-02T12:15:33.023+0000][2.620s] GC(1) Metaspace: 13391K(13696K)->13391K(13696K) NonClass: 11858K(12032K)->11858K(12032K) Class: 1532K(1664K)->1532K(1664K)
[2024-02-02T12:15:33.023+0000][2.620s] GC(1) Pause Young (Normal) (G1 Evacuation Pause) 29M->16M(512M) 25.906ms
[2024-02-02T12:15:33.023+0000][2.620s] GC(1) User=0.03s Sys=0.00s Real=0.03s
[2024-02-02T12:15:33.782+0000][3.379s] GC(2) Pause Young (Normal) (G1 Evacuation Pause)
[2024-02-02T12:15:33.782+0000][3.380s] GC(2) Using 2 workers of 2 for evacuation
[2024-02-02T12:15:33.797+0000][3.395s] GC(2)   Pre Evacuate Collection Set: 0.1ms
[2024-02-02T12:15:33.797+0000][3.395s] GC(2)   Merge Heap Roots: 0.0ms
[2024-02-02T12:15:33.798+0000][3.395s] GC(2)   Evacuate Collection Set: 14.3ms
[2024-02-02T12:15:33.798+0000][3.395s] GC(2)   Post Evacuate Collection Set: 0.6ms
[2024-02-02T12:15:33.798+0000][3.395s] GC(2)   Other: 0.2ms
[2024-02-02T12:15:33.798+0000][3.395s] GC(2) Eden regions: 21->0(35)
[2024-02-02T12:15:33.798+0000][3.395s] GC(2) Survivor regions: 4->3(4)
[2024-02-02T12:15:33.798+0000][3.395s] GC(2) Old regions: 10->14
[2024-02-02T12:15:33.798+0000][3.395s] GC(2) Humongous regions: 4->4
[2024-02-02T12:15:33.798+0000][3.395s] GC(2) Metaspace: 19723K(20096K)->19723K(20096K) NonClass: 17464K(17664K)->17464K(17664K) Class: 2258K(2432K)->2258K(2432K)
[2024-02-02T12:15:33.798+0000][3.395s] GC(2) Pause Young (Normal) (G1 Evacuation Pause) 37M->20M(512M) 15.959ms
[2024-02-02T12:15:33.798+0000][3.395s] GC(2) User=0.02s Sys=0.00s Real=0.02s
[2024-02-02T12:15:34.148+0000][3.745s] GC(3) Pause Young (Normal) (G1 Evacuation Pause)
[2024-02-02T12:15:34.148+0000][3.745s] GC(3) Using 2 workers of 2 for evacuation
[2024-02-02T12:15:34.154+0000][3.752s] GC(3)   Pre Evacuate Collection Set: 0.1ms
[2024-02-02T12:15:34.155+0000][3.752s] GC(3)   Merge Heap Roots: 0.0ms
[2024-02-02T12:15:34.155+0000][3.752s] GC(3)   Evacuate Collection Set: 5.6ms
[2024-02-02T12:15:34.155+0000][3.752s] GC(3)   Post Evacuate Collection Set: 0.5ms
[2024-02-02T12:15:34.155+0000][3.752s] GC(3)   Other: 0.2ms
[2024-02-02T12:15:34.155+0000][3.752s] GC(3) Eden regions: 37->0(190)
[2024-02-02T12:15:34.155+0000][3.752s] GC(3) Survivor regions: 3->3(5)
[2024-02-02T12:15:34.155+0000][3.752s] GC(3) Old regions: 14->17
[2024-02-02T12:15:34.155+0000][3.752s] GC(3) Humongous regions: 4->4
[2024-02-02T12:15:34.155+0000][3.752s] GC(3) Metaspace: 19845K(20224K)->19845K(20224K) NonClass: 17584K(17792K)->17584K(17792K) Class: 2261K(2432K)->2261K(2432K)
[2024-02-02T12:15:34.155+0000][3.752s] GC(3) Pause Young (Normal) (G1 Evacuation Pause) 57M->23M(512M) 7.179ms
[2024-02-02T12:15:34.155+0000][3.752s] GC(3) User=0.01s Sys=0.00s Real=0.00s
[2024-02-02T12:15:34.754+0000][4.351s] GC(4) Pause Young (Concurrent Start) (Metadata GC Threshold)
[2024-02-02T12:15:34.754+0000][4.351s] GC(4) Using 2 workers of 2 for evacuation
[2024-02-02T12:15:34.758+0000][4.356s] GC(4)   Pre Evacuate Collection Set: 0.2ms
[2024-02-02T12:15:34.758+0000][4.356s] GC(4)   Merge Heap Roots: 0.0ms
[2024-02-02T12:15:34.758+0000][4.356s] GC(4)   Evacuate Collection Set: 3.6ms
[2024-02-02T12:15:34.758+0000][4.356s] GC(4)   Post Evacuate Collection Set: 0.5ms
[2024-02-02T12:15:34.758+0000][4.356s] GC(4)   Other: 0.1ms
[2024-02-02T12:15:34.758+0000][4.356s] GC(4) Eden regions: 38->0(86)
[2024-02-02T12:15:34.759+0000][4.356s] GC(4) Survivor regions: 3->5(27)
[2024-02-02T12:15:34.759+0000][4.356s] GC(4) Old regions: 17->17
[2024-02-02T12:15:34.759+0000][4.356s] GC(4) Humongous regions: 4->4
[2024-02-02T12:15:34.759+0000][4.356s] GC(4) Metaspace: 21101K(21504K)->21101K(21504K) NonClass: 18716K(18944K)->18716K(18944K) Class: 2384K(2560K)->2384K(2560K)
[2024-02-02T12:15:34.759+0000][4.356s] GC(4) Pause Young (Concurrent Start) (Metadata GC Threshold) 61M->24M(512M) 4.893ms
[2024-02-02T12:15:34.759+0000][4.356s] GC(4) User=0.00s Sys=0.00s Real=0.01s
[2024-02-02T12:15:34.759+0000][4.356s] GC(5) Concurrent Mark Cycle
[2024-02-02T12:15:34.760+0000][4.357s] GC(5) Concurrent Scan Root Regions
[2024-02-02T12:15:34.760+0000][4.358s] GC(5) Concurrent Scan Root Regions 0.839ms
[2024-02-02T12:15:34.760+0000][4.358s] GC(5) Concurrent Mark
[2024-02-02T12:15:34.760+0000][4.358s] GC(5) Concurrent Mark From Roots
[2024-02-02T12:15:34.760+0000][4.358s] GC(5) Using 1 workers of 1 for marking
[2024-02-02T12:15:34.819+0000][4.417s] GC(5) Concurrent Mark From Roots 59.015ms
[2024-02-02T12:15:34.820+0000][4.417s] GC(5) Concurrent Preclean
[2024-02-02T12:15:34.820+0000][4.417s] GC(5) Concurrent Preclean 0.074ms
[2024-02-02T12:15:34.821+0000][4.419s] GC(5) Pause Remark
[2024-02-02T12:15:34.829+0000][4.426s] GC(5) Pause Remark 25M->25M(512M) 7.483ms
[2024-02-02T12:15:34.829+0000][4.426s] GC(5) User=0.00s Sys=0.00s Real=0.01s
[2024-02-02T12:15:34.829+0000][4.426s] GC(5) Concurrent Mark 68.446ms
[2024-02-02T12:15:34.829+0000][4.426s] GC(5) Concurrent Rebuild Remembered Sets and Scrub Regions
[2024-02-02T12:15:34.839+0000][4.436s] GC(5) Concurrent Rebuild Remembered Sets and Scrub Regions 9.881ms
[2024-02-02T12:15:34.840+0000][4.437s] GC(5) Pause Cleanup
[2024-02-02T12:15:34.840+0000][4.437s] GC(5) Pause Cleanup 25M->25M(512M) 0.600ms
[2024-02-02T12:15:34.840+0000][4.437s] GC(5) User=0.00s Sys=0.00s Real=0.00s
[2024-02-02T12:15:34.840+0000][4.438s] GC(5) Concurrent Clear Claimed Marks
[2024-02-02T12:15:34.840+0000][4.438s] GC(5) Concurrent Clear Claimed Marks 0.064ms
[2024-02-02T12:15:34.840+0000][4.438s] GC(5) Concurrent Cleanup for Next Mark
[2024-02-02T12:15:34.844+0000][4.442s] GC(5) Concurrent Cleanup for Next Mark 4.177ms
[2024-02-02T12:15:34.845+0000][4.442s] GC(5) Concurrent Mark Cycle 85.885ms
[2024-02-02T12:15:36.394+0000][5.991s] GC(6) Pause Young (Prepare Mixed) (G1 Evacuation Pause)
[2024-02-02T12:15:36.394+0000][5.991s] GC(6) Using 2 workers of 2 for evacuation
[2024-02-02T12:15:36.402+0000][5.999s] GC(6)   Pre Evacuate Collection Set: 0.2ms
[2024-02-02T12:15:36.402+0000][5.999s] GC(6)   Merge Heap Roots: 0.1ms
[2024-02-02T12:15:36.402+0000][5.999s] GC(6)   Evacuate Collection Set: 7.3ms
[2024-02-02T12:15:36.402+0000][5.999s] GC(6)   Post Evacuate Collection Set: 0.6ms
[2024-02-02T12:15:36.402+0000][6.000s] GC(6)   Other: 0.1ms
[2024-02-02T12:15:36.402+0000][6.000s] GC(6) Eden regions: 85->0(124)
[2024-02-02T12:15:36.402+0000][6.000s] GC(6) Survivor regions: 5->10(12)
[2024-02-02T12:15:36.402+0000][6.000s] GC(6) Old regions: 17->17
[2024-02-02T12:15:36.402+0000][6.000s] GC(6) Humongous regions: 5->4
[2024-02-02T12:15:36.402+0000][6.000s] GC(6) Metaspace: 36919K(37312K)->36919K(37312K) NonClass: 32817K(33024K)->32817K(33024K) Class: 4101K(4288K)->4101K(4288K)
[2024-02-02T12:15:36.402+0000][6.000s] GC(6) Pause Young (Prepare Mixed) (G1 Evacuation Pause) 110M->29M(512M) 8.483ms
[2024-02-02T12:15:36.402+0000][6.000s] GC(6) User=0.02s Sys=0.00s Real=0.01s
[2024-02-02T12:15:36.443+0000][6.041s] GC(7) Pause Young (Mixed) (Metadata GC Threshold)
[2024-02-02T12:15:36.444+0000][6.041s] GC(7) Using 2 workers of 2 for evacuation
[2024-02-02T12:15:36.466+0000][6.064s] GC(7)   Pre Evacuate Collection Set: 7.3ms
[2024-02-02T12:15:36.466+0000][6.064s] GC(7)   Merge Heap Roots: 0.0ms
[2024-02-02T12:15:36.466+0000][6.064s] GC(7)   Evacuate Collection Set: 14.6ms
[2024-02-02T12:15:36.466+0000][6.064s] GC(7)   Post Evacuate Collection Set: 0.8ms
[2024-02-02T12:15:36.466+0000][6.064s] GC(7)   Other: 0.2ms
[2024-02-02T12:15:36.467+0000][6.064s] GC(7) Eden regions: 3->0(111)
[2024-02-02T12:15:36.467+0000][6.064s] GC(7) Survivor regions: 10->8(17)
[2024-02-02T12:15:36.467+0000][6.064s] GC(7) Old regions: 17->19
[2024-02-02T12:15:36.467+0000][6.064s] GC(7) Humongous regions: 4->4
[2024-02-02T12:15:36.467+0000][6.064s] GC(7) Metaspace: 37115K(37568K)->37115K(37568K) NonClass: 32985K(33216K)->32985K(33216K) Class: 4130K(4352K)->4130K(4352K)
[2024-02-02T12:15:36.467+0000][6.064s] GC(7) Pause Young (Mixed) (Metadata GC Threshold) 31M->30M(512M) 23.152ms
[2024-02-02T12:15:36.467+0000][6.064s] GC(7) User=0.02s Sys=0.00s Real=0.03s
[2024-02-02T12:15:36.556+0000][6.153s] GC(8) Pause Young (Concurrent Start) (Metadata GC Threshold)
[2024-02-02T12:15:36.556+0000][6.153s] GC(8) Using 2 workers of 2 for evacuation
[2024-02-02T12:15:36.562+0000][6.159s] GC(8)   Pre Evacuate Collection Set: 0.2ms
[2024-02-02T12:15:36.562+0000][6.159s] GC(8)   Merge Heap Roots: 0.0ms
[2024-02-02T12:15:36.562+0000][6.159s] GC(8)   Evacuate Collection Set: 5.5ms
[2024-02-02T12:15:36.562+0000][6.159s] GC(8)   Post Evacuate Collection Set: 0.5ms
[2024-02-02T12:15:36.562+0000][6.159s] GC(8)   Other: 0.1ms
[2024-02-02T12:15:36.562+0000][6.159s] GC(8) Eden regions: 2->0(165)
[2024-02-02T12:15:36.562+0000][6.159s] GC(8) Survivor regions: 8->8(15)
[2024-02-02T12:15:36.562+0000][6.159s] GC(8) Old regions: 19->19
[2024-02-02T12:15:36.562+0000][6.159s] GC(8) Humongous regions: 4->4
[2024-02-02T12:15:36.562+0000][6.159s] GC(8) Metaspace: 37469K(37888K)->37469K(37888K) NonClass: 33287K(33536K)->33287K(33536K) Class: 4182K(4352K)->4182K(4352K)
[2024-02-02T12:15:36.562+0000][6.160s] GC(8) Pause Young (Concurrent Start) (Metadata GC Threshold) 32M->30M(512M) 6.637ms
[2024-02-02T12:15:36.562+0000][6.160s] GC(8) User=0.01s Sys=0.00s Real=0.01s
[2024-02-02T12:15:36.562+0000][6.160s] GC(9) Concurrent Mark Cycle
[2024-02-02T12:15:36.562+0000][6.160s] GC(9) Concurrent Scan Root Regions
[2024-02-02T12:15:36.567+0000][6.164s] GC(9) Concurrent Scan Root Regions 4.469ms
[2024-02-02T12:15:36.567+0000][6.164s] GC(9) Concurrent Mark
[2024-02-02T12:15:36.567+0000][6.164s] GC(9) Concurrent Mark From Roots
[2024-02-02T12:15:36.567+0000][6.164s] GC(9) Using 1 workers of 1 for marking
[2024-02-02T12:15:36.600+0000][6.197s] GC(9) Concurrent Mark From Roots 32.753ms
[2024-02-02T12:15:36.600+0000][6.197s] GC(9) Concurrent Preclean
[2024-02-02T12:15:36.600+0000][6.197s] GC(9) Concurrent Preclean 0.076ms
[2024-02-02T12:15:36.600+0000][6.197s] GC(9) Pause Remark
[2024-02-02T12:15:36.606+0000][6.203s] GC(9) Pause Remark 33M->33M(512M) 6.061ms
[2024-02-02T12:15:36.606+0000][6.203s] GC(9) User=0.01s Sys=0.01s Real=0.01s
[2024-02-02T12:15:36.606+0000][6.203s] GC(9) Concurrent Mark 39.226ms
[2024-02-02T12:15:36.606+0000][6.203s] GC(9) Concurrent Rebuild Remembered Sets and Scrub Regions
[2024-02-02T12:15:36.617+0000][6.214s] GC(9) Concurrent Rebuild Remembered Sets and Scrub Regions 10.816ms
[2024-02-02T12:15:36.617+0000][6.214s] GC(9) Pause Cleanup
[2024-02-02T12:15:36.617+0000][6.215s] GC(9) Pause Cleanup 33M->33M(512M) 0.132ms
[2024-02-02T12:15:36.617+0000][6.215s] GC(9) User=0.00s Sys=0.00s Real=0.00s
[2024-02-02T12:15:36.617+0000][6.215s] GC(9) Concurrent Clear Claimed Marks
[2024-02-02T12:15:36.617+0000][6.215s] GC(9) Concurrent Clear Claimed Marks 0.047ms
[2024-02-02T12:15:36.617+0000][6.215s] GC(9) Concurrent Cleanup for Next Mark
[2024-02-02T12:15:36.618+0000][6.216s] GC(9) Concurrent Cleanup for Next Mark 0.885ms
[2024-02-02T12:15:36.618+0000][6.216s] GC(9) Concurrent Mark Cycle 55.961ms
[2024-02-02T12:17:11.520+0000][101.117s] GC(10) Pause Young (Prepare Mixed) (G1 Evacuation Pause)
[2024-02-02T12:17:11.520+0000][101.117s] GC(10) Using 2 workers of 2 for evacuation
[2024-02-02T12:17:11.534+0000][101.131s] GC(10)   Pre Evacuate Collection Set: 0.1ms
[2024-02-02T12:17:11.534+0000][101.132s] GC(10)   Merge Heap Roots: 0.1ms
[2024-02-02T12:17:11.534+0000][101.132s] GC(10)   Evacuate Collection Set: 13.1ms
[2024-02-02T12:17:11.534+0000][101.132s] GC(10)   Post Evacuate Collection Set: 0.8ms
[2024-02-02T12:17:11.534+0000][101.132s] GC(10)   Other: 0.1ms
[2024-02-02T12:17:11.534+0000][101.132s] GC(10) Eden regions: 159->0(286)
[2024-02-02T12:17:11.534+0000][101.132s] GC(10) Survivor regions: 8->16(21)
[2024-02-02T12:17:11.534+0000][101.132s] GC(10) Old regions: 19->19
[2024-02-02T12:17:11.534+0000][101.132s] GC(10) Humongous regions: 4->4
[2024-02-02T12:17:11.534+0000][101.132s] GC(10) Metaspace: 49181K(49728K)->49181K(49728K) NonClass: 43440K(43712K)->43440K(43712K) Class: 5740K(6016K)->5740K(6016K)
[2024-02-02T12:17:11.534+0000][101.132s] GC(10) Pause Young (Prepare Mixed) (G1 Evacuation Pause) 189M->38M(512M) 14.385ms
[2024-02-02T12:17:11.534+0000][101.132s] GC(10) User=0.03s Sys=0.00s Real=0.01s
[2024-02-02T12:18:47.355+0000][196.952s] Heap
[2024-02-02T12:18:47.355+0000][196.952s]  garbage-first heap   total 524288K, used 59966K [0x00000000e0000000, 0x0000000100000000)
[2024-02-02T12:18:47.355+0000][196.952s]   region size 1024K, 37 young (37888K), 16 survivors (16384K)
[2024-02-02T12:18:47.355+0000][196.952s]  Metaspace       used 49602K, committed 50176K, reserved 1114112K
[2024-02-02T12:18:47.355+0000][196.952s]   class space    used 5771K, committed 6016K, reserved 1048576K
