[2024-02-03T22:26:06.042+0000][0.007s] CardTable entry size: 512
[2024-02-03T22:26:06.042+0000][0.008s] Using G1
[2024-02-03T22:26:06.098+0000][0.063s] Version: 21.0.1+12-LTS (release)
[2024-02-03T22:26:06.098+0000][0.064s] CPUs: 2 total, 2 available
[2024-02-03T22:26:06.098+0000][0.064s] Memory: 7929M
[2024-02-03T22:26:06.098+0000][0.064s] Large Page Support: Disabled
[2024-02-03T22:26:06.098+0000][0.064s] NUMA Support: Disabled
[2024-02-03T22:26:06.098+0000][0.064s] Compressed Oops: Enabled (32-bit)
[2024-02-03T22:26:06.098+0000][0.064s] Heap Region Size: 1M
[2024-02-03T22:26:06.098+0000][0.064s] Heap Min Capacity: 512M
[2024-02-03T22:26:06.098+0000][0.064s] Heap Initial Capacity: 512M
[2024-02-03T22:26:06.098+0000][0.064s] Heap Max Capacity: 512M
[2024-02-03T22:26:06.098+0000][0.064s] Pre-touch: Enabled
[2024-02-03T22:26:06.098+0000][0.064s] Parallel Workers: 2
[2024-02-03T22:26:06.098+0000][0.064s] Concurrent Workers: 1
[2024-02-03T22:26:06.099+0000][0.064s] Concurrent Refinement Workers: 2
[2024-02-03T22:26:06.099+0000][0.064s] Periodic GC: Disabled
[2024-02-03T22:26:06.107+0000][0.073s] CDS archive(s) mapped at: [0x00007f489f000000-0x00007f489fca8000-0x00007f489fca8000), size 13271040, SharedBaseAddress: 0x00007f489f000000, ArchiveRelocationMode: 1.
[2024-02-03T22:26:06.107+0000][0.073s] Compressed class space mapped at: 0x00007f48a0000000-0x00007f48e0000000, reserved size: 1073741824
[2024-02-03T22:26:06.108+0000][0.073s] Narrow klass base: 0x00007f489f000000, Narrow klass shift: 0, Narrow klass range: 0x100000000
[2024-02-03T22:26:07.593+0000][1.559s] GC(0) Pause Young (Normal) (G1 Evacuation Pause)
[2024-02-03T22:26:07.593+0000][1.559s] GC(0) Using 2 workers of 2 for evacuation
[2024-02-03T22:26:07.602+0000][1.567s] GC(0)   Pre Evacuate Collection Set: 0.4ms
[2024-02-03T22:26:07.602+0000][1.567s] GC(0)   Merge Heap Roots: 0.0ms
[2024-02-03T22:26:07.602+0000][1.567s] GC(0)   Evacuate Collection Set: 7.4ms
[2024-02-03T22:26:07.602+0000][1.567s] GC(0)   Post Evacuate Collection Set: 0.3ms
[2024-02-03T22:26:07.602+0000][1.567s] GC(0)   Other: 0.1ms
[2024-02-03T22:26:07.602+0000][1.567s] GC(0) Eden regions: 25->0(21)
[2024-02-03T22:26:07.602+0000][1.567s] GC(0) Survivor regions: 0->4(4)
[2024-02-03T22:26:07.602+0000][1.567s] GC(0) Old regions: 2->2
[2024-02-03T22:26:07.602+0000][1.567s] GC(0) Humongous regions: 0->0
[2024-02-03T22:26:07.602+0000][1.567s] GC(0) Metaspace: 7854K(8064K)->7854K(8064K) NonClass: 6952K(7104K)->6952K(7104K) Class: 902K(960K)->902K(960K)
[2024-02-03T22:26:07.602+0000][1.567s] GC(0) Pause Young (Normal) (G1 Evacuation Pause) 26M->4M(512M) 8.460ms
[2024-02-03T22:26:07.602+0000][1.567s] GC(0) User=0.01s Sys=0.00s Real=0.01s
[2024-02-03T22:26:08.254+0000][2.219s] GC(1) Pause Young (Normal) (G1 Evacuation Pause)
[2024-02-03T22:26:08.254+0000][2.219s] GC(1) Using 2 workers of 2 for evacuation
[2024-02-03T22:26:08.271+0000][2.236s] GC(1)   Pre Evacuate Collection Set: 0.2ms
[2024-02-03T22:26:08.271+0000][2.236s] GC(1)   Merge Heap Roots: 0.0ms
[2024-02-03T22:26:08.271+0000][2.236s] GC(1)   Evacuate Collection Set: 16.2ms
[2024-02-03T22:26:08.271+0000][2.237s] GC(1)   Post Evacuate Collection Set: 0.5ms
[2024-02-03T22:26:08.271+0000][2.237s] GC(1)   Other: 0.1ms
[2024-02-03T22:26:08.271+0000][2.237s] GC(1) Eden regions: 21->0(21)
[2024-02-03T22:26:08.271+0000][2.237s] GC(1) Survivor regions: 4->4(4)
[2024-02-03T22:26:08.271+0000][2.237s] GC(1) Old regions: 2->10
[2024-02-03T22:26:08.271+0000][2.237s] GC(1) Humongous regions: 4->4
[2024-02-03T22:26:08.271+0000][2.237s] GC(1) Metaspace: 13559K(13824K)->13559K(13824K) NonClass: 12008K(12160K)->12008K(12160K) Class: 1551K(1664K)->1551K(1664K)
[2024-02-03T22:26:08.271+0000][2.237s] GC(1) Pause Young (Normal) (G1 Evacuation Pause) 29M->16M(512M) 17.339ms
[2024-02-03T22:26:08.271+0000][2.237s] GC(1) User=0.03s Sys=0.00s Real=0.02s
[2024-02-03T22:26:08.693+0000][2.659s] GC(2) Pause Young (Normal) (G1 Evacuation Pause)
[2024-02-03T22:26:08.693+0000][2.659s] GC(2) Using 2 workers of 2 for evacuation
[2024-02-03T22:26:08.700+0000][2.665s] GC(2)   Pre Evacuate Collection Set: 0.1ms
[2024-02-03T22:26:08.700+0000][2.665s] GC(2)   Merge Heap Roots: 0.0ms
[2024-02-03T22:26:08.700+0000][2.665s] GC(2)   Evacuate Collection Set: 5.9ms
[2024-02-03T22:26:08.700+0000][2.665s] GC(2)   Post Evacuate Collection Set: 0.4ms
[2024-02-03T22:26:08.700+0000][2.665s] GC(2)   Other: 0.1ms
[2024-02-03T22:26:08.700+0000][2.665s] GC(2) Eden regions: 21->0(33)
[2024-02-03T22:26:08.700+0000][2.665s] GC(2) Survivor regions: 4->3(4)
[2024-02-03T22:26:08.700+0000][2.665s] GC(2) Old regions: 10->14
[2024-02-03T22:26:08.700+0000][2.665s] GC(2) Humongous regions: 4->4
[2024-02-03T22:26:08.700+0000][2.665s] GC(2) Metaspace: 19636K(20032K)->19636K(20032K) NonClass: 17375K(17600K)->17375K(17600K) Class: 2260K(2432K)->2260K(2432K)
[2024-02-03T22:26:08.700+0000][2.665s] GC(2) Pause Young (Normal) (G1 Evacuation Pause) 37M->19M(512M) 6.721ms
[2024-02-03T22:26:08.700+0000][2.665s] GC(2) User=0.02s Sys=0.00s Real=0.00s
[2024-02-03T22:26:08.866+0000][2.832s] GC(3) Pause Young (Normal) (G1 Evacuation Pause)
[2024-02-03T22:26:08.867+0000][2.832s] GC(3) Using 2 workers of 2 for evacuation
[2024-02-03T22:26:08.870+0000][2.835s] GC(3)   Pre Evacuate Collection Set: 0.1ms
[2024-02-03T22:26:08.870+0000][2.835s] GC(3)   Merge Heap Roots: 0.0ms
[2024-02-03T22:26:08.870+0000][2.835s] GC(3)   Evacuate Collection Set: 2.5ms
[2024-02-03T22:26:08.870+0000][2.835s] GC(3)   Post Evacuate Collection Set: 0.4ms
[2024-02-03T22:26:08.870+0000][2.835s] GC(3)   Other: 0.1ms
[2024-02-03T22:26:08.870+0000][2.835s] GC(3) Eden regions: 34->0(304)
[2024-02-03T22:26:08.870+0000][2.835s] GC(3) Survivor regions: 3->3(5)
[2024-02-03T22:26:08.870+0000][2.835s] GC(3) Old regions: 14->17
[2024-02-03T22:26:08.870+0000][2.835s] GC(3) Humongous regions: 4->4
[2024-02-03T22:26:08.870+0000][2.835s] GC(3) Metaspace: 19745K(20160K)->19745K(20160K) NonClass: 17484K(17728K)->17484K(17728K) Class: 2261K(2432K)->2261K(2432K)
[2024-02-03T22:26:08.870+0000][2.835s] GC(3) Pause Young (Normal) (G1 Evacuation Pause) 53M->21M(512M) 3.404ms
[2024-02-03T22:26:08.870+0000][2.835s] GC(3) User=0.01s Sys=0.00s Real=0.01s
[2024-02-03T22:26:09.144+0000][3.109s] GC(4) Pause Young (Concurrent Start) (Metadata GC Threshold)
[2024-02-03T22:26:09.144+0000][3.109s] GC(4) Using 2 workers of 2 for evacuation
[2024-02-03T22:26:09.147+0000][3.112s] GC(4)   Pre Evacuate Collection Set: 0.1ms
[2024-02-03T22:26:09.147+0000][3.112s] GC(4)   Merge Heap Roots: 0.0ms
[2024-02-03T22:26:09.147+0000][3.112s] GC(4)   Evacuate Collection Set: 1.8ms
[2024-02-03T22:26:09.147+0000][3.112s] GC(4)   Post Evacuate Collection Set: 0.3ms
[2024-02-03T22:26:09.147+0000][3.112s] GC(4)   Other: 0.1ms
[2024-02-03T22:26:09.147+0000][3.112s] GC(4) Eden regions: 41->0(99)
[2024-02-03T22:26:09.147+0000][3.112s] GC(4) Survivor regions: 3->5(39)
[2024-02-03T22:26:09.147+0000][3.112s] GC(4) Old regions: 17->17
[2024-02-03T22:26:09.147+0000][3.112s] GC(4) Humongous regions: 4->4
[2024-02-03T22:26:09.147+0000][3.112s] GC(4) Metaspace: 21089K(21504K)->21089K(21504K) NonClass: 18699K(18944K)->18699K(18944K) Class: 2389K(2560K)->2389K(2560K)
[2024-02-03T22:26:09.147+0000][3.112s] GC(4) Pause Young (Concurrent Start) (Metadata GC Threshold) 62M->23M(512M) 2.731ms
[2024-02-03T22:26:09.147+0000][3.112s] GC(4) User=0.00s Sys=0.00s Real=0.00s
[2024-02-03T22:26:09.147+0000][3.112s] GC(5) Concurrent Mark Cycle
[2024-02-03T22:26:09.147+0000][3.112s] GC(5) Concurrent Scan Root Regions
[2024-02-03T22:26:09.152+0000][3.117s] GC(5) Concurrent Scan Root Regions 5.189ms
[2024-02-03T22:26:09.152+0000][3.117s] GC(5) Concurrent Mark
[2024-02-03T22:26:09.152+0000][3.117s] GC(5) Concurrent Mark From Roots
[2024-02-03T22:26:09.152+0000][3.117s] GC(5) Using 1 workers of 1 for marking
[2024-02-03T22:26:09.179+0000][3.144s] GC(5) Concurrent Mark From Roots 26.684ms
[2024-02-03T22:26:09.179+0000][3.144s] GC(5) Concurrent Preclean
[2024-02-03T22:26:09.179+0000][3.144s] GC(5) Concurrent Preclean 0.034ms
[2024-02-03T22:26:09.179+0000][3.144s] GC(5) Pause Remark
[2024-02-03T22:26:09.183+0000][3.148s] GC(5) Pause Remark 24M->24M(512M) 3.569ms
[2024-02-03T22:26:09.183+0000][3.148s] GC(5) User=0.01s Sys=0.00s Real=0.01s
[2024-02-03T22:26:09.183+0000][3.148s] GC(5) Concurrent Mark 30.643ms
[2024-02-03T22:26:09.183+0000][3.148s] GC(5) Concurrent Rebuild Remembered Sets and Scrub Regions
[2024-02-03T22:26:09.193+0000][3.158s] GC(5) Concurrent Rebuild Remembered Sets and Scrub Regions 9.677ms
[2024-02-03T22:26:09.193+0000][3.158s] GC(5) Pause Cleanup
[2024-02-03T22:26:09.193+0000][3.158s] GC(5) Pause Cleanup 24M->24M(512M) 0.110ms
[2024-02-03T22:26:09.193+0000][3.158s] GC(5) User=0.00s Sys=0.00s Real=0.00s
[2024-02-03T22:26:09.193+0000][3.158s] GC(5) Concurrent Clear Claimed Marks
[2024-02-03T22:26:09.193+0000][3.158s] GC(5) Concurrent Clear Claimed Marks 0.037ms
[2024-02-03T22:26:09.193+0000][3.158s] GC(5) Concurrent Cleanup for Next Mark
[2024-02-03T22:26:09.194+0000][3.159s] GC(5) Concurrent Cleanup for Next Mark 0.540ms
[2024-02-03T22:26:09.194+0000][3.159s] GC(5) Concurrent Mark Cycle 46.648ms
[2024-02-03T22:26:11.098+0000][5.063s] GC(6) Pause Young (Prepare Mixed) (Metadata GC Threshold)
[2024-02-03T22:26:11.098+0000][5.064s] GC(6) Using 2 workers of 2 for evacuation
[2024-02-03T22:26:11.106+0000][5.071s] GC(6)   Pre Evacuate Collection Set: 0.1ms
[2024-02-03T22:26:11.106+0000][5.071s] GC(6)   Merge Heap Roots: 0.0ms
[2024-02-03T22:26:11.106+0000][5.071s] GC(6)   Evacuate Collection Set: 6.8ms
[2024-02-03T22:26:11.106+0000][5.071s] GC(6)   Post Evacuate Collection Set: 0.5ms
[2024-02-03T22:26:11.106+0000][5.071s] GC(6)   Other: 0.1ms
[2024-02-03T22:26:11.106+0000][5.071s] GC(6) Eden regions: 88->0(126)
[2024-02-03T22:26:11.106+0000][5.072s] GC(6) Survivor regions: 5->11(13)
[2024-02-03T22:26:11.106+0000][5.072s] GC(6) Old regions: 17->17
[2024-02-03T22:26:11.106+0000][5.072s] GC(6) Humongous regions: 5->4
[2024-02-03T22:26:11.106+0000][5.072s] GC(6) Metaspace: 37087K(37568K)->37087K(37568K) NonClass: 32955K(33216K)->32955K(33216K) Class: 4131K(4352K)->4131K(4352K)
[2024-02-03T22:26:11.106+0000][5.072s] GC(6) Pause Young (Prepare Mixed) (Metadata GC Threshold) 112M->29M(512M) 8.175ms
[2024-02-03T22:26:11.106+0000][5.072s] GC(6) User=0.01s Sys=0.00s Real=0.01s
[2024-02-03T22:26:11.134+0000][5.099s] GC(7) Pause Young (Mixed) (Metadata GC Threshold)
[2024-02-03T22:26:11.134+0000][5.100s] GC(7) Using 2 workers of 2 for evacuation
[2024-02-03T22:26:11.141+0000][5.106s] GC(7)   Pre Evacuate Collection Set: 0.1ms
[2024-02-03T22:26:11.141+0000][5.106s] GC(7)   Merge Heap Roots: 0.0ms
[2024-02-03T22:26:11.141+0000][5.106s] GC(7)   Evacuate Collection Set: 6.2ms
[2024-02-03T22:26:11.141+0000][5.107s] GC(7)   Post Evacuate Collection Set: 0.4ms
[2024-02-03T22:26:11.141+0000][5.107s] GC(7)   Other: 0.1ms
[2024-02-03T22:26:11.141+0000][5.107s] GC(7) Eden regions: 2->0(116)
[2024-02-03T22:26:11.141+0000][5.107s] GC(7) Survivor regions: 11->8(18)
[2024-02-03T22:26:11.141+0000][5.107s] GC(7) Old regions: 17->18
[2024-02-03T22:26:11.141+0000][5.107s] GC(7) Humongous regions: 4->4
[2024-02-03T22:26:11.141+0000][5.107s] GC(7) Metaspace: 37433K(37888K)->37433K(37888K) NonClass: 33251K(33536K)->33251K(33536K) Class: 4182K(4352K)->4182K(4352K)
[2024-02-03T22:26:11.141+0000][5.107s] GC(7) Pause Young (Mixed) (Metadata GC Threshold) 31M->29M(512M) 7.362ms
[2024-02-03T22:26:11.141+0000][5.107s] GC(7) User=0.01s Sys=0.01s Real=0.01s
[2024-02-03T22:26:11.172+0000][5.138s] GC(8) Pause Young (Concurrent Start) (Metadata GC Threshold)
[2024-02-03T22:26:11.172+0000][5.138s] GC(8) Using 2 workers of 2 for evacuation
[2024-02-03T22:26:11.178+0000][5.143s] GC(8)   Pre Evacuate Collection Set: 0.1ms
[2024-02-03T22:26:11.178+0000][5.144s] GC(8)   Merge Heap Roots: 0.0ms
[2024-02-03T22:26:11.178+0000][5.144s] GC(8)   Evacuate Collection Set: 5.3ms
[2024-02-03T22:26:11.178+0000][5.144s] GC(8)   Post Evacuate Collection Set: 0.4ms
[2024-02-03T22:26:11.178+0000][5.144s] GC(8)   Other: 0.1ms
[2024-02-03T22:26:11.178+0000][5.144s] GC(8) Eden regions: 4->0(166)
[2024-02-03T22:26:11.178+0000][5.144s] GC(8) Survivor regions: 8->9(16)
[2024-02-03T22:26:11.178+0000][5.144s] GC(8) Old regions: 18->18
[2024-02-03T22:26:11.178+0000][5.144s] GC(8) Humongous regions: 4->4
[2024-02-03T22:26:11.178+0000][5.144s] GC(8) Metaspace: 37788K(38208K)->37788K(38208K) NonClass: 33564K(33792K)->33564K(33792K) Class: 4224K(4416K)->4224K(4416K)
[2024-02-03T22:26:11.178+0000][5.144s] GC(8) Pause Young (Concurrent Start) (Metadata GC Threshold) 33M->30M(512M) 6.235ms
[2024-02-03T22:26:11.179+0000][5.144s] GC(8) User=0.01s Sys=0.00s Real=0.00s
[2024-02-03T22:26:11.179+0000][5.144s] GC(9) Concurrent Mark Cycle
[2024-02-03T22:26:11.179+0000][5.144s] GC(9) Concurrent Scan Root Regions
[2024-02-03T22:26:11.183+0000][5.148s] GC(9) Concurrent Scan Root Regions 4.268ms
[2024-02-03T22:26:11.183+0000][5.148s] GC(9) Concurrent Mark
[2024-02-03T22:26:11.183+0000][5.148s] GC(9) Concurrent Mark From Roots
[2024-02-03T22:26:11.183+0000][5.148s] GC(9) Using 1 workers of 1 for marking
[2024-02-03T22:26:11.233+0000][5.198s] GC(9) Concurrent Mark From Roots 49.980ms
[2024-02-03T22:26:11.233+0000][5.198s] GC(9) Concurrent Preclean
[2024-02-03T22:26:11.233+0000][5.198s] GC(9) Concurrent Preclean 0.055ms
[2024-02-03T22:26:11.233+0000][5.199s] GC(9) Pause Remark
[2024-02-03T22:26:11.241+0000][5.206s] GC(9) Pause Remark 32M->32M(512M) 7.569ms
[2024-02-03T22:26:11.241+0000][5.206s] GC(9) User=0.01s Sys=0.00s Real=0.00s
[2024-02-03T22:26:11.241+0000][5.206s] GC(9) Concurrent Mark 58.187ms
[2024-02-03T22:26:11.241+0000][5.206s] GC(9) Concurrent Rebuild Remembered Sets and Scrub Regions
[2024-02-03T22:26:11.258+0000][5.223s] GC(9) Concurrent Rebuild Remembered Sets and Scrub Regions 16.959ms
[2024-02-03T22:26:11.258+0000][5.224s] GC(9) Pause Cleanup
[2024-02-03T22:26:11.258+0000][5.224s] GC(9) Pause Cleanup 33M->33M(512M) 0.112ms
[2024-02-03T22:26:11.258+0000][5.224s] GC(9) User=0.00s Sys=0.00s Real=0.00s
[2024-02-03T22:26:11.259+0000][5.224s] GC(9) Concurrent Clear Claimed Marks
[2024-02-03T22:26:11.259+0000][5.224s] GC(9) Concurrent Clear Claimed Marks 0.064ms
[2024-02-03T22:26:11.259+0000][5.224s] GC(9) Concurrent Cleanup for Next Mark
[2024-02-03T22:26:11.259+0000][5.224s] GC(9) Concurrent Cleanup for Next Mark 0.579ms
[2024-02-03T22:26:11.259+0000][5.225s] GC(9) Concurrent Mark Cycle 80.637ms
[2024-02-03T22:26:13.202+0000][7.167s] GC(10) Pause Young (Prepare Mixed) (G1 Evacuation Pause)
[2024-02-03T22:26:13.202+0000][7.168s] GC(10) Using 2 workers of 2 for evacuation
[2024-02-03T22:26:13.221+0000][7.187s] GC(10)   Pre Evacuate Collection Set: 0.1ms
[2024-02-03T22:26:13.221+0000][7.187s] GC(10)   Merge Heap Roots: 0.1ms
[2024-02-03T22:26:13.221+0000][7.187s] GC(10)   Evacuate Collection Set: 17.8ms
[2024-02-03T22:26:13.222+0000][7.187s] GC(10)   Post Evacuate Collection Set: 1.1ms
[2024-02-03T22:26:13.222+0000][7.187s] GC(10)   Other: 0.1ms
[2024-02-03T22:26:13.222+0000][7.187s] GC(10) Eden regions: 158->0(270)
[2024-02-03T22:26:13.222+0000][7.187s] GC(10) Survivor regions: 9->19(21)
[2024-02-03T22:26:13.222+0000][7.187s] GC(10) Old regions: 18->18
[2024-02-03T22:26:13.222+0000][7.187s] GC(10) Humongous regions: 4->4
[2024-02-03T22:26:13.222+0000][7.187s] GC(10) Metaspace: 53515K(54208K)->53515K(54208K) NonClass: 47106K(47488K)->47106K(47488K) Class: 6409K(6720K)->6409K(6720K)
[2024-02-03T22:26:13.222+0000][7.187s] GC(10) Pause Young (Prepare Mixed) (G1 Evacuation Pause) 188M->40M(512M) 19.423ms
[2024-02-03T22:26:13.222+0000][7.187s] GC(10) User=0.04s Sys=0.00s Real=0.02s
[2024-02-03T22:51:04.549+0000][1498.514s] Heap
[2024-02-03T22:51:04.549+0000][1498.514s]  garbage-first heap   total 524288K, used 240323K [0x00000000e0000000, 0x0000000100000000)
[2024-02-03T22:51:04.549+0000][1498.514s]   region size 1024K, 213 young (218112K), 19 survivors (19456K)
[2024-02-03T22:51:04.549+0000][1498.514s]  Metaspace       used 59496K, committed 60224K, reserved 1114112K
[2024-02-03T22:51:04.549+0000][1498.514s]   class space    used 7030K, committed 7360K, reserved 1048576K
