[2024-02-03T19:33:55.561+0000][0.007s] CardTable entry size: 512
[2024-02-03T19:33:55.562+0000][0.008s] Using G1
[2024-02-03T19:33:55.724+0000][0.170s] Version: 21.0.1+12-LTS (release)
[2024-02-03T19:33:55.724+0000][0.170s] CPUs: 2 total, 2 available
[2024-02-03T19:33:55.725+0000][0.171s] Memory: 7929M
[2024-02-03T19:33:55.725+0000][0.171s] Large Page Support: Disabled
[2024-02-03T19:33:55.725+0000][0.171s] NUMA Support: Disabled
[2024-02-03T19:33:55.725+0000][0.171s] Compressed Oops: Enabled (32-bit)
[2024-02-03T19:33:55.725+0000][0.171s] Heap Region Size: 1M
[2024-02-03T19:33:55.725+0000][0.171s] Heap Min Capacity: 512M
[2024-02-03T19:33:55.725+0000][0.171s] Heap Initial Capacity: 512M
[2024-02-03T19:33:55.725+0000][0.171s] Heap Max Capacity: 512M
[2024-02-03T19:33:55.725+0000][0.171s] Pre-touch: Enabled
[2024-02-03T19:33:55.725+0000][0.171s] Parallel Workers: 2
[2024-02-03T19:33:55.725+0000][0.171s] Concurrent Workers: 1
[2024-02-03T19:33:55.725+0000][0.171s] Concurrent Refinement Workers: 2
[2024-02-03T19:33:55.725+0000][0.171s] Periodic GC: Disabled
[2024-02-03T19:33:55.733+0000][0.179s] CDS archive(s) mapped at: [0x00007f059b000000-0x00007f059bca8000-0x00007f059bca8000), size 13271040, SharedBaseAddress: 0x00007f059b000000, ArchiveRelocationMode: 1.
[2024-02-03T19:33:55.733+0000][0.179s] Compressed class space mapped at: 0x00007f059c000000-0x00007f05dc000000, reserved size: 1073741824
[2024-02-03T19:33:55.733+0000][0.179s] Narrow klass base: 0x00007f059b000000, Narrow klass shift: 0, Narrow klass range: 0x100000000
[2024-02-03T19:33:57.173+0000][1.619s] GC(0) Pause Young (Normal) (G1 Evacuation Pause)
[2024-02-03T19:33:57.173+0000][1.620s] GC(0) Using 2 workers of 2 for evacuation
[2024-02-03T19:33:57.178+0000][1.624s] GC(0)   Pre Evacuate Collection Set: 0.1ms
[2024-02-03T19:33:57.178+0000][1.624s] GC(0)   Merge Heap Roots: 0.0ms
[2024-02-03T19:33:57.178+0000][1.624s] GC(0)   Evacuate Collection Set: 3.8ms
[2024-02-03T19:33:57.178+0000][1.624s] GC(0)   Post Evacuate Collection Set: 0.3ms
[2024-02-03T19:33:57.178+0000][1.624s] GC(0)   Other: 0.1ms
[2024-02-03T19:33:57.178+0000][1.624s] GC(0) Eden regions: 25->0(21)
[2024-02-03T19:33:57.178+0000][1.624s] GC(0) Survivor regions: 0->4(4)
[2024-02-03T19:33:57.178+0000][1.624s] GC(0) Old regions: 2->2
[2024-02-03T19:33:57.178+0000][1.624s] GC(0) Humongous regions: 0->0
[2024-02-03T19:33:57.178+0000][1.624s] GC(0) Metaspace: 7859K(8064K)->7859K(8064K) NonClass: 6957K(7104K)->6957K(7104K) Class: 902K(960K)->902K(960K)
[2024-02-03T19:33:57.178+0000][1.624s] GC(0) Pause Young (Normal) (G1 Evacuation Pause) 26M->4M(512M) 4.524ms
[2024-02-03T19:33:57.178+0000][1.624s] GC(0) User=0.00s Sys=0.00s Real=0.01s
[2024-02-03T19:33:57.617+0000][2.063s] GC(1) Pause Young (Normal) (G1 Evacuation Pause)
[2024-02-03T19:33:57.617+0000][2.063s] GC(1) Using 2 workers of 2 for evacuation
[2024-02-03T19:33:57.632+0000][2.079s] GC(1)   Pre Evacuate Collection Set: 0.2ms
[2024-02-03T19:33:57.632+0000][2.079s] GC(1)   Merge Heap Roots: 0.1ms
[2024-02-03T19:33:57.633+0000][2.079s] GC(1)   Evacuate Collection Set: 14.9ms
[2024-02-03T19:33:57.633+0000][2.079s] GC(1)   Post Evacuate Collection Set: 0.4ms
[2024-02-03T19:33:57.633+0000][2.079s] GC(1)   Other: 0.1ms
[2024-02-03T19:33:57.633+0000][2.079s] GC(1) Eden regions: 21->0(21)
[2024-02-03T19:33:57.633+0000][2.079s] GC(1) Survivor regions: 4->4(4)
[2024-02-03T19:33:57.633+0000][2.079s] GC(1) Old regions: 2->10
[2024-02-03T19:33:57.633+0000][2.079s] GC(1) Humongous regions: 4->4
[2024-02-03T19:33:57.633+0000][2.079s] GC(1) Metaspace: 13402K(13696K)->13402K(13696K) NonClass: 11864K(12032K)->11864K(12032K) Class: 1538K(1664K)->1538K(1664K)
[2024-02-03T19:33:57.633+0000][2.079s] GC(1) Pause Young (Normal) (G1 Evacuation Pause) 29M->16M(512M) 15.890ms
[2024-02-03T19:33:57.633+0000][2.079s] GC(1) User=0.03s Sys=0.00s Real=0.01s
[2024-02-03T19:33:58.079+0000][2.525s] GC(2) Pause Young (Normal) (G1 Evacuation Pause)
[2024-02-03T19:33:58.079+0000][2.525s] GC(2) Using 2 workers of 2 for evacuation
[2024-02-03T19:33:58.092+0000][2.538s] GC(2)   Pre Evacuate Collection Set: 0.2ms
[2024-02-03T19:33:58.092+0000][2.538s] GC(2)   Merge Heap Roots: 0.1ms
[2024-02-03T19:33:58.092+0000][2.538s] GC(2)   Evacuate Collection Set: 12.4ms
[2024-02-03T19:33:58.092+0000][2.538s] GC(2)   Post Evacuate Collection Set: 0.4ms
[2024-02-03T19:33:58.092+0000][2.538s] GC(2)   Other: 0.1ms
[2024-02-03T19:33:58.092+0000][2.538s] GC(2) Eden regions: 21->0(38)
[2024-02-03T19:33:58.092+0000][2.538s] GC(2) Survivor regions: 4->3(4)
[2024-02-03T19:33:58.092+0000][2.538s] GC(2) Old regions: 10->14
[2024-02-03T19:33:58.092+0000][2.538s] GC(2) Humongous regions: 4->4
[2024-02-03T19:33:58.092+0000][2.538s] GC(2) Metaspace: 19579K(19968K)->19579K(19968K) NonClass: 17320K(17536K)->17320K(17536K) Class: 2258K(2432K)->2258K(2432K)
[2024-02-03T19:33:58.092+0000][2.538s] GC(2) Pause Young (Normal) (G1 Evacuation Pause) 37M->19M(512M) 13.459ms
[2024-02-03T19:33:58.092+0000][2.538s] GC(2) User=0.03s Sys=0.00s Real=0.01s
[2024-02-03T19:33:58.337+0000][2.783s] GC(3) Pause Young (Normal) (G1 Evacuation Pause)
[2024-02-03T19:33:58.337+0000][2.783s] GC(3) Using 2 workers of 2 for evacuation
[2024-02-03T19:33:58.340+0000][2.786s] GC(3)   Pre Evacuate Collection Set: 0.2ms
[2024-02-03T19:33:58.340+0000][2.786s] GC(3)   Merge Heap Roots: 0.0ms
[2024-02-03T19:33:58.340+0000][2.786s] GC(3)   Evacuate Collection Set: 2.4ms
[2024-02-03T19:33:58.340+0000][2.786s] GC(3)   Post Evacuate Collection Set: 0.3ms
[2024-02-03T19:33:58.340+0000][2.786s] GC(3)   Other: 0.1ms
[2024-02-03T19:33:58.340+0000][2.786s] GC(3) Eden regions: 40->0(270)
[2024-02-03T19:33:58.340+0000][2.786s] GC(3) Survivor regions: 3->6(6)
[2024-02-03T19:33:58.340+0000][2.786s] GC(3) Old regions: 14->14
[2024-02-03T19:33:58.340+0000][2.786s] GC(3) Humongous regions: 4->4
[2024-02-03T19:33:58.340+0000][2.786s] GC(3) Metaspace: 19709K(20096K)->19709K(20096K) NonClass: 17448K(17664K)->17448K(17664K) Class: 2261K(2432K)->2261K(2432K)
[2024-02-03T19:33:58.340+0000][2.786s] GC(3) Pause Young (Normal) (G1 Evacuation Pause) 59M->22M(512M) 3.251ms
[2024-02-03T19:33:58.340+0000][2.786s] GC(3) User=0.01s Sys=0.00s Real=0.00s
[2024-02-03T19:33:58.562+0000][3.008s] GC(4) Pause Young (Concurrent Start) (Metadata GC Threshold)
[2024-02-03T19:33:58.562+0000][3.008s] GC(4) Using 2 workers of 2 for evacuation
[2024-02-03T19:33:58.567+0000][3.013s] GC(4)   Pre Evacuate Collection Set: 0.1ms
[2024-02-03T19:33:58.567+0000][3.013s] GC(4)   Merge Heap Roots: 0.0ms
[2024-02-03T19:33:58.567+0000][3.013s] GC(4)   Evacuate Collection Set: 3.9ms
[2024-02-03T19:33:58.567+0000][3.013s] GC(4)   Post Evacuate Collection Set: 0.4ms
[2024-02-03T19:33:58.567+0000][3.013s] GC(4)   Other: 0.1ms
[2024-02-03T19:33:58.567+0000][3.013s] GC(4) Eden regions: 35->0(81)
[2024-02-03T19:33:58.567+0000][3.013s] GC(4) Survivor regions: 6->8(37)
[2024-02-03T19:33:58.567+0000][3.013s] GC(4) Old regions: 14->14
[2024-02-03T19:33:58.567+0000][3.013s] GC(4) Humongous regions: 4->4
[2024-02-03T19:33:58.567+0000][3.013s] GC(4) Metaspace: 21103K(21504K)->21103K(21504K) NonClass: 18706K(18944K)->18706K(18944K) Class: 2396K(2560K)->2396K(2560K)
[2024-02-03T19:33:58.567+0000][3.013s] GC(4) Pause Young (Concurrent Start) (Metadata GC Threshold) 57M->24M(512M) 4.727ms
[2024-02-03T19:33:58.567+0000][3.013s] GC(4) User=0.01s Sys=0.00s Real=0.00s
[2024-02-03T19:33:58.567+0000][3.013s] GC(5) Concurrent Mark Cycle
[2024-02-03T19:33:58.568+0000][3.014s] GC(5) Concurrent Scan Root Regions
[2024-02-03T19:33:58.571+0000][3.017s] GC(5) Concurrent Scan Root Regions 2.469ms
[2024-02-03T19:33:58.571+0000][3.017s] GC(5) Concurrent Mark
[2024-02-03T19:33:58.571+0000][3.017s] GC(5) Concurrent Mark From Roots
[2024-02-03T19:33:58.571+0000][3.017s] GC(5) Using 1 workers of 1 for marking
[2024-02-03T19:33:58.596+0000][3.042s] GC(5) Concurrent Mark From Roots 25.544ms
[2024-02-03T19:33:58.596+0000][3.042s] GC(5) Concurrent Preclean
[2024-02-03T19:33:58.596+0000][3.042s] GC(5) Concurrent Preclean 0.035ms
[2024-02-03T19:33:58.597+0000][3.043s] GC(5) Pause Remark
[2024-02-03T19:33:58.601+0000][3.047s] GC(5) Pause Remark 25M->25M(512M) 3.781ms
[2024-02-03T19:33:58.601+0000][3.047s] GC(5) User=0.00s Sys=0.00s Real=0.00s
[2024-02-03T19:33:58.601+0000][3.047s] GC(5) Concurrent Mark 29.944ms
[2024-02-03T19:33:58.601+0000][3.047s] GC(5) Concurrent Rebuild Remembered Sets and Scrub Regions
[2024-02-03T19:33:58.611+0000][3.057s] GC(5) Concurrent Rebuild Remembered Sets and Scrub Regions 10.082ms
[2024-02-03T19:33:58.611+0000][3.057s] GC(5) Pause Cleanup
[2024-02-03T19:33:58.611+0000][3.057s] GC(5) Pause Cleanup 26M->26M(512M) 0.103ms
[2024-02-03T19:33:58.611+0000][3.057s] GC(5) User=0.00s Sys=0.00s Real=0.00s
[2024-02-03T19:33:58.611+0000][3.057s] GC(5) Concurrent Clear Claimed Marks
[2024-02-03T19:33:58.611+0000][3.057s] GC(5) Concurrent Clear Claimed Marks 0.030ms
[2024-02-03T19:33:58.611+0000][3.057s] GC(5) Concurrent Cleanup for Next Mark
[2024-02-03T19:33:58.612+0000][3.058s] GC(5) Concurrent Cleanup for Next Mark 0.427ms
[2024-02-03T19:33:58.612+0000][3.058s] GC(5) Concurrent Mark Cycle 44.609ms
[2024-02-03T19:34:00.301+0000][4.747s] GC(6) Pause Young (Prepare Mixed) (G1 Evacuation Pause)
[2024-02-03T19:34:00.301+0000][4.747s] GC(6) Using 2 workers of 2 for evacuation
[2024-02-03T19:34:00.323+0000][4.769s] GC(6)   Pre Evacuate Collection Set: 0.2ms
[2024-02-03T19:34:00.323+0000][4.769s] GC(6)   Merge Heap Roots: 0.0ms
[2024-02-03T19:34:00.323+0000][4.769s] GC(6)   Evacuate Collection Set: 20.9ms
[2024-02-03T19:34:00.323+0000][4.769s] GC(6)   Post Evacuate Collection Set: 0.6ms
[2024-02-03T19:34:00.323+0000][4.769s] GC(6)   Other: 0.1ms
[2024-02-03T19:34:00.323+0000][4.769s] GC(6) Eden regions: 80->0(109)
[2024-02-03T19:34:00.323+0000][4.769s] GC(6) Survivor regions: 8->10(11)
[2024-02-03T19:34:00.323+0000][4.769s] GC(6) Old regions: 14->17
[2024-02-03T19:34:00.323+0000][4.769s] GC(6) Humongous regions: 5->4
[2024-02-03T19:34:00.323+0000][4.769s] GC(6) Metaspace: 36862K(37376K)->36862K(37376K) NonClass: 32757K(33024K)->32757K(33024K) Class: 4104K(4352K)->4104K(4352K)
[2024-02-03T19:34:00.323+0000][4.769s] GC(6) Pause Young (Prepare Mixed) (G1 Evacuation Pause) 105M->29M(512M) 22.123ms
[2024-02-03T19:34:00.323+0000][4.769s] GC(6) User=0.03s Sys=0.00s Real=0.03s
[2024-02-03T19:34:00.588+0000][5.034s] GC(7) Pause Young (Mixed) (Metadata GC Threshold)
[2024-02-03T19:34:00.588+0000][5.034s] GC(7) Using 2 workers of 2 for evacuation
[2024-02-03T19:34:00.595+0000][5.041s] GC(7)   Pre Evacuate Collection Set: 0.1ms
[2024-02-03T19:34:00.595+0000][5.041s] GC(7)   Merge Heap Roots: 0.0ms
[2024-02-03T19:34:00.595+0000][5.041s] GC(7)   Evacuate Collection Set: 6.7ms
[2024-02-03T19:34:00.595+0000][5.041s] GC(7)   Post Evacuate Collection Set: 0.5ms
[2024-02-03T19:34:00.595+0000][5.041s] GC(7)   Other: 0.1ms
[2024-02-03T19:34:00.595+0000][5.041s] GC(7) Eden regions: 13->0(111)
[2024-02-03T19:34:00.595+0000][5.041s] GC(7) Survivor regions: 10->8(15)
[2024-02-03T19:34:00.595+0000][5.041s] GC(7) Old regions: 17->19
[2024-02-03T19:34:00.595+0000][5.041s] GC(7) Humongous regions: 4->4
[2024-02-03T19:34:00.595+0000][5.041s] GC(7) Metaspace: 38626K(39040K)->38626K(39040K) NonClass: 34269K(34496K)->34269K(34496K) Class: 4356K(4544K)->4356K(4544K)
[2024-02-03T19:34:00.595+0000][5.041s] GC(7) Pause Young (Mixed) (Metadata GC Threshold) 42M->30M(512M) 7.708ms
[2024-02-03T19:34:00.595+0000][5.041s] GC(7) User=0.01s Sys=0.00s Real=0.01s
[2024-02-03T19:34:00.669+0000][5.115s] GC(8) Pause Young (Concurrent Start) (Metadata GC Threshold)
[2024-02-03T19:34:00.669+0000][5.115s] GC(8) Using 2 workers of 2 for evacuation
[2024-02-03T19:34:00.684+0000][5.130s] GC(8)   Pre Evacuate Collection Set: 0.2ms
[2024-02-03T19:34:00.684+0000][5.130s] GC(8)   Merge Heap Roots: 0.0ms
[2024-02-03T19:34:00.684+0000][5.130s] GC(8)   Evacuate Collection Set: 13.6ms
[2024-02-03T19:34:00.684+0000][5.130s] GC(8)   Post Evacuate Collection Set: 0.6ms
[2024-02-03T19:34:00.684+0000][5.130s] GC(8)   Other: 0.1ms
[2024-02-03T19:34:00.684+0000][5.130s] GC(8) Eden regions: 3->0(152)
[2024-02-03T19:34:00.684+0000][5.130s] GC(8) Survivor regions: 8->8(15)
[2024-02-03T19:34:00.684+0000][5.130s] GC(8) Old regions: 19->20
[2024-02-03T19:34:00.684+0000][5.130s] GC(8) Humongous regions: 4->4
[2024-02-03T19:34:00.684+0000][5.130s] GC(8) Metaspace: 38897K(39360K)->38897K(39360K) NonClass: 34510K(34752K)->34510K(34752K) Class: 4386K(4608K)->4386K(4608K)
[2024-02-03T19:34:00.684+0000][5.130s] GC(8) Pause Young (Concurrent Start) (Metadata GC Threshold) 33M->31M(512M) 14.784ms
[2024-02-03T19:34:00.684+0000][5.130s] GC(8) User=0.01s Sys=0.00s Real=0.02s
[2024-02-03T19:34:00.686+0000][5.132s] GC(9) Concurrent Mark Cycle
[2024-02-03T19:34:00.686+0000][5.132s] GC(9) Concurrent Scan Root Regions
[2024-02-03T19:34:00.697+0000][5.143s] GC(9) Concurrent Scan Root Regions 11.726ms
[2024-02-03T19:34:00.697+0000][5.143s] GC(9) Concurrent Mark
[2024-02-03T19:34:00.697+0000][5.143s] GC(9) Concurrent Mark From Roots
[2024-02-03T19:34:00.697+0000][5.143s] GC(9) Using 1 workers of 1 for marking
[2024-02-03T19:34:00.779+0000][5.225s] GC(9) Concurrent Mark From Roots 81.896ms
[2024-02-03T19:34:00.779+0000][5.225s] GC(9) Concurrent Preclean
[2024-02-03T19:34:00.779+0000][5.225s] GC(9) Concurrent Preclean 0.067ms
[2024-02-03T19:34:00.780+0000][5.226s] GC(9) Pause Remark
[2024-02-03T19:34:00.787+0000][5.234s] GC(9) Pause Remark 33M->33M(512M) 7.693ms
[2024-02-03T19:34:00.788+0000][5.234s] GC(9) User=0.02s Sys=0.00s Real=0.01s
[2024-02-03T19:34:00.788+0000][5.234s] GC(9) Concurrent Mark 90.269ms
[2024-02-03T19:34:00.788+0000][5.234s] GC(9) Concurrent Rebuild Remembered Sets and Scrub Regions
[2024-02-03T19:34:00.811+0000][5.257s] GC(9) Concurrent Rebuild Remembered Sets and Scrub Regions 23.382ms
[2024-02-03T19:34:00.811+0000][5.257s] GC(9) Pause Cleanup
[2024-02-03T19:34:00.811+0000][5.258s] GC(9) Pause Cleanup 34M->34M(512M) 0.167ms
[2024-02-03T19:34:00.812+0000][5.258s] GC(9) User=0.00s Sys=0.00s Real=0.00s
[2024-02-03T19:34:00.812+0000][5.258s] GC(9) Concurrent Clear Claimed Marks
[2024-02-03T19:34:00.812+0000][5.258s] GC(9) Concurrent Clear Claimed Marks 0.050ms
[2024-02-03T19:34:00.812+0000][5.258s] GC(9) Concurrent Cleanup for Next Mark
[2024-02-03T19:34:00.813+0000][5.259s] GC(9) Concurrent Cleanup for Next Mark 0.894ms
[2024-02-03T19:34:00.813+0000][5.259s] GC(9) Concurrent Mark Cycle 126.973ms
[2024-02-03T19:34:02.456+0000][6.903s] GC(10) Pause Young (Prepare Mixed) (G1 Evacuation Pause)
[2024-02-03T19:34:02.457+0000][6.903s] GC(10) Using 2 workers of 2 for evacuation
[2024-02-03T19:34:02.481+0000][6.928s] GC(10)   Pre Evacuate Collection Set: 0.1ms
[2024-02-03T19:34:02.482+0000][6.928s] GC(10)   Merge Heap Roots: 0.1ms
[2024-02-03T19:34:02.482+0000][6.928s] GC(10)   Evacuate Collection Set: 23.2ms
[2024-02-03T19:34:02.482+0000][6.928s] GC(10)   Post Evacuate Collection Set: 1.4ms
[2024-02-03T19:34:02.482+0000][6.928s] GC(10)   Other: 0.1ms
[2024-02-03T19:34:02.482+0000][6.928s] GC(10) Eden regions: 148->0(221)
[2024-02-03T19:34:02.482+0000][6.928s] GC(10) Survivor regions: 8->17(20)
[2024-02-03T19:34:02.482+0000][6.928s] GC(10) Old regions: 20->20
[2024-02-03T19:34:02.482+0000][6.928s] GC(10) Humongous regions: 4->4
[2024-02-03T19:34:02.482+0000][6.928s] GC(10) Metaspace: 53508K(54144K)->53508K(54144K) NonClass: 47091K(47424K)->47091K(47424K) Class: 6416K(6720K)->6416K(6720K)
[2024-02-03T19:34:02.482+0000][6.928s] GC(10) Pause Young (Prepare Mixed) (G1 Evacuation Pause) 179M->40M(512M) 25.623ms
[2024-02-03T19:34:02.482+0000][6.928s] GC(10) User=0.03s Sys=0.01s Real=0.03s
[2024-02-03T19:53:36.253+0000][1180.699s] Heap
[2024-02-03T19:53:36.253+0000][1180.699s]  garbage-first heap   total 524288K, used 202745K [0x00000000e0000000, 0x0000000100000000)
[2024-02-03T19:53:36.253+0000][1180.699s]   region size 1024K, 174 young (178176K), 17 survivors (17408K)
[2024-02-03T19:53:36.253+0000][1180.699s]  Metaspace       used 58677K, committed 59392K, reserved 1114112K
[2024-02-03T19:53:36.253+0000][1180.699s]   class space    used 6984K, committed 7296K, reserved 1048576K
