[2025-07-14T17:33:16.353+0530][0.012s] Using G1
[2025-07-14T17:33:16.661+0530][0.320s] Version: 17.0.3.1+2-LTS-6 (release)
[2025-07-14T17:33:16.661+0530][0.320s] CPUs: 16 total, 16 available
[2025-07-14T17:33:16.661+0530][0.320s] Memory: 32768M
[2025-07-14T17:33:16.661+0530][0.320s] Large Page Support: Disabled
[2025-07-14T17:33:16.661+0530][0.320s] NUMA Support: Disabled
[2025-07-14T17:33:16.661+0530][0.320s] Compressed Oops: Enabled (Zero based)
[2025-07-14T17:33:16.661+0530][0.320s] Heap Region Size: 1M
[2025-07-14T17:33:16.661+0530][0.320s] Heap Min Capacity: 512M
[2025-07-14T17:33:16.661+0530][0.320s] Heap Initial Capacity: 512M
[2025-07-14T17:33:16.661+0530][0.320s] Heap Max Capacity: 512M
[2025-07-14T17:33:16.661+0530][0.320s] Pre-touch: Enabled
[2025-07-14T17:33:16.661+0530][0.320s] Parallel Workers: 13
[2025-07-14T17:33:16.661+0530][0.320s] Concurrent Workers: 3
[2025-07-14T17:33:16.661+0530][0.320s] Concurrent Refinement Workers: 13
[2025-07-14T17:33:16.661+0530][0.320s] Periodic GC: Disabled
[2025-07-14T17:33:16.662+0530][0.321s] CDS archive(s) mapped at: [0x0000000800000000-0x0000000800bd8000-0x0000000800bd8000), size 12419072, SharedBaseAddress: 0x0000000800000000, ArchiveRelocationMode: 0.
[2025-07-14T17:33:16.662+0530][0.321s] Compressed class space mapped at: 0x0000000800c00000-0x0000000840c00000, reserved size: 1073741824
[2025-07-14T17:33:16.662+0530][0.321s] Narrow klass base: 0x0000000800000000, Narrow klass shift: 0, Narrow klass range: 0x100000000
[2025-07-14T17:33:17.709+0530][1.368s] GC(0) Pause Young (Normal) (G1 Evacuation Pause)
[2025-07-14T17:33:17.710+0530][1.369s] GC(0) Using 12 workers of 13 for evacuation
[2025-07-14T17:33:17.713+0530][1.372s] GC(0)   Pre Evacuate Collection Set: 0.1ms
[2025-07-14T17:33:17.713+0530][1.372s] GC(0)   Merge Heap Roots: 0.1ms
[2025-07-14T17:33:17.713+0530][1.372s] GC(0)   Evacuate Collection Set: 1.9ms
[2025-07-14T17:33:17.713+0530][1.372s] GC(0)   Post Evacuate Collection Set: 0.4ms
[2025-07-14T17:33:17.713+0530][1.372s] GC(0)   Other: 1.2ms
[2025-07-14T17:33:17.713+0530][1.372s] GC(0) Eden regions: 29->0(61)
[2025-07-14T17:33:17.713+0530][1.372s] GC(0) Survivor regions: 0->4(4)
[2025-07-14T17:33:17.713+0530][1.372s] GC(0) Old regions: 0->0
[2025-07-14T17:33:17.713+0530][1.372s] GC(0) Archive regions: 2->2
[2025-07-14T17:33:17.713+0530][1.372s] GC(0) Humongous regions: 0->0
[2025-07-14T17:33:17.713+0530][1.372s] GC(0) Metaspace: 9720K(9984K)->9720K(9984K) NonClass: 8583K(8704K)->8583K(8704K) Class: 1136K(1280K)->1136K(1280K)
[2025-07-14T17:33:17.713+0530][1.372s] GC(0) Pause Young (Normal) (G1 Evacuation Pause) 29M->4M(512M) 3.940ms
[2025-07-14T17:33:17.713+0530][1.372s] GC(0) User=0.02s Sys=0.00s Real=0.01s
[2025-07-14T17:33:18.596+0530][2.255s] GC(1) Pause Young (Normal) (G1 Evacuation Pause)
[2025-07-14T17:33:18.597+0530][2.256s] GC(1) Using 13 workers of 13 for evacuation
[2025-07-14T17:33:18.604+0530][2.263s] GC(1)   Pre Evacuate Collection Set: 0.1ms
[2025-07-14T17:33:18.604+0530][2.263s] GC(1)   Merge Heap Roots: 0.1ms
[2025-07-14T17:33:18.604+0530][2.263s] GC(1)   Evacuate Collection Set: 6.3ms
[2025-07-14T17:33:18.604+0530][2.263s] GC(1)   Post Evacuate Collection Set: 0.5ms
[2025-07-14T17:33:18.604+0530][2.263s] GC(1)   Other: 0.3ms
[2025-07-14T17:33:18.604+0530][2.263s] GC(1) Eden regions: 61->0(87)
[2025-07-14T17:33:18.604+0530][2.263s] GC(1) Survivor regions: 4->9(9)
[2025-07-14T17:33:18.604+0530][2.263s] GC(1) Old regions: 0->5
[2025-07-14T17:33:18.604+0530][2.263s] GC(1) Archive regions: 2->2
[2025-07-14T17:33:18.604+0530][2.263s] GC(1) Humongous regions: 4->4
[2025-07-14T17:33:18.604+0530][2.263s] GC(1) Metaspace: 18719K(18944K)->18719K(18944K) NonClass: 16505K(16640K)->16505K(16640K) Class: 2214K(2304K)->2214K(2304K)
[2025-07-14T17:33:18.604+0530][2.263s] GC(1) Pause Young (Normal) (G1 Evacuation Pause) 69M->18M(512M) 7.513ms
[2025-07-14T17:33:18.604+0530][2.263s] GC(1) User=0.06s Sys=0.02s Real=0.01s
[2025-07-14T17:33:19.136+0530][2.795s] GC(2) Pause Young (Normal) (G1 Evacuation Pause)
[2025-07-14T17:33:19.136+0530][2.795s] GC(2) Using 13 workers of 13 for evacuation
[2025-07-14T17:33:19.141+0530][2.800s] GC(2)   Pre Evacuate Collection Set: 0.1ms
[2025-07-14T17:33:19.141+0530][2.800s] GC(2)   Merge Heap Roots: 0.1ms
[2025-07-14T17:33:19.141+0530][2.800s] GC(2)   Evacuate Collection Set: 4.3ms
[2025-07-14T17:33:19.141+0530][2.800s] GC(2)   Post Evacuate Collection Set: 0.5ms
[2025-07-14T17:33:19.141+0530][2.800s] GC(2)   Other: 0.2ms
[2025-07-14T17:33:19.141+0530][2.800s] GC(2) Eden regions: 80->0(302)
[2025-07-14T17:33:19.141+0530][2.800s] GC(2) Survivor regions: 9->5(12)
[2025-07-14T17:33:19.141+0530][2.800s] GC(2) Old regions: 5->15
[2025-07-14T17:33:19.141+0530][2.800s] GC(2) Archive regions: 2->2
[2025-07-14T17:33:19.141+0530][2.800s] GC(2) Humongous regions: 4->4
[2025-07-14T17:33:19.141+0530][2.800s] GC(2) Metaspace: 21066K(21376K)->21066K(21376K) NonClass: 18581K(18752K)->18581K(18752K) Class: 2484K(2624K)->2484K(2624K)
[2025-07-14T17:33:19.141+0530][2.800s] GC(2) Pause Young (Normal) (G1 Evacuation Pause) 98M->24M(512M) 5.341ms
[2025-07-14T17:33:19.141+0530][2.800s] GC(2) User=0.06s Sys=0.00s Real=0.01s
[2025-07-14T17:33:19.161+0530][2.820s] GC(3) Pause Young (Concurrent Start) (Metadata GC Threshold)
[2025-07-14T17:33:19.161+0530][2.820s] GC(3) Using 13 workers of 13 for evacuation
[2025-07-14T17:33:19.163+0530][2.822s] GC(3)   Pre Evacuate Collection Set: 0.1ms
[2025-07-14T17:33:19.163+0530][2.822s] GC(3)   Merge Heap Roots: 0.1ms
[2025-07-14T17:33:19.163+0530][2.822s] GC(3)   Evacuate Collection Set: 1.2ms
[2025-07-14T17:33:19.163+0530][2.822s] GC(3)   Post Evacuate Collection Set: 0.4ms
[2025-07-14T17:33:19.163+0530][2.822s] GC(3)   Other: 0.4ms
[2025-07-14T17:33:19.163+0530][2.822s] GC(3) Eden regions: 2->0(302)
[2025-07-14T17:33:19.163+0530][2.822s] GC(3) Survivor regions: 5->5(39)
[2025-07-14T17:33:19.163+0530][2.822s] GC(3) Old regions: 15->15
[2025-07-14T17:33:19.164+0530][2.822s] GC(3) Archive regions: 2->2
[2025-07-14T17:33:19.164+0530][2.823s] GC(3) Humongous regions: 4->4
[2025-07-14T17:33:19.164+0530][2.823s] GC(3) Metaspace: 21231K(21504K)->21231K(21504K) NonClass: 18723K(18880K)->18723K(18880K) Class: 2508K(2624K)->2508K(2624K)
[2025-07-14T17:33:19.164+0530][2.823s] GC(3) Pause Young (Concurrent Start) (Metadata GC Threshold) 25M->23M(512M) 2.356ms
[2025-07-14T17:33:19.164+0530][2.823s] GC(3) User=0.01s Sys=0.00s Real=0.00s
[2025-07-14T17:33:19.164+0530][2.823s] GC(4) Concurrent Mark Cycle
[2025-07-14T17:33:19.164+0530][2.823s] GC(4) Concurrent Clear Claimed Marks
[2025-07-14T17:33:19.164+0530][2.823s] GC(4) Concurrent Clear Claimed Marks 0.051ms
[2025-07-14T17:33:19.164+0530][2.823s] GC(4) Concurrent Scan Root Regions
[2025-07-14T17:33:19.165+0530][2.824s] GC(4) Concurrent Scan Root Regions 1.271ms
[2025-07-14T17:33:19.165+0530][2.824s] GC(4) Concurrent Mark
[2025-07-14T17:33:19.165+0530][2.824s] GC(4) Concurrent Mark From Roots
[2025-07-14T17:33:19.165+0530][2.824s] GC(4) Using 3 workers of 3 for marking
[2025-07-14T17:33:19.176+0530][2.835s] GC(4) Concurrent Mark From Roots 11.220ms
[2025-07-14T17:33:19.176+0530][2.835s] GC(4) Concurrent Preclean
[2025-07-14T17:33:19.177+0530][2.835s] GC(4) Concurrent Preclean 0.101ms
[2025-07-14T17:33:19.177+0530][2.836s] GC(4) Pause Remark
[2025-07-14T17:33:19.178+0530][2.837s] GC(4) Pause Remark 24M->24M(512M) 1.511ms
[2025-07-14T17:33:19.178+0530][2.837s] GC(4) User=0.01s Sys=0.00s Real=0.00s
[2025-07-14T17:33:19.178+0530][2.837s] GC(4) Concurrent Mark 13.187ms
[2025-07-14T17:33:19.178+0530][2.837s] GC(4) Concurrent Rebuild Remembered Sets
[2025-07-14T17:33:19.184+0530][2.843s] GC(4) Concurrent Rebuild Remembered Sets 5.811ms
[2025-07-14T17:33:19.184+0530][2.843s] GC(4) Pause Cleanup
[2025-07-14T17:33:19.184+0530][2.843s] GC(4) Pause Cleanup 25M->25M(512M) 0.150ms
[2025-07-14T17:33:19.185+0530][2.843s] GC(4) User=0.00s Sys=0.00s Real=0.00s
[2025-07-14T17:33:19.185+0530][2.844s] GC(4) Concurrent Cleanup for Next Mark
[2025-07-14T17:33:19.185+0530][2.844s] GC(4) Concurrent Cleanup for Next Mark 0.729ms
[2025-07-14T17:33:19.185+0530][2.844s] GC(4) Concurrent Mark Cycle 21.712ms
[2025-07-14T17:33:20.978+0530][4.637s] GC(5) Pause Young (Prepare Mixed) (Metadata GC Threshold)
[2025-07-14T17:33:20.978+0530][4.637s] GC(5) Using 13 workers of 13 for evacuation
[2025-07-14T17:33:20.983+0530][4.642s] GC(5)   Pre Evacuate Collection Set: 0.1ms
[2025-07-14T17:33:20.983+0530][4.642s] GC(5)   Merge Heap Roots: 0.1ms
[2025-07-14T17:33:20.983+0530][4.642s] GC(5)   Evacuate Collection Set: 3.7ms
[2025-07-14T17:33:20.983+0530][4.642s] GC(5)   Post Evacuate Collection Set: 1.0ms
[2025-07-14T17:33:20.983+0530][4.642s] GC(5)   Other: 0.2ms
[2025-07-14T17:33:20.983+0530][4.642s] GC(5) Eden regions: 102->0(14)
[2025-07-14T17:33:20.983+0530][4.642s] GC(5) Survivor regions: 5->11(39)
[2025-07-14T17:33:20.983+0530][4.642s] GC(5) Old regions: 15->15
[2025-07-14T17:33:20.984+0530][4.642s] GC(5) Archive regions: 2->2
[2025-07-14T17:33:20.984+0530][4.642s] GC(5) Humongous regions: 5->4
[2025-07-14T17:33:20.984+0530][4.642s] GC(5) Metaspace: 35793K(36160K)->35793K(36160K) NonClass: 31451K(31616K)->31451K(31616K) Class: 4342K(4544K)->4342K(4544K)
[2025-07-14T17:33:20.984+0530][4.643s] GC(5) Pause Young (Prepare Mixed) (Metadata GC Threshold) 126M->29M(512M) 5.280ms
[2025-07-14T17:33:20.984+0530][4.643s] GC(5) User=0.05s Sys=0.00s Real=0.01s
[2025-07-14T17:33:21.003+0530][4.662s] GC(6) Pause Young (Mixed) (Metadata GC Threshold)
[2025-07-14T17:33:21.004+0530][4.662s] GC(6) Using 13 workers of 13 for evacuation
[2025-07-14T17:33:21.008+0530][4.667s] GC(6)   Pre Evacuate Collection Set: 0.1ms
[2025-07-14T17:33:21.008+0530][4.667s] GC(6)   Merge Heap Roots: 0.1ms
[2025-07-14T17:33:21.008+0530][4.667s] GC(6)   Evacuate Collection Set: 3.5ms
[2025-07-14T17:33:21.008+0530][4.667s] GC(6)   Post Evacuate Collection Set: 0.4ms
[2025-07-14T17:33:21.008+0530][4.667s] GC(6)   Other: 0.1ms
[2025-07-14T17:33:21.008+0530][4.667s] GC(6) Eden regions: 3->0(306)
[2025-07-14T17:33:21.008+0530][4.667s] GC(6) Survivor regions: 11->1(4)
[2025-07-14T17:33:21.008+0530][4.667s] GC(6) Old regions: 15->25
[2025-07-14T17:33:21.008+0530][4.667s] GC(6) Archive regions: 2->2
[2025-07-14T17:33:21.008+0530][4.667s] GC(6) Humongous regions: 4->4
[2025-07-14T17:33:21.008+0530][4.667s] GC(6) Metaspace: 36086K(36480K)->36086K(36480K) NonClass: 31701K(31872K)->31701K(31872K) Class: 4385K(4608K)->4385K(4608K)
[2025-07-14T17:33:21.008+0530][4.667s] GC(6) Pause Young (Mixed) (Metadata GC Threshold) 31M->30M(512M) 4.439ms
[2025-07-14T17:33:21.008+0530][4.667s] GC(6) User=0.04s Sys=0.01s Real=0.00s
[2025-07-14T17:33:21.027+0530][4.686s] GC(7) Pause Young (Concurrent Start) (Metadata GC Threshold)
[2025-07-14T17:33:21.027+0530][4.686s] GC(7) Using 13 workers of 13 for evacuation
[2025-07-14T17:33:21.029+0530][4.688s] GC(7)   Pre Evacuate Collection Set: 0.1ms
[2025-07-14T17:33:21.029+0530][4.688s] GC(7)   Merge Heap Roots: 0.1ms
[2025-07-14T17:33:21.029+0530][4.688s] GC(7)   Evacuate Collection Set: 0.8ms
[2025-07-14T17:33:21.029+0530][4.688s] GC(7)   Post Evacuate Collection Set: 0.3ms
[2025-07-14T17:33:21.029+0530][4.688s] GC(7)   Other: 0.2ms
[2025-07-14T17:33:21.029+0530][4.688s] GC(7) Eden regions: 3->0(306)
[2025-07-14T17:33:21.029+0530][4.688s] GC(7) Survivor regions: 1->1(39)
[2025-07-14T17:33:21.029+0530][4.688s] GC(7) Old regions: 25->25
[2025-07-14T17:33:21.029+0530][4.688s] GC(7) Archive regions: 2->2
[2025-07-14T17:33:21.029+0530][4.688s] GC(7) Humongous regions: 4->4
[2025-07-14T17:33:21.029+0530][4.688s] GC(7) Metaspace: 36443K(36800K)->36443K(36800K) NonClass: 32021K(32192K)->32021K(32192K) Class: 4421K(4608K)->4421K(4608K)
[2025-07-14T17:33:21.029+0530][4.688s] GC(7) Pause Young (Concurrent Start) (Metadata GC Threshold) 33M->29M(512M) 1.749ms
[2025-07-14T17:33:21.029+0530][4.688s] GC(7) User=0.01s Sys=0.01s Real=0.00s
[2025-07-14T17:33:21.029+0530][4.688s] GC(8) Concurrent Mark Cycle
[2025-07-14T17:33:21.029+0530][4.688s] GC(8) Concurrent Clear Claimed Marks
[2025-07-14T17:33:21.029+0530][4.688s] GC(8) Concurrent Clear Claimed Marks 0.034ms
[2025-07-14T17:33:21.029+0530][4.688s] GC(8) Concurrent Scan Root Regions
[2025-07-14T17:33:21.030+0530][4.689s] GC(8) Concurrent Scan Root Regions 0.614ms
[2025-07-14T17:33:21.030+0530][4.689s] GC(8) Concurrent Mark
[2025-07-14T17:33:21.030+0530][4.689s] GC(8) Concurrent Mark From Roots
[2025-07-14T17:33:21.030+0530][4.689s] GC(8) Using 3 workers of 3 for marking
[2025-07-14T17:33:21.049+0530][4.708s] GC(8) Concurrent Mark From Roots 19.390ms
[2025-07-14T17:33:21.049+0530][4.708s] GC(8) Concurrent Preclean
[2025-07-14T17:33:21.049+0530][4.708s] GC(8) Concurrent Preclean 0.142ms
[2025-07-14T17:33:21.050+0530][4.709s] GC(8) Pause Remark
[2025-07-14T17:33:21.051+0530][4.710s] GC(8) Pause Remark 33M->33M(512M) 1.651ms
[2025-07-14T17:33:21.051+0530][4.710s] GC(8) User=0.01s Sys=0.01s Real=0.00s
[2025-07-14T17:33:21.051+0530][4.710s] GC(8) Concurrent Mark 21.718ms
[2025-07-14T17:33:21.051+0530][4.710s] GC(8) Concurrent Rebuild Remembered Sets
[2025-07-14T17:33:21.061+0530][4.720s] GC(8) Concurrent Rebuild Remembered Sets 9.473ms
[2025-07-14T17:33:21.061+0530][4.720s] GC(8) Pause Cleanup
[2025-07-14T17:33:21.061+0530][4.720s] GC(8) Pause Cleanup 33M->33M(512M) 0.139ms
[2025-07-14T17:33:21.061+0530][4.720s] GC(8) User=0.00s Sys=0.00s Real=0.00s
[2025-07-14T17:33:21.061+0530][4.720s] GC(8) Concurrent Cleanup for Next Mark
[2025-07-14T17:33:21.062+0530][4.721s] GC(8) Concurrent Cleanup for Next Mark 0.860ms
[2025-07-14T17:33:21.062+0530][4.721s] GC(8) Concurrent Mark Cycle 33.357ms
[2025-07-14T17:33:22.600+0530][6.259s] GC(9) Pause Young (Concurrent Start) (G1 Evacuation Pause)
[2025-07-14T17:33:22.600+0530][6.259s] GC(9) Using 13 workers of 13 for evacuation
[2025-07-14T17:33:22.612+0530][6.271s] GC(9)   Pre Evacuate Collection Set: 0.1ms
[2025-07-14T17:33:22.612+0530][6.271s] GC(9)   Merge Heap Roots: 0.1ms
[2025-07-14T17:33:22.612+0530][6.271s] GC(9)   Evacuate Collection Set: 10.7ms
[2025-07-14T17:33:22.612+0530][6.271s] GC(9)   Post Evacuate Collection Set: 1.2ms
[2025-07-14T17:33:22.613+0530][6.271s] GC(9)   Other: 0.2ms
[2025-07-14T17:33:22.613+0530][6.271s] GC(9) Eden regions: 306->0(278)
[2025-07-14T17:33:22.613+0530][6.271s] GC(9) Survivor regions: 1->29(39)
[2025-07-14T17:33:22.613+0530][6.271s] GC(9) Old regions: 25->25
[2025-07-14T17:33:22.613+0530][6.271s] GC(9) Archive regions: 2->2
[2025-07-14T17:33:22.613+0530][6.271s] GC(9) Humongous regions: 4->4
[2025-07-14T17:33:22.613+0530][6.271s] GC(9) Metaspace: 51903K(52608K)->51903K(52608K) NonClass: 45355K(45760K)->45355K(45760K) Class: 6547K(6848K)->6547K(6848K)
[2025-07-14T17:33:22.613+0530][6.271s] GC(9) Pause Young (Concurrent Start) (G1 Evacuation Pause) 335M->58M(512M) 12.486ms
[2025-07-14T17:33:22.613+0530][6.271s] GC(9) User=0.16s Sys=0.00s Real=0.01s
[2025-07-14T17:33:22.613+0530][6.272s] GC(10) Concurrent Mark Cycle
[2025-07-14T17:33:22.613+0530][6.272s] GC(10) Concurrent Clear Claimed Marks
[2025-07-14T17:33:22.613+0530][6.272s] GC(10) Concurrent Clear Claimed Marks 0.052ms
[2025-07-14T17:33:22.613+0530][6.272s] GC(10) Concurrent Scan Root Regions
[2025-07-14T17:33:22.626+0530][6.285s] GC(10) Concurrent Scan Root Regions 13.082ms
[2025-07-14T17:33:22.626+0530][6.285s] GC(10) Concurrent Mark
[2025-07-14T17:33:22.626+0530][6.285s] GC(10) Concurrent Mark From Roots
[2025-07-14T17:33:22.626+0530][6.285s] GC(10) Using 3 workers of 3 for marking
[2025-07-14T17:33:22.644+0530][6.303s] GC(10) Concurrent Mark From Roots 17.839ms
[2025-07-14T17:33:22.644+0530][6.303s] GC(10) Concurrent Preclean
[2025-07-14T17:33:22.644+0530][6.303s] GC(10) Concurrent Preclean 0.145ms
[2025-07-14T17:33:22.644+0530][6.303s] GC(10) Pause Remark
[2025-07-14T17:33:22.646+0530][6.305s] GC(10) Pause Remark 70M->70M(512M) 2.097ms
[2025-07-14T17:33:22.647+0530][6.305s] GC(10) User=0.02s Sys=0.00s Real=0.00s
[2025-07-14T17:33:22.647+0530][6.305s] GC(10) Concurrent Mark 20.673ms
[2025-07-14T17:33:22.647+0530][6.306s] GC(10) Concurrent Rebuild Remembered Sets
[2025-07-14T17:33:22.655+0530][6.314s] GC(10) Concurrent Rebuild Remembered Sets 8.802ms
[2025-07-14T17:33:22.656+0530][6.315s] GC(10) Pause Cleanup
[2025-07-14T17:33:22.656+0530][6.315s] GC(10) Pause Cleanup 73M->73M(512M) 0.154ms
[2025-07-14T17:33:22.656+0530][6.315s] GC(10) User=0.01s Sys=0.00s Real=0.00s
[2025-07-14T17:33:22.656+0530][6.315s] GC(10) Concurrent Cleanup for Next Mark
[2025-07-14T17:33:22.657+0530][6.316s] GC(10) Concurrent Cleanup for Next Mark 0.693ms
[2025-07-14T17:33:22.657+0530][6.316s] GC(10) Concurrent Mark Cycle 43.992ms
[2025-07-14T17:39:03.042+0530][346.697s] Heap
[2025-07-14T17:39:03.043+0530][346.697s]  garbage-first heap   total 524288K, used 315591K [0x00000007e0000000, 0x0000000800000000)
[2025-07-14T17:39:03.043+0530][346.697s]   region size 1024K, 280 young (286720K), 29 survivors (29696K)
[2025-07-14T17:39:03.043+0530][346.697s]  Metaspace       used 54706K, committed 55360K, reserved 1097728K
[2025-07-14T17:39:03.043+0530][346.697s]   class space    used 6862K, committed 7168K, reserved 1048576K
