[2024-02-02T12:18:51.543+0000][0.007s] CardTable entry size: 512
[2024-02-02T12:18:51.544+0000][0.008s] Using G1
[2024-02-02T12:18:51.708+0000][0.172s] Version: 21.0.1+12-LTS (release)
[2024-02-02T12:18:51.708+0000][0.172s] CPUs: 2 total, 2 available
[2024-02-02T12:18:51.708+0000][0.172s] Memory: 7929M
[2024-02-02T12:18:51.709+0000][0.172s] Large Page Support: Disabled
[2024-02-02T12:18:51.709+0000][0.173s] NUMA Support: Disabled
[2024-02-02T12:18:51.709+0000][0.173s] Compressed Oops: Enabled (32-bit)
[2024-02-02T12:18:51.709+0000][0.173s] Heap Region Size: 1M
[2024-02-02T12:18:51.709+0000][0.173s] Heap Min Capacity: 512M
[2024-02-02T12:18:51.709+0000][0.173s] Heap Initial Capacity: 512M
[2024-02-02T12:18:51.709+0000][0.173s] Heap Max Capacity: 512M
[2024-02-02T12:18:51.709+0000][0.173s] Pre-touch: Enabled
[2024-02-02T12:18:51.709+0000][0.173s] Parallel Workers: 2
[2024-02-02T12:18:51.709+0000][0.173s] Concurrent Workers: 1
[2024-02-02T12:18:51.709+0000][0.173s] Concurrent Refinement Workers: 2
[2024-02-02T12:18:51.709+0000][0.173s] Periodic GC: Disabled
[2024-02-02T12:18:51.717+0000][0.181s] CDS archive(s) mapped at: [0x00007f4e73000000-0x00007f4e73ca8000-0x00007f4e73ca8000), size 13271040, SharedBaseAddress: 0x00007f4e73000000, ArchiveRelocationMode: 1.
[2024-02-02T12:18:51.717+0000][0.181s] Compressed class space mapped at: 0x00007f4e74000000-0x00007f4eb4000000, reserved size: 1073741824
[2024-02-02T12:18:51.717+0000][0.181s] Narrow klass base: 0x00007f4e73000000, Narrow klass shift: 0, Narrow klass range: 0x100000000
[2024-02-02T12:18:53.079+0000][1.542s] GC(0) Pause Young (Normal) (G1 Evacuation Pause)
[2024-02-02T12:18:53.079+0000][1.543s] GC(0) Using 2 workers of 2 for evacuation
[2024-02-02T12:18:53.087+0000][1.551s] GC(0)   Pre Evacuate Collection Set: 0.1ms
[2024-02-02T12:18:53.087+0000][1.551s] GC(0)   Merge Heap Roots: 0.0ms
[2024-02-02T12:18:53.087+0000][1.551s] GC(0)   Evacuate Collection Set: 7.9ms
[2024-02-02T12:18:53.087+0000][1.551s] GC(0)   Post Evacuate Collection Set: 0.4ms
[2024-02-02T12:18:53.087+0000][1.551s] GC(0)   Other: 0.1ms
[2024-02-02T12:18:53.087+0000][1.551s] GC(0) Eden regions: 25->0(21)
[2024-02-02T12:18:53.087+0000][1.551s] GC(0) Survivor regions: 0->4(4)
[2024-02-02T12:18:53.087+0000][1.551s] GC(0) Old regions: 2->2
[2024-02-02T12:18:53.087+0000][1.551s] GC(0) Humongous regions: 0->0
[2024-02-02T12:18:53.087+0000][1.551s] GC(0) Metaspace: 7835K(8000K)->7835K(8000K) NonClass: 6932K(7040K)->6932K(7040K) Class: 902K(960K)->902K(960K)
[2024-02-02T12:18:53.087+0000][1.551s] GC(0) Pause Young (Normal) (G1 Evacuation Pause) 26M->4M(512M) 8.749ms
[2024-02-02T12:18:53.087+0000][1.551s] GC(0) User=0.01s Sys=0.00s Real=0.01s
[2024-02-02T12:18:53.620+0000][2.084s] GC(1) Pause Young (Normal) (G1 Evacuation Pause)
[2024-02-02T12:18:53.620+0000][2.084s] GC(1) Using 2 workers of 2 for evacuation
[2024-02-02T12:18:53.633+0000][2.097s] GC(1)   Pre Evacuate Collection Set: 0.1ms
[2024-02-02T12:18:53.633+0000][2.097s] GC(1)   Merge Heap Roots: 0.1ms
[2024-02-02T12:18:53.633+0000][2.097s] GC(1)   Evacuate Collection Set: 12.9ms
[2024-02-02T12:18:53.633+0000][2.097s] GC(1)   Post Evacuate Collection Set: 0.3ms
[2024-02-02T12:18:53.633+0000][2.097s] GC(1)   Other: 0.1ms
[2024-02-02T12:18:53.633+0000][2.097s] GC(1) Eden regions: 21->0(21)
[2024-02-02T12:18:53.633+0000][2.097s] GC(1) Survivor regions: 4->4(4)
[2024-02-02T12:18:53.633+0000][2.097s] GC(1) Old regions: 2->10
[2024-02-02T12:18:53.633+0000][2.097s] GC(1) Humongous regions: 4->4
[2024-02-02T12:18:53.633+0000][2.097s] GC(1) Metaspace: 13452K(13760K)->13452K(13760K) NonClass: 11907K(12096K)->11907K(12096K) Class: 1545K(1664K)->1545K(1664K)
[2024-02-02T12:18:53.634+0000][2.097s] GC(1) Pause Young (Normal) (G1 Evacuation Pause) 29M->16M(512M) 13.722ms
[2024-02-02T12:18:53.634+0000][2.097s] GC(1) User=0.03s Sys=0.00s Real=0.01s
[2024-02-02T12:18:54.152+0000][2.616s] GC(2) Pause Young (Normal) (G1 Evacuation Pause)
[2024-02-02T12:18:54.152+0000][2.616s] GC(2) Using 2 workers of 2 for evacuation
[2024-02-02T12:18:54.159+0000][2.623s] GC(2)   Pre Evacuate Collection Set: 0.1ms
[2024-02-02T12:18:54.159+0000][2.623s] GC(2)   Merge Heap Roots: 0.0ms
[2024-02-02T12:18:54.159+0000][2.623s] GC(2)   Evacuate Collection Set: 6.8ms
[2024-02-02T12:18:54.159+0000][2.623s] GC(2)   Post Evacuate Collection Set: 0.4ms
[2024-02-02T12:18:54.159+0000][2.623s] GC(2)   Other: 0.1ms
[2024-02-02T12:18:54.159+0000][2.623s] GC(2) Eden regions: 21->0(34)
[2024-02-02T12:18:54.159+0000][2.623s] GC(2) Survivor regions: 4->3(4)
[2024-02-02T12:18:54.159+0000][2.623s] GC(2) Old regions: 10->14
[2024-02-02T12:18:54.159+0000][2.623s] GC(2) Humongous regions: 4->4
[2024-02-02T12:18:54.159+0000][2.623s] GC(2) Metaspace: 19625K(20032K)->19625K(20032K) NonClass: 17365K(17600K)->17365K(17600K) Class: 2260K(2432K)->2260K(2432K)
[2024-02-02T12:18:54.159+0000][2.623s] GC(2) Pause Young (Normal) (G1 Evacuation Pause) 37M->20M(512M) 7.664ms
[2024-02-02T12:18:54.159+0000][2.623s] GC(2) User=0.01s Sys=0.00s Real=0.01s
[2024-02-02T12:18:54.386+0000][2.850s] GC(3) Pause Young (Normal) (G1 Evacuation Pause)
[2024-02-02T12:18:54.386+0000][2.850s] GC(3) Using 2 workers of 2 for evacuation
[2024-02-02T12:18:54.389+0000][2.853s] GC(3)   Pre Evacuate Collection Set: 0.1ms
[2024-02-02T12:18:54.389+0000][2.853s] GC(3)   Merge Heap Roots: 0.0ms
[2024-02-02T12:18:54.389+0000][2.853s] GC(3)   Evacuate Collection Set: 2.5ms
[2024-02-02T12:18:54.389+0000][2.853s] GC(3)   Post Evacuate Collection Set: 0.3ms
[2024-02-02T12:18:54.389+0000][2.853s] GC(3)   Other: 0.1ms
[2024-02-02T12:18:54.389+0000][2.853s] GC(3) Eden regions: 36->0(304)
[2024-02-02T12:18:54.389+0000][2.853s] GC(3) Survivor regions: 3->3(5)
[2024-02-02T12:18:54.389+0000][2.853s] GC(3) Old regions: 14->17
[2024-02-02T12:18:54.389+0000][2.853s] GC(3) Humongous regions: 4->4
[2024-02-02T12:18:54.389+0000][2.853s] GC(3) Metaspace: 19748K(20160K)->19748K(20160K) NonClass: 17487K(17728K)->17487K(17728K) Class: 2261K(2432K)->2261K(2432K)
[2024-02-02T12:18:54.389+0000][2.853s] GC(3) Pause Young (Normal) (G1 Evacuation Pause) 56M->22M(512M) 3.268ms
[2024-02-02T12:18:54.389+0000][2.853s] GC(3) User=0.00s Sys=0.00s Real=0.00s
[2024-02-02T12:18:54.616+0000][3.080s] GC(4) Pause Young (Concurrent Start) (Metadata GC Threshold)
[2024-02-02T12:18:54.616+0000][3.080s] GC(4) Using 2 workers of 2 for evacuation
[2024-02-02T12:18:54.618+0000][3.082s] GC(4)   Pre Evacuate Collection Set: 0.1ms
[2024-02-02T12:18:54.618+0000][3.082s] GC(4)   Merge Heap Roots: 0.0ms
[2024-02-02T12:18:54.618+0000][3.082s] GC(4)   Evacuate Collection Set: 1.6ms
[2024-02-02T12:18:54.618+0000][3.082s] GC(4)   Post Evacuate Collection Set: 0.3ms
[2024-02-02T12:18:54.618+0000][3.082s] GC(4)   Other: 0.1ms
[2024-02-02T12:18:54.618+0000][3.082s] GC(4) Eden regions: 39->0(116)
[2024-02-02T12:18:54.618+0000][3.082s] GC(4) Survivor regions: 3->5(39)
[2024-02-02T12:18:54.618+0000][3.082s] GC(4) Old regions: 17->17
[2024-02-02T12:18:54.618+0000][3.082s] GC(4) Humongous regions: 4->4
[2024-02-02T12:18:54.618+0000][3.082s] GC(4) Metaspace: 21102K(21504K)->21102K(21504K) NonClass: 18712K(18944K)->18712K(18944K) Class: 2389K(2560K)->2389K(2560K)
[2024-02-02T12:18:54.618+0000][3.082s] GC(4) Pause Young (Concurrent Start) (Metadata GC Threshold) 61M->24M(512M) 2.410ms
[2024-02-02T12:18:54.618+0000][3.082s] GC(4) User=0.01s Sys=0.00s Real=0.01s
[2024-02-02T12:18:54.619+0000][3.082s] GC(5) Concurrent Mark Cycle
[2024-02-02T12:18:54.619+0000][3.082s] GC(5) Concurrent Scan Root Regions
[2024-02-02T12:18:54.619+0000][3.083s] GC(5) Concurrent Scan Root Regions 0.768ms
[2024-02-02T12:18:54.619+0000][3.083s] GC(5) Concurrent Mark
[2024-02-02T12:18:54.619+0000][3.083s] GC(5) Concurrent Mark From Roots
[2024-02-02T12:18:54.619+0000][3.083s] GC(5) Using 1 workers of 1 for marking
[2024-02-02T12:18:54.664+0000][3.128s] GC(5) Concurrent Mark From Roots 45.066ms
[2024-02-02T12:18:54.664+0000][3.128s] GC(5) Concurrent Preclean
[2024-02-02T12:18:54.665+0000][3.128s] GC(5) Concurrent Preclean 0.041ms
[2024-02-02T12:18:54.665+0000][3.129s] GC(5) Pause Remark
[2024-02-02T12:18:54.669+0000][3.133s] GC(5) Pause Remark 25M->25M(512M) 3.964ms
[2024-02-02T12:18:54.669+0000][3.133s] GC(5) User=0.01s Sys=0.00s Real=0.01s
[2024-02-02T12:18:54.669+0000][3.133s] GC(5) Concurrent Mark 49.811ms
[2024-02-02T12:18:54.669+0000][3.133s] GC(5) Concurrent Rebuild Remembered Sets and Scrub Regions
[2024-02-02T12:18:54.684+0000][3.147s] GC(5) Concurrent Rebuild Remembered Sets and Scrub Regions 14.441ms
[2024-02-02T12:18:54.684+0000][3.148s] GC(5) Pause Cleanup
[2024-02-02T12:18:54.684+0000][3.148s] GC(5) Pause Cleanup 25M->25M(512M) 0.109ms
[2024-02-02T12:18:54.684+0000][3.148s] GC(5) User=0.00s Sys=0.00s Real=0.00s
[2024-02-02T12:18:54.684+0000][3.148s] GC(5) Concurrent Clear Claimed Marks
[2024-02-02T12:18:54.684+0000][3.148s] GC(5) Concurrent Clear Claimed Marks 0.044ms
[2024-02-02T12:18:54.684+0000][3.148s] GC(5) Concurrent Cleanup for Next Mark
[2024-02-02T12:18:54.685+0000][3.149s] GC(5) Concurrent Cleanup for Next Mark 0.483ms
[2024-02-02T12:18:54.685+0000][3.149s] GC(5) Concurrent Mark Cycle 66.262ms
[2024-02-02T12:18:56.506+0000][4.970s] GC(6) Pause Young (Prepare Mixed) (Metadata GC Threshold)
[2024-02-02T12:18:56.506+0000][4.970s] GC(6) Using 2 workers of 2 for evacuation
[2024-02-02T12:18:56.515+0000][4.979s] GC(6)   Pre Evacuate Collection Set: 0.2ms
[2024-02-02T12:18:56.515+0000][4.979s] GC(6)   Merge Heap Roots: 0.0ms
[2024-02-02T12:18:56.515+0000][4.979s] GC(6)   Evacuate Collection Set: 6.9ms
[2024-02-02T12:18:56.515+0000][4.979s] GC(6)   Post Evacuate Collection Set: 1.9ms
[2024-02-02T12:18:56.515+0000][4.979s] GC(6)   Other: 0.1ms
[2024-02-02T12:18:56.515+0000][4.979s] GC(6) Eden regions: 90->0(128)
[2024-02-02T12:18:56.515+0000][4.979s] GC(6) Survivor regions: 5->11(16)
[2024-02-02T12:18:56.515+0000][4.979s] GC(6) Old regions: 17->17
[2024-02-02T12:18:56.515+0000][4.979s] GC(6) Humongous regions: 5->4
[2024-02-02T12:18:56.515+0000][4.979s] GC(6) Metaspace: 37654K(38080K)->37654K(38080K) NonClass: 33445K(33664K)->33445K(33664K) Class: 4209K(4416K)->4209K(4416K)
[2024-02-02T12:18:56.515+0000][4.979s] GC(6) Pause Young (Prepare Mixed) (Metadata GC Threshold) 114M->30M(512M) 9.311ms
[2024-02-02T12:18:56.515+0000][4.979s] GC(6) User=0.02s Sys=0.00s Real=0.00s
[2024-02-02T12:18:56.552+0000][5.016s] GC(7) Pause Young (Mixed) (Metadata GC Threshold)
[2024-02-02T12:18:56.552+0000][5.016s] GC(7) Using 2 workers of 2 for evacuation
[2024-02-02T12:18:56.567+0000][5.031s] GC(7)   Pre Evacuate Collection Set: 0.2ms
[2024-02-02T12:18:56.567+0000][5.031s] GC(7)   Merge Heap Roots: 0.0ms
[2024-02-02T12:18:56.567+0000][5.031s] GC(7)   Evacuate Collection Set: 13.6ms
[2024-02-02T12:18:56.567+0000][5.031s] GC(7)   Post Evacuate Collection Set: 0.5ms
[2024-02-02T12:18:56.567+0000][5.031s] GC(7)   Other: 0.1ms
[2024-02-02T12:18:56.567+0000][5.031s] GC(7) Eden regions: 3->0(118)
[2024-02-02T12:18:56.567+0000][5.031s] GC(7) Survivor regions: 11->8(18)
[2024-02-02T12:18:56.567+0000][5.031s] GC(7) Old regions: 17->19
[2024-02-02T12:18:56.567+0000][5.031s] GC(7) Humongous regions: 4->4
[2024-02-02T12:18:56.567+0000][5.031s] GC(7) Metaspace: 37963K(38400K)->37963K(38400K) NonClass: 33716K(33984K)->33716K(33984K) Class: 4246K(4416K)->4246K(4416K)
[2024-02-02T12:18:56.567+0000][5.031s] GC(7) Pause Young (Mixed) (Metadata GC Threshold) 32M->30M(512M) 14.622ms
[2024-02-02T12:18:56.567+0000][5.031s] GC(7) User=0.03s Sys=0.00s Real=0.02s
[2024-02-02T12:18:56.607+0000][5.071s] GC(8) Pause Young (Concurrent Start) (Metadata GC Threshold)
[2024-02-02T12:18:56.607+0000][5.071s] GC(8) Using 2 workers of 2 for evacuation
[2024-02-02T12:18:56.616+0000][5.080s] GC(8)   Pre Evacuate Collection Set: 0.3ms
[2024-02-02T12:18:56.616+0000][5.080s] GC(8)   Merge Heap Roots: 0.0ms
[2024-02-02T12:18:56.616+0000][5.080s] GC(8)   Evacuate Collection Set: 7.8ms
[2024-02-02T12:18:56.616+0000][5.080s] GC(8)   Post Evacuate Collection Set: 0.7ms
[2024-02-02T12:18:56.616+0000][5.080s] GC(8)   Other: 0.1ms
[2024-02-02T12:18:56.616+0000][5.080s] GC(8) Eden regions: 3->0(171)
[2024-02-02T12:18:56.616+0000][5.080s] GC(8) Survivor regions: 8->9(16)
[2024-02-02T12:18:56.616+0000][5.080s] GC(8) Old regions: 19->19
[2024-02-02T12:18:56.616+0000][5.080s] GC(8) Humongous regions: 4->4
[2024-02-02T12:18:56.616+0000][5.080s] GC(8) Metaspace: 38279K(38720K)->38279K(38720K) NonClass: 33985K(34240K)->33985K(34240K) Class: 4293K(4480K)->4293K(4480K)
[2024-02-02T12:18:56.616+0000][5.080s] GC(8) Pause Young (Concurrent Start) (Metadata GC Threshold) 32M->30M(512M) 9.278ms
[2024-02-02T12:18:56.616+0000][5.080s] GC(8) User=0.02s Sys=0.00s Real=0.00s
[2024-02-02T12:18:56.617+0000][5.080s] GC(9) Concurrent Mark Cycle
[2024-02-02T12:18:56.617+0000][5.080s] GC(9) Concurrent Scan Root Regions
[2024-02-02T12:18:56.621+0000][5.085s] GC(9) Concurrent Scan Root Regions 4.398ms
[2024-02-02T12:18:56.621+0000][5.085s] GC(9) Concurrent Mark
[2024-02-02T12:18:56.621+0000][5.085s] GC(9) Concurrent Mark From Roots
[2024-02-02T12:18:56.621+0000][5.085s] GC(9) Using 1 workers of 1 for marking
[2024-02-02T12:18:56.666+0000][5.130s] GC(9) Concurrent Mark From Roots 45.063ms
[2024-02-02T12:18:56.666+0000][5.130s] GC(9) Concurrent Preclean
[2024-02-02T12:18:56.666+0000][5.130s] GC(9) Concurrent Preclean 0.067ms
[2024-02-02T12:18:56.666+0000][5.130s] GC(9) Pause Remark
[2024-02-02T12:18:56.678+0000][5.142s] GC(9) Pause Remark 33M->33M(512M) 11.736ms
[2024-02-02T12:18:56.678+0000][5.142s] GC(9) User=0.01s Sys=0.00s Real=0.01s
[2024-02-02T12:18:56.678+0000][5.142s] GC(9) Concurrent Mark 57.440ms
[2024-02-02T12:18:56.678+0000][5.142s] GC(9) Concurrent Rebuild Remembered Sets and Scrub Regions
[2024-02-02T12:18:56.693+0000][5.157s] GC(9) Concurrent Rebuild Remembered Sets and Scrub Regions 14.440ms
[2024-02-02T12:18:56.693+0000][5.157s] GC(9) Pause Cleanup
[2024-02-02T12:18:56.693+0000][5.157s] GC(9) Pause Cleanup 33M->33M(512M) 0.170ms
[2024-02-02T12:18:56.693+0000][5.157s] GC(9) User=0.00s Sys=0.00s Real=0.00s
[2024-02-02T12:18:56.693+0000][5.157s] GC(9) Concurrent Clear Claimed Marks
[2024-02-02T12:18:56.693+0000][5.157s] GC(9) Concurrent Clear Claimed Marks 0.053ms
[2024-02-02T12:18:56.693+0000][5.157s] GC(9) Concurrent Cleanup for Next Mark
[2024-02-02T12:18:56.694+0000][5.158s] GC(9) Concurrent Cleanup for Next Mark 0.567ms
[2024-02-02T12:18:56.694+0000][5.158s] GC(9) Concurrent Mark Cycle 77.472ms
[2024-02-02T12:19:53.458+0000][61.921s] GC(10) Pause Young (Prepare Mixed) (G1 Evacuation Pause)
[2024-02-02T12:19:53.458+0000][61.922s] GC(10) Using 2 workers of 2 for evacuation
[2024-02-02T12:19:53.472+0000][61.936s] GC(10)   Pre Evacuate Collection Set: 0.1ms
[2024-02-02T12:19:53.472+0000][61.936s] GC(10)   Merge Heap Roots: 0.1ms
[2024-02-02T12:19:53.472+0000][61.936s] GC(10)   Evacuate Collection Set: 13.4ms
[2024-02-02T12:19:53.472+0000][61.936s] GC(10)   Post Evacuate Collection Set: 0.8ms
[2024-02-02T12:19:53.472+0000][61.936s] GC(10)   Other: 0.1ms
[2024-02-02T12:19:53.472+0000][61.936s] GC(10) Eden regions: 165->0(249)
[2024-02-02T12:19:53.472+0000][61.936s] GC(10) Survivor regions: 9->16(22)
[2024-02-02T12:19:53.472+0000][61.936s] GC(10) Old regions: 19->19
[2024-02-02T12:19:53.472+0000][61.936s] GC(10) Humongous regions: 4->4
[2024-02-02T12:19:53.472+0000][61.936s] GC(10) Metaspace: 49336K(49920K)->49336K(49920K) NonClass: 43591K(43904K)->43591K(43904K) Class: 5745K(6016K)->5745K(6016K)
[2024-02-02T12:19:53.472+0000][61.936s] GC(10) Pause Young (Prepare Mixed) (G1 Evacuation Pause) 195M->38M(512M) 14.805ms
[2024-02-02T12:19:53.472+0000][61.936s] GC(10) User=0.03s Sys=0.00s Real=0.02s
[2024-02-02T12:27:20.400+0000][508.864s] Heap
[2024-02-02T12:27:20.400+0000][508.864s]  garbage-first heap   total 524288K, used 55582K [0x00000000e0000000, 0x0000000100000000)
[2024-02-02T12:27:20.400+0000][508.864s]   region size 1024K, 33 young (33792K), 16 survivors (16384K)
[2024-02-02T12:27:20.400+0000][508.864s]  Metaspace       used 49670K, committed 50240K, reserved 1114112K
[2024-02-02T12:27:20.400+0000][508.864s]   class space    used 5773K, committed 6016K, reserved 1048576K
