[2024-02-03T22:06:45.114+0000][0.007s] CardTable entry size: 512
[2024-02-03T22:06:45.114+0000][0.007s] Using G1
[2024-02-03T22:06:45.242+0000][0.135s] Version: 21.0.1+12-LTS (release)
[2024-02-03T22:06:45.242+0000][0.135s] CPUs: 2 total, 2 available
[2024-02-03T22:06:45.242+0000][0.135s] Memory: 7929M
[2024-02-03T22:06:45.242+0000][0.135s] Large Page Support: Disabled
[2024-02-03T22:06:45.242+0000][0.135s] NUMA Support: Disabled
[2024-02-03T22:06:45.242+0000][0.135s] Compressed Oops: Enabled (32-bit)
[2024-02-03T22:06:45.242+0000][0.135s] Heap Region Size: 1M
[2024-02-03T22:06:45.242+0000][0.135s] Heap Min Capacity: 512M
[2024-02-03T22:06:45.242+0000][0.135s] Heap Initial Capacity: 512M
[2024-02-03T22:06:45.242+0000][0.135s] Heap Max Capacity: 512M
[2024-02-03T22:06:45.242+0000][0.135s] Pre-touch: Enabled
[2024-02-03T22:06:45.242+0000][0.135s] Parallel Workers: 2
[2024-02-03T22:06:45.242+0000][0.135s] Concurrent Workers: 1
[2024-02-03T22:06:45.242+0000][0.135s] Concurrent Refinement Workers: 2
[2024-02-03T22:06:45.243+0000][0.135s] Periodic GC: Disabled
[2024-02-03T22:06:45.251+0000][0.144s] CDS archive(s) mapped at: [0x00007fa2a7000000-0x00007fa2a7ca8000-0x00007fa2a7ca8000), size 13271040, SharedBaseAddress: 0x00007fa2a7000000, ArchiveRelocationMode: 1.
[2024-02-03T22:06:45.253+0000][0.146s] Compressed class space mapped at: 0x00007fa2a8000000-0x00007fa2e8000000, reserved size: 1073741824
[2024-02-03T22:06:45.253+0000][0.146s] Narrow klass base: 0x00007fa2a7000000, Narrow klass shift: 0, Narrow klass range: 0x100000000
[2024-02-03T22:06:46.733+0000][1.626s] GC(0) Pause Young (Normal) (G1 Evacuation Pause)
[2024-02-03T22:06:46.733+0000][1.626s] GC(0) Using 2 workers of 2 for evacuation
[2024-02-03T22:06:46.739+0000][1.631s] GC(0)   Pre Evacuate Collection Set: 0.1ms
[2024-02-03T22:06:46.739+0000][1.631s] GC(0)   Merge Heap Roots: 0.0ms
[2024-02-03T22:06:46.739+0000][1.631s] GC(0)   Evacuate Collection Set: 4.6ms
[2024-02-03T22:06:46.739+0000][1.631s] GC(0)   Post Evacuate Collection Set: 0.4ms
[2024-02-03T22:06:46.739+0000][1.631s] GC(0)   Other: 0.1ms
[2024-02-03T22:06:46.739+0000][1.631s] GC(0) Eden regions: 25->0(21)
[2024-02-03T22:06:46.739+0000][1.632s] GC(0) Survivor regions: 0->4(4)
[2024-02-03T22:06:46.739+0000][1.632s] GC(0) Old regions: 2->2
[2024-02-03T22:06:46.739+0000][1.632s] GC(0) Humongous regions: 0->0
[2024-02-03T22:06:46.739+0000][1.632s] GC(0) Metaspace: 7861K(8128K)->7861K(8128K) NonClass: 6957K(7104K)->6957K(7104K) Class: 904K(1024K)->904K(1024K)
[2024-02-03T22:06:46.739+0000][1.632s] GC(0) Pause Young (Normal) (G1 Evacuation Pause) 26M->4M(512M) 5.681ms
[2024-02-03T22:06:46.739+0000][1.632s] GC(0) User=0.01s Sys=0.00s Real=0.00s
[2024-02-03T22:06:47.201+0000][2.094s] GC(1) Pause Young (Normal) (G1 Evacuation Pause)
[2024-02-03T22:06:47.201+0000][2.094s] GC(1) Using 2 workers of 2 for evacuation
[2024-02-03T22:06:47.213+0000][2.106s] GC(1)   Pre Evacuate Collection Set: 0.1ms
[2024-02-03T22:06:47.213+0000][2.106s] GC(1)   Merge Heap Roots: 0.1ms
[2024-02-03T22:06:47.213+0000][2.106s] GC(1)   Evacuate Collection Set: 11.2ms
[2024-02-03T22:06:47.213+0000][2.106s] GC(1)   Post Evacuate Collection Set: 0.3ms
[2024-02-03T22:06:47.213+0000][2.106s] GC(1)   Other: 0.2ms
[2024-02-03T22:06:47.213+0000][2.106s] GC(1) Eden regions: 21->0(21)
[2024-02-03T22:06:47.213+0000][2.106s] GC(1) Survivor regions: 4->4(4)
[2024-02-03T22:06:47.213+0000][2.106s] GC(1) Old regions: 2->10
[2024-02-03T22:06:47.213+0000][2.106s] GC(1) Humongous regions: 4->4
[2024-02-03T22:06:47.213+0000][2.106s] GC(1) Metaspace: 13462K(13760K)->13462K(13760K) NonClass: 11911K(12096K)->11911K(12096K) Class: 1551K(1664K)->1551K(1664K)
[2024-02-03T22:06:47.213+0000][2.106s] GC(1) Pause Young (Normal) (G1 Evacuation Pause) 29M->16M(512M) 12.220ms
[2024-02-03T22:06:47.213+0000][2.106s] GC(1) User=0.03s Sys=0.00s Real=0.02s
[2024-02-03T22:06:47.688+0000][2.581s] GC(2) Pause Young (Normal) (G1 Evacuation Pause)
[2024-02-03T22:06:47.688+0000][2.581s] GC(2) Using 2 workers of 2 for evacuation
[2024-02-03T22:06:47.695+0000][2.587s] GC(2)   Pre Evacuate Collection Set: 0.2ms
[2024-02-03T22:06:47.695+0000][2.588s] GC(2)   Merge Heap Roots: 0.0ms
[2024-02-03T22:06:47.695+0000][2.588s] GC(2)   Evacuate Collection Set: 6.0ms
[2024-02-03T22:06:47.695+0000][2.588s] GC(2)   Post Evacuate Collection Set: 0.5ms
[2024-02-03T22:06:47.695+0000][2.588s] GC(2)   Other: 0.1ms
[2024-02-03T22:06:47.695+0000][2.588s] GC(2) Eden regions: 21->0(32)
[2024-02-03T22:06:47.695+0000][2.588s] GC(2) Survivor regions: 4->3(4)
[2024-02-03T22:06:47.695+0000][2.588s] GC(2) Old regions: 10->14
[2024-02-03T22:06:47.695+0000][2.588s] GC(2) Humongous regions: 4->4
[2024-02-03T22:06:47.695+0000][2.588s] GC(2) Metaspace: 19627K(20032K)->19627K(20032K) NonClass: 17366K(17600K)->17366K(17600K) Class: 2260K(2432K)->2260K(2432K)
[2024-02-03T22:06:47.695+0000][2.588s] GC(2) Pause Young (Normal) (G1 Evacuation Pause) 37M->20M(512M) 7.069ms
[2024-02-03T22:06:47.695+0000][2.588s] GC(2) User=0.01s Sys=0.00s Real=0.01s
[2024-02-03T22:06:47.865+0000][2.758s] GC(3) Pause Young (Normal) (G1 Evacuation Pause)
[2024-02-03T22:06:47.865+0000][2.758s] GC(3) Using 2 workers of 2 for evacuation
[2024-02-03T22:06:47.868+0000][2.761s] GC(3)   Pre Evacuate Collection Set: 0.1ms
[2024-02-03T22:06:47.868+0000][2.761s] GC(3)   Merge Heap Roots: 0.0ms
[2024-02-03T22:06:47.868+0000][2.761s] GC(3)   Evacuate Collection Set: 2.5ms
[2024-02-03T22:06:47.868+0000][2.761s] GC(3)   Post Evacuate Collection Set: 0.4ms
[2024-02-03T22:06:47.868+0000][2.761s] GC(3)   Other: 0.1ms
[2024-02-03T22:06:47.868+0000][2.761s] GC(3) Eden regions: 34->0(304)
[2024-02-03T22:06:47.868+0000][2.761s] GC(3) Survivor regions: 3->3(5)
[2024-02-03T22:06:47.868+0000][2.761s] GC(3) Old regions: 14->17
[2024-02-03T22:06:47.868+0000][2.761s] GC(3) Humongous regions: 4->4
[2024-02-03T22:06:47.868+0000][2.761s] GC(3) Metaspace: 19743K(20160K)->19743K(20160K) NonClass: 17482K(17728K)->17482K(17728K) Class: 2261K(2432K)->2261K(2432K)
[2024-02-03T22:06:47.868+0000][2.761s] GC(3) Pause Young (Normal) (G1 Evacuation Pause) 54M->22M(512M) 3.315ms
[2024-02-03T22:06:47.868+0000][2.761s] GC(3) User=0.01s Sys=0.00s Real=0.00s
[2024-02-03T22:06:48.102+0000][2.995s] GC(4) Pause Young (Concurrent Start) (Metadata GC Threshold)
[2024-02-03T22:06:48.102+0000][2.995s] GC(4) Using 2 workers of 2 for evacuation
[2024-02-03T22:06:48.105+0000][2.997s] GC(4)   Pre Evacuate Collection Set: 0.2ms
[2024-02-03T22:06:48.105+0000][2.997s] GC(4)   Merge Heap Roots: 0.0ms
[2024-02-03T22:06:48.105+0000][2.997s] GC(4)   Evacuate Collection Set: 1.7ms
[2024-02-03T22:06:48.105+0000][2.997s] GC(4)   Post Evacuate Collection Set: 0.4ms
[2024-02-03T22:06:48.105+0000][2.997s] GC(4)   Other: 0.1ms
[2024-02-03T22:06:48.105+0000][2.997s] GC(4) Eden regions: 40->0(104)
[2024-02-03T22:06:48.105+0000][2.997s] GC(4) Survivor regions: 3->5(39)
[2024-02-03T22:06:48.105+0000][2.997s] GC(4) Old regions: 17->17
[2024-02-03T22:06:48.105+0000][2.997s] GC(4) Humongous regions: 4->4
[2024-02-03T22:06:48.105+0000][2.997s] GC(4) Metaspace: 21089K(21504K)->21089K(21504K) NonClass: 18697K(18944K)->18697K(18944K) Class: 2391K(2560K)->2391K(2560K)
[2024-02-03T22:06:48.105+0000][2.997s] GC(4) Pause Young (Concurrent Start) (Metadata GC Threshold) 62M->24M(512M) 2.663ms
[2024-02-03T22:06:48.105+0000][2.997s] GC(4) User=0.01s Sys=0.00s Real=0.00s
[2024-02-03T22:06:48.105+0000][2.998s] GC(5) Concurrent Mark Cycle
[2024-02-03T22:06:48.105+0000][2.998s] GC(5) Concurrent Scan Root Regions
[2024-02-03T22:06:48.106+0000][2.998s] GC(5) Concurrent Scan Root Regions 0.769ms
[2024-02-03T22:06:48.106+0000][2.998s] GC(5) Concurrent Mark
[2024-02-03T22:06:48.106+0000][2.998s] GC(5) Concurrent Mark From Roots
[2024-02-03T22:06:48.106+0000][2.998s] GC(5) Using 1 workers of 1 for marking
[2024-02-03T22:06:48.137+0000][3.029s] GC(5) Concurrent Mark From Roots 31.078ms
[2024-02-03T22:06:48.137+0000][3.029s] GC(5) Concurrent Preclean
[2024-02-03T22:06:48.137+0000][3.030s] GC(5) Concurrent Preclean 0.034ms
[2024-02-03T22:06:48.137+0000][3.030s] GC(5) Pause Remark
[2024-02-03T22:06:48.142+0000][3.035s] GC(5) Pause Remark 25M->25M(512M) 4.620ms
[2024-02-03T22:06:48.142+0000][3.035s] GC(5) User=0.01s Sys=0.00s Real=0.01s
[2024-02-03T22:06:48.142+0000][3.035s] GC(5) Concurrent Mark 36.477ms
[2024-02-03T22:06:48.142+0000][3.035s] GC(5) Concurrent Rebuild Remembered Sets and Scrub Regions
[2024-02-03T22:06:48.160+0000][3.053s] GC(5) Concurrent Rebuild Remembered Sets and Scrub Regions 18.078ms
[2024-02-03T22:06:48.161+0000][3.053s] GC(5) Pause Cleanup
[2024-02-03T22:06:48.161+0000][3.054s] GC(5) Pause Cleanup 25M->25M(512M) 0.206ms
[2024-02-03T22:06:48.161+0000][3.054s] GC(5) User=0.00s Sys=0.00s Real=0.00s
[2024-02-03T22:06:48.161+0000][3.054s] GC(5) Concurrent Clear Claimed Marks
[2024-02-03T22:06:48.161+0000][3.054s] GC(5) Concurrent Clear Claimed Marks 0.051ms
[2024-02-03T22:06:48.161+0000][3.054s] GC(5) Concurrent Cleanup for Next Mark
[2024-02-03T22:06:48.162+0000][3.054s] GC(5) Concurrent Cleanup for Next Mark 0.511ms
[2024-02-03T22:06:48.162+0000][3.054s] GC(5) Concurrent Mark Cycle 56.841ms
[2024-02-03T22:06:50.290+0000][5.183s] GC(6) Pause Young (Prepare Mixed) (G1 Evacuation Pause)
[2024-02-03T22:06:50.290+0000][5.183s] GC(6) Using 2 workers of 2 for evacuation
[2024-02-03T22:06:50.298+0000][5.190s] GC(6)   Pre Evacuate Collection Set: 0.1ms
[2024-02-03T22:06:50.298+0000][5.190s] GC(6)   Merge Heap Roots: 0.1ms
[2024-02-03T22:06:50.298+0000][5.190s] GC(6)   Evacuate Collection Set: 7.0ms
[2024-02-03T22:06:50.298+0000][5.190s] GC(6)   Post Evacuate Collection Set: 0.5ms
[2024-02-03T22:06:50.298+0000][5.190s] GC(6)   Other: 0.1ms
[2024-02-03T22:06:50.298+0000][5.190s] GC(6) Eden regions: 103->0(139)
[2024-02-03T22:06:50.298+0000][5.191s] GC(6) Survivor regions: 5->11(14)
[2024-02-03T22:06:50.298+0000][5.191s] GC(6) Old regions: 17->17
[2024-02-03T22:06:50.298+0000][5.191s] GC(6) Humongous regions: 5->4
[2024-02-03T22:06:50.298+0000][5.191s] GC(6) Metaspace: 37991K(38464K)->37991K(38464K) NonClass: 33729K(33984K)->33729K(33984K) Class: 4261K(4480K)->4261K(4480K)
[2024-02-03T22:06:50.298+0000][5.191s] GC(6) Pause Young (Prepare Mixed) (G1 Evacuation Pause) 128M->30M(512M) 8.013ms
[2024-02-03T22:06:50.298+0000][5.191s] GC(6) User=0.02s Sys=0.00s Real=0.00s
[2024-02-03T22:06:50.312+0000][5.205s] GC(7) Pause Young (Mixed) (Metadata GC Threshold)
[2024-02-03T22:06:50.312+0000][5.205s] GC(7) Using 2 workers of 2 for evacuation
[2024-02-03T22:06:50.320+0000][5.212s] GC(7)   Pre Evacuate Collection Set: 0.2ms
[2024-02-03T22:06:50.320+0000][5.212s] GC(7)   Merge Heap Roots: 0.0ms
[2024-02-03T22:06:50.320+0000][5.212s] GC(7)   Evacuate Collection Set: 6.5ms
[2024-02-03T22:06:50.320+0000][5.212s] GC(7)   Post Evacuate Collection Set: 0.5ms
[2024-02-03T22:06:50.320+0000][5.212s] GC(7)   Other: 0.1ms
[2024-02-03T22:06:50.320+0000][5.212s] GC(7) Eden regions: 2->0(126)
[2024-02-03T22:06:50.320+0000][5.212s] GC(7) Survivor regions: 11->9(19)
[2024-02-03T22:06:50.320+0000][5.213s] GC(7) Old regions: 17->19
[2024-02-03T22:06:50.320+0000][5.213s] GC(7) Humongous regions: 4->4
[2024-02-03T22:06:50.320+0000][5.213s] GC(7) Metaspace: 38119K(38528K)->38119K(38528K) NonClass: 33834K(34048K)->33834K(34048K) Class: 4285K(4480K)->4285K(4480K)
[2024-02-03T22:06:50.320+0000][5.213s] GC(7) Pause Young (Mixed) (Metadata GC Threshold) 31M->30M(512M) 7.483ms
[2024-02-03T22:06:50.320+0000][5.213s] GC(7) User=0.02s Sys=0.00s Real=0.00s
[2024-02-03T22:06:50.380+0000][5.272s] GC(8) Pause Young (Concurrent Start) (Metadata GC Threshold)
[2024-02-03T22:06:50.380+0000][5.272s] GC(8) Using 2 workers of 2 for evacuation
[2024-02-03T22:06:50.398+0000][5.291s] GC(8)   Pre Evacuate Collection Set: 0.1ms
[2024-02-03T22:06:50.398+0000][5.291s] GC(8)   Merge Heap Roots: 0.0ms
[2024-02-03T22:06:50.398+0000][5.291s] GC(8)   Evacuate Collection Set: 5.6ms
[2024-02-03T22:06:50.398+0000][5.291s] GC(8)   Post Evacuate Collection Set: 12.7ms
[2024-02-03T22:06:50.398+0000][5.291s] GC(8)   Other: 0.1ms
[2024-02-03T22:06:50.398+0000][5.291s] GC(8) Eden regions: 2->0(157)
[2024-02-03T22:06:50.398+0000][5.291s] GC(8) Survivor regions: 9->9(17)
[2024-02-03T22:06:50.398+0000][5.291s] GC(8) Old regions: 19->19
[2024-02-03T22:06:50.398+0000][5.291s] GC(8) Humongous regions: 4->4
[2024-02-03T22:06:50.398+0000][5.291s] GC(8) Metaspace: 38356K(38848K)->38356K(38848K) NonClass: 34041K(34304K)->34041K(34304K) Class: 4314K(4544K)->4314K(4544K)
[2024-02-03T22:06:50.398+0000][5.291s] GC(8) Pause Young (Concurrent Start) (Metadata GC Threshold) 32M->30M(512M) 18.769ms
[2024-02-03T22:06:50.398+0000][5.291s] GC(8) User=0.01s Sys=0.00s Real=0.02s
[2024-02-03T22:06:50.399+0000][5.291s] GC(9) Concurrent Mark Cycle
[2024-02-03T22:06:50.399+0000][5.291s] GC(9) Concurrent Scan Root Regions
[2024-02-03T22:06:50.407+0000][5.300s] GC(9) Concurrent Scan Root Regions 8.928ms
[2024-02-03T22:06:50.408+0000][5.300s] GC(9) Concurrent Mark
[2024-02-03T22:06:50.408+0000][5.300s] GC(9) Concurrent Mark From Roots
[2024-02-03T22:06:50.408+0000][5.300s] GC(9) Using 1 workers of 1 for marking
[2024-02-03T22:06:50.512+0000][5.405s] GC(9) Concurrent Mark From Roots 104.662ms
[2024-02-03T22:06:50.513+0000][5.406s] GC(9) Concurrent Preclean
[2024-02-03T22:06:50.513+0000][5.406s] GC(9) Concurrent Preclean 0.102ms
[2024-02-03T22:06:50.514+0000][5.407s] GC(9) Pause Remark
[2024-02-03T22:06:50.520+0000][5.413s] GC(9) Pause Remark 32M->32M(512M) 5.604ms
[2024-02-03T22:06:50.520+0000][5.413s] GC(9) User=0.01s Sys=0.00s Real=0.00s
[2024-02-03T22:06:50.520+0000][5.413s] GC(9) Concurrent Mark 112.528ms
[2024-02-03T22:06:50.520+0000][5.413s] GC(9) Concurrent Rebuild Remembered Sets and Scrub Regions
[2024-02-03T22:06:50.530+0000][5.423s] GC(9) Concurrent Rebuild Remembered Sets and Scrub Regions 9.891ms
[2024-02-03T22:06:50.530+0000][5.423s] GC(9) Pause Cleanup
[2024-02-03T22:06:50.530+0000][5.423s] GC(9) Pause Cleanup 32M->32M(512M) 0.119ms
[2024-02-03T22:06:50.530+0000][5.423s] GC(9) User=0.00s Sys=0.00s Real=0.00s
[2024-02-03T22:06:50.530+0000][5.423s] GC(9) Concurrent Clear Claimed Marks
[2024-02-03T22:06:50.530+0000][5.423s] GC(9) Concurrent Clear Claimed Marks 0.059ms
[2024-02-03T22:06:50.530+0000][5.423s] GC(9) Concurrent Cleanup for Next Mark
[2024-02-03T22:06:50.531+0000][5.424s] GC(9) Concurrent Cleanup for Next Mark 0.487ms
[2024-02-03T22:06:50.531+0000][5.424s] GC(9) Concurrent Mark Cycle 132.488ms
[2024-02-03T22:06:52.286+0000][7.179s] GC(10) Pause Young (Prepare Mixed) (G1 Evacuation Pause)
[2024-02-03T22:06:52.286+0000][7.179s] GC(10) Using 2 workers of 2 for evacuation
[2024-02-03T22:06:52.307+0000][7.199s] GC(10)   Pre Evacuate Collection Set: 0.1ms
[2024-02-03T22:06:52.307+0000][7.200s] GC(10)   Merge Heap Roots: 0.1ms
[2024-02-03T22:06:52.307+0000][7.200s] GC(10)   Evacuate Collection Set: 18.9ms
[2024-02-03T22:06:52.307+0000][7.200s] GC(10)   Post Evacuate Collection Set: 1.1ms
[2024-02-03T22:06:52.307+0000][7.200s] GC(10)   Other: 0.2ms
[2024-02-03T22:06:52.307+0000][7.200s] GC(10) Eden regions: 153->0(257)
[2024-02-03T22:06:52.307+0000][7.200s] GC(10) Survivor regions: 9->19(21)
[2024-02-03T22:06:52.307+0000][7.200s] GC(10) Old regions: 19->19
[2024-02-03T22:06:52.307+0000][7.200s] GC(10) Humongous regions: 4->4
[2024-02-03T22:06:52.307+0000][7.200s] GC(10) Metaspace: 53491K(54080K)->53491K(54080K) NonClass: 47095K(47424K)->47095K(47424K) Class: 6396K(6656K)->6396K(6656K)
[2024-02-03T22:06:52.307+0000][7.200s] GC(10) Pause Young (Prepare Mixed) (G1 Evacuation Pause) 183M->40M(512M) 21.066ms
[2024-02-03T22:06:52.307+0000][7.200s] GC(10) User=0.04s Sys=0.00s Real=0.02s
[2024-02-03T22:08:19.887+0000][94.780s] Heap
[2024-02-03T22:08:19.887+0000][94.780s]  garbage-first heap   total 524288K, used 142178K [0x00000000e0000000, 0x0000000100000000)
[2024-02-03T22:08:19.887+0000][94.780s]   region size 1024K, 118 young (120832K), 19 survivors (19456K)
[2024-02-03T22:08:19.887+0000][94.780s]  Metaspace       used 56137K, committed 56768K, reserved 1114112K
[2024-02-03T22:08:19.887+0000][94.780s]   class space    used 6723K, committed 6976K, reserved 1048576K
