[2024-02-03T23:24:12.810+0000][0.006s] CardTable entry size: 512
[2024-02-03T23:24:12.811+0000][0.006s] Using G1
[2024-02-03T23:24:13.100+0000][0.296s] Version: 21.0.1+12-LTS (release)
[2024-02-03T23:24:13.101+0000][0.296s] CPUs: 2 total, 2 available
[2024-02-03T23:24:13.101+0000][0.296s] Memory: 7929M
[2024-02-03T23:24:13.101+0000][0.296s] Large Page Support: Disabled
[2024-02-03T23:24:13.101+0000][0.296s] NUMA Support: Disabled
[2024-02-03T23:24:13.101+0000][0.296s] Compressed Oops: Enabled (32-bit)
[2024-02-03T23:24:13.101+0000][0.296s] Heap Region Size: 1M
[2024-02-03T23:24:13.101+0000][0.296s] Heap Min Capacity: 512M
[2024-02-03T23:24:13.101+0000][0.296s] Heap Initial Capacity: 512M
[2024-02-03T23:24:13.101+0000][0.296s] Heap Max Capacity: 512M
[2024-02-03T23:24:13.101+0000][0.296s] Pre-touch: Enabled
[2024-02-03T23:24:13.101+0000][0.296s] Parallel Workers: 2
[2024-02-03T23:24:13.101+0000][0.296s] Concurrent Workers: 1
[2024-02-03T23:24:13.101+0000][0.297s] Concurrent Refinement Workers: 2
[2024-02-03T23:24:13.101+0000][0.297s] Periodic GC: Disabled
[2024-02-03T23:24:13.113+0000][0.308s] CDS archive(s) mapped at: [0x00007f4e6b000000-0x00007f4e6bca8000-0x00007f4e6bca8000), size 13271040, SharedBaseAddress: 0x00007f4e6b000000, ArchiveRelocationMode: 1.
[2024-02-03T23:24:13.113+0000][0.309s] Compressed class space mapped at: 0x00007f4e6c000000-0x00007f4eac000000, reserved size: 1073741824
[2024-02-03T23:24:13.113+0000][0.309s] Narrow klass base: 0x00007f4e6b000000, Narrow klass shift: 0, Narrow klass range: 0x100000000
[2024-02-03T23:24:15.220+0000][2.415s] GC(0) Pause Young (Normal) (G1 Evacuation Pause)
[2024-02-03T23:24:15.220+0000][2.416s] GC(0) Using 2 workers of 2 for evacuation
[2024-02-03T23:24:15.227+0000][2.422s] GC(0)   Pre Evacuate Collection Set: 0.1ms
[2024-02-03T23:24:15.227+0000][2.422s] GC(0)   Merge Heap Roots: 0.0ms
[2024-02-03T23:24:15.227+0000][2.422s] GC(0)   Evacuate Collection Set: 5.2ms
[2024-02-03T23:24:15.227+0000][2.422s] GC(0)   Post Evacuate Collection Set: 0.4ms
[2024-02-03T23:24:15.227+0000][2.422s] GC(0)   Other: 0.5ms
[2024-02-03T23:24:15.227+0000][2.422s] GC(0) Eden regions: 25->0(21)
[2024-02-03T23:24:15.227+0000][2.422s] GC(0) Survivor regions: 0->4(4)
[2024-02-03T23:24:15.227+0000][2.422s] GC(0) Old regions: 2->2
[2024-02-03T23:24:15.227+0000][2.422s] GC(0) Humongous regions: 0->0
[2024-02-03T23:24:15.227+0000][2.422s] GC(0) Metaspace: 7839K(8064K)->7839K(8064K) NonClass: 6934K(7040K)->6934K(7040K) Class: 904K(1024K)->904K(1024K)
[2024-02-03T23:24:15.227+0000][2.422s] GC(0) Pause Young (Normal) (G1 Evacuation Pause) 26M->4M(512M) 6.645ms
[2024-02-03T23:24:15.227+0000][2.422s] GC(0) User=0.01s Sys=0.00s Real=0.01s
[2024-02-03T23:24:16.202+0000][3.397s] GC(1) Pause Young (Normal) (G1 Evacuation Pause)
[2024-02-03T23:24:16.202+0000][3.397s] GC(1) Using 2 workers of 2 for evacuation
[2024-02-03T23:24:16.232+0000][3.427s] GC(1)   Pre Evacuate Collection Set: 0.2ms
[2024-02-03T23:24:16.232+0000][3.428s] GC(1)   Merge Heap Roots: 0.0ms
[2024-02-03T23:24:16.232+0000][3.428s] GC(1)   Evacuate Collection Set: 29.3ms
[2024-02-03T23:24:16.233+0000][3.428s] GC(1)   Post Evacuate Collection Set: 0.5ms
[2024-02-03T23:24:16.233+0000][3.428s] GC(1)   Other: 0.1ms
[2024-02-03T23:24:16.233+0000][3.428s] GC(1) Eden regions: 21->0(21)
[2024-02-03T23:24:16.233+0000][3.428s] GC(1) Survivor regions: 4->4(4)
[2024-02-03T23:24:16.233+0000][3.428s] GC(1) Old regions: 2->10
[2024-02-03T23:24:16.233+0000][3.428s] GC(1) Humongous regions: 4->4
[2024-02-03T23:24:16.233+0000][3.428s] GC(1) Metaspace: 13474K(13824K)->13474K(13824K) NonClass: 11928K(12160K)->11928K(12160K) Class: 1545K(1664K)->1545K(1664K)
[2024-02-03T23:24:16.233+0000][3.428s] GC(1) Pause Young (Normal) (G1 Evacuation Pause) 29M->16M(512M) 31.034ms
[2024-02-03T23:24:16.233+0000][3.428s] GC(1) User=0.03s Sys=0.00s Real=0.03s
[2024-02-03T23:24:16.806+0000][4.001s] GC(2) Pause Young (Normal) (G1 Evacuation Pause)
[2024-02-03T23:24:16.806+0000][4.001s] GC(2) Using 2 workers of 2 for evacuation
[2024-02-03T23:24:16.812+0000][4.008s] GC(2)   Pre Evacuate Collection Set: 0.1ms
[2024-02-03T23:24:16.813+0000][4.008s] GC(2)   Merge Heap Roots: 0.0ms
[2024-02-03T23:24:16.813+0000][4.008s] GC(2)   Evacuate Collection Set: 6.1ms
[2024-02-03T23:24:16.813+0000][4.008s] GC(2)   Post Evacuate Collection Set: 0.5ms
[2024-02-03T23:24:16.813+0000][4.008s] GC(2)   Other: 0.1ms
[2024-02-03T23:24:16.813+0000][4.008s] GC(2) Eden regions: 21->0(34)
[2024-02-03T23:24:16.813+0000][4.008s] GC(2) Survivor regions: 4->3(4)
[2024-02-03T23:24:16.813+0000][4.008s] GC(2) Old regions: 10->14
[2024-02-03T23:24:16.813+0000][4.008s] GC(2) Humongous regions: 4->4
[2024-02-03T23:24:16.813+0000][4.008s] GC(2) Metaspace: 19660K(20032K)->19660K(20032K) NonClass: 17400K(17600K)->17400K(17600K) Class: 2260K(2432K)->2260K(2432K)
[2024-02-03T23:24:16.813+0000][4.008s] GC(2) Pause Young (Normal) (G1 Evacuation Pause) 37M->20M(512M) 7.531ms
[2024-02-03T23:24:16.813+0000][4.008s] GC(2) User=0.02s Sys=0.00s Real=0.01s
[2024-02-03T23:24:17.239+0000][4.434s] GC(3) Pause Young (Normal) (G1 Evacuation Pause)
[2024-02-03T23:24:17.239+0000][4.434s] GC(3) Using 2 workers of 2 for evacuation
[2024-02-03T23:24:17.243+0000][4.438s] GC(3)   Pre Evacuate Collection Set: 0.1ms
[2024-02-03T23:24:17.243+0000][4.438s] GC(3)   Merge Heap Roots: 0.0ms
[2024-02-03T23:24:17.243+0000][4.438s] GC(3)   Evacuate Collection Set: 3.1ms
[2024-02-03T23:24:17.243+0000][4.438s] GC(3)   Post Evacuate Collection Set: 0.4ms
[2024-02-03T23:24:17.243+0000][4.438s] GC(3)   Other: 0.1ms
[2024-02-03T23:24:17.243+0000][4.438s] GC(3) Eden regions: 36->0(304)
[2024-02-03T23:24:17.243+0000][4.438s] GC(3) Survivor regions: 3->3(5)
[2024-02-03T23:24:17.243+0000][4.438s] GC(3) Old regions: 14->17
[2024-02-03T23:24:17.243+0000][4.438s] GC(3) Humongous regions: 4->4
[2024-02-03T23:24:17.243+0000][4.438s] GC(3) Metaspace: 19769K(20160K)->19769K(20160K) NonClass: 17508K(17728K)->17508K(17728K) Class: 2261K(2432K)->2261K(2432K)
[2024-02-03T23:24:17.243+0000][4.438s] GC(3) Pause Young (Normal) (G1 Evacuation Pause) 56M->22M(512M) 4.007ms
[2024-02-03T23:24:17.243+0000][4.438s] GC(3) User=0.00s Sys=0.00s Real=0.01s
[2024-02-03T23:24:17.744+0000][4.940s] GC(4) Pause Young (Concurrent Start) (Metadata GC Threshold)
[2024-02-03T23:24:17.744+0000][4.940s] GC(4) Using 2 workers of 2 for evacuation
[2024-02-03T23:24:17.747+0000][4.942s] GC(4)   Pre Evacuate Collection Set: 0.1ms
[2024-02-03T23:24:17.747+0000][4.942s] GC(4)   Merge Heap Roots: 0.0ms
[2024-02-03T23:24:17.747+0000][4.942s] GC(4)   Evacuate Collection Set: 2.1ms
[2024-02-03T23:24:17.747+0000][4.942s] GC(4)   Post Evacuate Collection Set: 0.5ms
[2024-02-03T23:24:17.747+0000][4.942s] GC(4)   Other: 0.1ms
[2024-02-03T23:24:17.747+0000][4.943s] GC(4) Eden regions: 39->0(85)
[2024-02-03T23:24:17.747+0000][4.943s] GC(4) Survivor regions: 3->5(39)
[2024-02-03T23:24:17.747+0000][4.943s] GC(4) Old regions: 17->17
[2024-02-03T23:24:17.747+0000][4.943s] GC(4) Humongous regions: 4->4
[2024-02-03T23:24:17.747+0000][4.943s] GC(4) Metaspace: 21096K(21504K)->21096K(21504K) NonClass: 18706K(18944K)->18706K(18944K) Class: 2389K(2560K)->2389K(2560K)
[2024-02-03T23:24:17.747+0000][4.943s] GC(4) Pause Young (Concurrent Start) (Metadata GC Threshold) 61M->24M(512M) 3.057ms
[2024-02-03T23:24:17.747+0000][4.943s] GC(4) User=0.00s Sys=0.01s Real=0.00s
[2024-02-03T23:24:17.748+0000][4.943s] GC(5) Concurrent Mark Cycle
[2024-02-03T23:24:17.748+0000][4.943s] GC(5) Concurrent Scan Root Regions
[2024-02-03T23:24:17.748+0000][4.943s] GC(5) Concurrent Scan Root Regions 0.698ms
[2024-02-03T23:24:17.748+0000][4.943s] GC(5) Concurrent Mark
[2024-02-03T23:24:17.748+0000][4.943s] GC(5) Concurrent Mark From Roots
[2024-02-03T23:24:17.748+0000][4.944s] GC(5) Using 1 workers of 1 for marking
[2024-02-03T23:24:17.768+0000][4.963s] GC(5) Concurrent Mark From Roots 19.903ms
[2024-02-03T23:24:17.768+0000][4.964s] GC(5) Concurrent Preclean
[2024-02-03T23:24:17.768+0000][4.964s] GC(5) Concurrent Preclean 0.075ms
[2024-02-03T23:24:17.769+0000][4.964s] GC(5) Pause Remark
[2024-02-03T23:24:17.773+0000][4.968s] GC(5) Pause Remark 25M->25M(512M) 4.438ms
[2024-02-03T23:24:17.773+0000][4.968s] GC(5) User=0.01s Sys=0.00s Real=0.01s
[2024-02-03T23:24:17.773+0000][4.968s] GC(5) Concurrent Mark 24.906ms
[2024-02-03T23:24:17.773+0000][4.968s] GC(5) Concurrent Rebuild Remembered Sets and Scrub Regions
[2024-02-03T23:24:17.779+0000][4.975s] GC(5) Concurrent Rebuild Remembered Sets and Scrub Regions 6.264ms
[2024-02-03T23:24:17.783+0000][4.978s] GC(5) Pause Cleanup
[2024-02-03T23:24:17.783+0000][4.978s] GC(5) Pause Cleanup 25M->25M(512M) 0.099ms
[2024-02-03T23:24:17.783+0000][4.978s] GC(5) User=0.00s Sys=0.00s Real=0.00s
[2024-02-03T23:24:17.783+0000][4.978s] GC(5) Concurrent Clear Claimed Marks
[2024-02-03T23:24:17.783+0000][4.978s] GC(5) Concurrent Clear Claimed Marks 0.023ms
[2024-02-03T23:24:17.783+0000][4.978s] GC(5) Concurrent Cleanup for Next Mark
[2024-02-03T23:24:17.784+0000][4.979s] GC(5) Concurrent Cleanup for Next Mark 0.699ms
[2024-02-03T23:24:17.784+0000][4.979s] GC(5) Concurrent Mark Cycle 36.146ms
[2024-02-03T23:24:20.038+0000][7.233s] GC(6) Pause Young (Prepare Mixed) (Metadata GC Threshold)
[2024-02-03T23:24:20.038+0000][7.233s] GC(6) Using 2 workers of 2 for evacuation
[2024-02-03T23:24:20.045+0000][7.240s] GC(6)   Pre Evacuate Collection Set: 0.1ms
[2024-02-03T23:24:20.045+0000][7.240s] GC(6)   Merge Heap Roots: 0.0ms
[2024-02-03T23:24:20.045+0000][7.240s] GC(6)   Evacuate Collection Set: 6.3ms
[2024-02-03T23:24:20.045+0000][7.240s] GC(6)   Post Evacuate Collection Set: 0.6ms
[2024-02-03T23:24:20.045+0000][7.240s] GC(6)   Other: 0.1ms
[2024-02-03T23:24:20.045+0000][7.240s] GC(6) Eden regions: 74->0(114)
[2024-02-03T23:24:20.045+0000][7.240s] GC(6) Survivor regions: 5->9(12)
[2024-02-03T23:24:20.045+0000][7.240s] GC(6) Old regions: 17->17
[2024-02-03T23:24:20.045+0000][7.240s] GC(6) Humongous regions: 5->4
[2024-02-03T23:24:20.045+0000][7.240s] GC(6) Metaspace: 35772K(36288K)->35772K(36288K) NonClass: 31800K(32064K)->31800K(32064K) Class: 3971K(4224K)->3971K(4224K)
[2024-02-03T23:24:20.045+0000][7.240s] GC(6) Pause Young (Prepare Mixed) (Metadata GC Threshold) 99M->28M(512M) 7.513ms
[2024-02-03T23:24:20.045+0000][7.240s] GC(6) User=0.01s Sys=0.00s Real=0.01s
[2024-02-03T23:24:20.106+0000][7.302s] GC(7) Pause Young (Mixed) (Metadata GC Threshold)
[2024-02-03T23:24:20.106+0000][7.302s] GC(7) Using 2 workers of 2 for evacuation
[2024-02-03T23:24:20.113+0000][7.308s] GC(7)   Pre Evacuate Collection Set: 0.1ms
[2024-02-03T23:24:20.113+0000][7.308s] GC(7)   Merge Heap Roots: 0.0ms
[2024-02-03T23:24:20.113+0000][7.308s] GC(7)   Evacuate Collection Set: 5.6ms
[2024-02-03T23:24:20.113+0000][7.308s] GC(7)   Post Evacuate Collection Set: 0.4ms
[2024-02-03T23:24:20.113+0000][7.308s] GC(7)   Other: 0.1ms
[2024-02-03T23:24:20.113+0000][7.308s] GC(7) Eden regions: 1->0(108)
[2024-02-03T23:24:20.113+0000][7.308s] GC(7) Survivor regions: 9->7(16)
[2024-02-03T23:24:20.113+0000][7.308s] GC(7) Old regions: 17->19
[2024-02-03T23:24:20.113+0000][7.308s] GC(7) Humongous regions: 4->4
[2024-02-03T23:24:20.113+0000][7.308s] GC(7) Metaspace: 36208K(36608K)->36208K(36608K) NonClass: 32184K(32384K)->32184K(32384K) Class: 4024K(4224K)->4024K(4224K)
[2024-02-03T23:24:20.113+0000][7.308s] GC(7) Pause Young (Mixed) (Metadata GC Threshold) 29M->29M(512M) 6.574ms
[2024-02-03T23:24:20.113+0000][7.308s] GC(7) User=0.01s Sys=0.00s Real=0.01s
[2024-02-03T23:24:20.130+0000][7.325s] GC(8) Pause Young (Concurrent Start) (Metadata GC Threshold)
[2024-02-03T23:24:20.130+0000][7.325s] GC(8) Using 2 workers of 2 for evacuation
[2024-02-03T23:24:20.136+0000][7.331s] GC(8)   Pre Evacuate Collection Set: 0.1ms
[2024-02-03T23:24:20.136+0000][7.331s] GC(8)   Merge Heap Roots: 0.0ms
[2024-02-03T23:24:20.136+0000][7.331s] GC(8)   Evacuate Collection Set: 5.9ms
[2024-02-03T23:24:20.136+0000][7.331s] GC(8)   Post Evacuate Collection Set: 0.4ms
[2024-02-03T23:24:20.136+0000][7.331s] GC(8)   Other: 0.1ms
[2024-02-03T23:24:20.136+0000][7.331s] GC(8) Eden regions: 2->0(160)
[2024-02-03T23:24:20.136+0000][7.331s] GC(8) Survivor regions: 7->7(15)
[2024-02-03T23:24:20.136+0000][7.332s] GC(8) Old regions: 19->19
[2024-02-03T23:24:20.136+0000][7.332s] GC(8) Humongous regions: 4->4
[2024-02-03T23:24:20.136+0000][7.332s] GC(8) Metaspace: 36492K(36928K)->36492K(36928K) NonClass: 32439K(32640K)->32439K(32640K) Class: 4052K(4288K)->4052K(4288K)
[2024-02-03T23:24:20.136+0000][7.332s] GC(8) Pause Young (Concurrent Start) (Metadata GC Threshold) 30M->28M(512M) 6.806ms
[2024-02-03T23:24:20.136+0000][7.332s] GC(8) User=0.01s Sys=0.00s Real=0.01s
[2024-02-03T23:24:20.136+0000][7.332s] GC(9) Concurrent Mark Cycle
[2024-02-03T23:24:20.136+0000][7.332s] GC(9) Concurrent Scan Root Regions
[2024-02-03T23:24:20.140+0000][7.335s] GC(9) Concurrent Scan Root Regions 3.429ms
[2024-02-03T23:24:20.140+0000][7.335s] GC(9) Concurrent Mark
[2024-02-03T23:24:20.140+0000][7.335s] GC(9) Concurrent Mark From Roots
[2024-02-03T23:24:20.140+0000][7.335s] GC(9) Using 1 workers of 1 for marking
[2024-02-03T23:24:20.186+0000][7.381s] GC(9) Concurrent Mark From Roots 46.247ms
[2024-02-03T23:24:20.186+0000][7.381s] GC(9) Concurrent Preclean
[2024-02-03T23:24:20.186+0000][7.381s] GC(9) Concurrent Preclean 0.049ms
[2024-02-03T23:24:20.186+0000][7.382s] GC(9) Pause Remark
[2024-02-03T23:24:20.192+0000][7.387s] GC(9) Pause Remark 30M->30M(512M) 5.463ms
[2024-02-03T23:24:20.192+0000][7.387s] GC(9) User=0.00s Sys=0.00s Real=0.00s
[2024-02-03T23:24:20.192+0000][7.387s] GC(9) Concurrent Mark 52.095ms
[2024-02-03T23:24:20.192+0000][7.387s] GC(9) Concurrent Rebuild Remembered Sets and Scrub Regions
[2024-02-03T23:24:20.203+0000][7.398s] GC(9) Concurrent Rebuild Remembered Sets and Scrub Regions 11.168ms
[2024-02-03T23:24:20.203+0000][7.399s] GC(9) Pause Cleanup
[2024-02-03T23:24:20.203+0000][7.399s] GC(9) Pause Cleanup 30M->30M(512M) 0.099ms
[2024-02-03T23:24:20.203+0000][7.399s] GC(9) User=0.01s Sys=0.00s Real=0.00s
[2024-02-03T23:24:20.204+0000][7.399s] GC(9) Concurrent Clear Claimed Marks
[2024-02-03T23:24:20.204+0000][7.399s] GC(9) Concurrent Clear Claimed Marks 0.046ms
[2024-02-03T23:24:20.204+0000][7.399s] GC(9) Concurrent Cleanup for Next Mark
[2024-02-03T23:24:20.204+0000][7.399s] GC(9) Concurrent Cleanup for Next Mark 0.598ms
[2024-02-03T23:24:20.204+0000][7.400s] GC(9) Concurrent Mark Cycle 67.878ms
[2024-02-03T23:24:22.024+0000][9.220s] GC(10) Pause Young (Prepare Mixed) (G1 Evacuation Pause)
[2024-02-03T23:24:22.025+0000][9.220s] GC(10) Using 2 workers of 2 for evacuation
[2024-02-03T23:24:22.044+0000][9.239s] GC(10)   Pre Evacuate Collection Set: 0.1ms
[2024-02-03T23:24:22.044+0000][9.239s] GC(10)   Merge Heap Roots: 0.1ms
[2024-02-03T23:24:22.044+0000][9.239s] GC(10)   Evacuate Collection Set: 18.5ms
[2024-02-03T23:24:22.044+0000][9.239s] GC(10)   Post Evacuate Collection Set: 0.8ms
[2024-02-03T23:24:22.044+0000][9.239s] GC(10)   Other: 0.1ms
[2024-02-03T23:24:22.044+0000][9.239s] GC(10) Eden regions: 155->0(289)
[2024-02-03T23:24:22.044+0000][9.239s] GC(10) Survivor regions: 7->18(21)
[2024-02-03T23:24:22.044+0000][9.240s] GC(10) Old regions: 19->19
[2024-02-03T23:24:22.044+0000][9.240s] GC(10) Humongous regions: 4->4
[2024-02-03T23:24:22.044+0000][9.240s] GC(10) Metaspace: 52406K(53056K)->52406K(53056K) NonClass: 46160K(46528K)->46160K(46528K) Class: 6245K(6528K)->6245K(6528K)
[2024-02-03T23:24:22.044+0000][9.240s] GC(10) Pause Young (Prepare Mixed) (G1 Evacuation Pause) 183M->40M(512M) 19.877ms
[2024-02-03T23:24:22.044+0000][9.240s] GC(10) User=0.04s Sys=0.00s Real=0.02s
[2024-02-03T23:52:07.831+0000][1675.027s] GC(11) Pause Young (Mixed) (G1 Evacuation Pause)
[2024-02-03T23:52:07.832+0000][1675.027s] GC(11) Using 2 workers of 2 for evacuation
[2024-02-03T23:52:07.870+0000][1675.065s] GC(11)   Pre Evacuate Collection Set: 0.1ms
[2024-02-03T23:52:07.870+0000][1675.065s] GC(11)   Merge Heap Roots: 0.1ms
[2024-02-03T23:52:07.870+0000][1675.065s] GC(11)   Evacuate Collection Set: 34.9ms
[2024-02-03T23:52:07.870+0000][1675.065s] GC(11)   Post Evacuate Collection Set: 3.2ms
[2024-02-03T23:52:07.870+0000][1675.065s] GC(11)   Other: 0.1ms
[2024-02-03T23:52:07.870+0000][1675.065s] GC(11) Eden regions: 289->0(240)
[2024-02-03T23:52:07.870+0000][1675.065s] GC(11) Survivor regions: 18->30(39)
[2024-02-03T23:52:07.870+0000][1675.065s] GC(11) Old regions: 19->18
[2024-02-03T23:52:07.870+0000][1675.065s] GC(11) Humongous regions: 4->4
[2024-02-03T23:52:07.870+0000][1675.065s] GC(11) Metaspace: 61534K(62144K)->61534K(62144K) NonClass: 54476K(54848K)->54476K(54848K) Class: 7057K(7296K)->7057K(7296K)
[2024-02-03T23:52:07.870+0000][1675.065s] GC(11) Pause Young (Mixed) (G1 Evacuation Pause) 329M->51M(512M) 38.663ms
[2024-02-03T23:52:07.870+0000][1675.065s] GC(11) User=0.07s Sys=0.00s Real=0.04s
[2024-02-03T23:52:36.580+0000][1703.775s] GC(12) Pause Young (Normal) (G1 Evacuation Pause)
[2024-02-03T23:52:36.580+0000][1703.775s] GC(12) Using 2 workers of 2 for evacuation
[2024-02-03T23:52:36.610+0000][1703.806s] GC(12)   Pre Evacuate Collection Set: 0.2ms
[2024-02-03T23:52:36.610+0000][1703.806s] GC(12)   Merge Heap Roots: 0.1ms
[2024-02-03T23:52:36.610+0000][1703.806s] GC(12)   Evacuate Collection Set: 28.8ms
[2024-02-03T23:52:36.610+0000][1703.806s] GC(12)   Post Evacuate Collection Set: 1.1ms
[2024-02-03T23:52:36.611+0000][1703.806s] GC(12)   Other: 0.1ms
[2024-02-03T23:52:36.611+0000][1703.806s] GC(12) Eden regions: 240->0(295)
[2024-02-03T23:52:36.611+0000][1703.806s] GC(12) Survivor regions: 30->12(34)
[2024-02-03T23:52:36.611+0000][1703.806s] GC(12) Old regions: 18->36
[2024-02-03T23:52:36.611+0000][1703.806s] GC(12) Humongous regions: 4->4
[2024-02-03T23:52:36.611+0000][1703.806s] GC(12) Metaspace: 61583K(62208K)->61583K(62208K) NonClass: 54524K(54912K)->54524K(54912K) Class: 7058K(7296K)->7058K(7296K)
[2024-02-03T23:52:36.611+0000][1703.806s] GC(12) Pause Young (Normal) (G1 Evacuation Pause) 291M->51M(512M) 30.521ms
[2024-02-03T23:52:36.611+0000][1703.806s] GC(12) User=0.04s Sys=0.01s Real=0.03s
