[2024-02-03T21:32:10.267+0000][0.006s] CardTable entry size: 512
[2024-02-03T21:32:10.267+0000][0.006s] Using G1
[2024-02-03T21:32:10.514+0000][0.254s] Version: 21.0.1+12-LTS (release)
[2024-02-03T21:32:10.514+0000][0.254s] CPUs: 2 total, 2 available
[2024-02-03T21:32:10.514+0000][0.254s] Memory: 7929M
[2024-02-03T21:32:10.514+0000][0.254s] Large Page Support: Disabled
[2024-02-03T21:32:10.514+0000][0.254s] NUMA Support: Disabled
[2024-02-03T21:32:10.514+0000][0.254s] Compressed Oops: Enabled (32-bit)
[2024-02-03T21:32:10.514+0000][0.254s] Heap Region Size: 1M
[2024-02-03T21:32:10.514+0000][0.254s] Heap Min Capacity: 512M
[2024-02-03T21:32:10.514+0000][0.254s] Heap Initial Capacity: 512M
[2024-02-03T21:32:10.514+0000][0.254s] Heap Max Capacity: 512M
[2024-02-03T21:32:10.515+0000][0.254s] Pre-touch: Enabled
[2024-02-03T21:32:10.515+0000][0.254s] Parallel Workers: 2
[2024-02-03T21:32:10.515+0000][0.254s] Concurrent Workers: 1
[2024-02-03T21:32:10.515+0000][0.254s] Concurrent Refinement Workers: 2
[2024-02-03T21:32:10.515+0000][0.254s] Periodic GC: Disabled
[2024-02-03T21:32:10.523+0000][0.262s] CDS archive(s) mapped at: [0x00007f837f000000-0x00007f837fca8000-0x00007f837fca8000), size 13271040, SharedBaseAddress: 0x00007f837f000000, ArchiveRelocationMode: 1.
[2024-02-03T21:32:10.523+0000][0.263s] Compressed class space mapped at: 0x00007f8380000000-0x00007f83c0000000, reserved size: 1073741824
[2024-02-03T21:32:10.523+0000][0.263s] Narrow klass base: 0x00007f837f000000, Narrow klass shift: 0, Narrow klass range: 0x100000000
[2024-02-03T21:32:12.374+0000][2.113s] GC(0) Pause Young (Normal) (G1 Evacuation Pause)
[2024-02-03T21:32:12.374+0000][2.113s] GC(0) Using 2 workers of 2 for evacuation
[2024-02-03T21:32:12.382+0000][2.121s] GC(0)   Pre Evacuate Collection Set: 0.4ms
[2024-02-03T21:32:12.382+0000][2.121s] GC(0)   Merge Heap Roots: 0.0ms
[2024-02-03T21:32:12.382+0000][2.121s] GC(0)   Evacuate Collection Set: 7.1ms
[2024-02-03T21:32:12.382+0000][2.121s] GC(0)   Post Evacuate Collection Set: 0.4ms
[2024-02-03T21:32:12.382+0000][2.121s] GC(0)   Other: 0.1ms
[2024-02-03T21:32:12.382+0000][2.121s] GC(0) Eden regions: 25->0(21)
[2024-02-03T21:32:12.382+0000][2.121s] GC(0) Survivor regions: 0->4(4)
[2024-02-03T21:32:12.382+0000][2.121s] GC(0) Old regions: 2->2
[2024-02-03T21:32:12.382+0000][2.122s] GC(0) Humongous regions: 0->0
[2024-02-03T21:32:12.382+0000][2.122s] GC(0) Metaspace: 7850K(8064K)->7850K(8064K) NonClass: 6945K(7040K)->6945K(7040K) Class: 904K(1024K)->904K(1024K)
[2024-02-03T21:32:12.382+0000][2.122s] GC(0) Pause Young (Normal) (G1 Evacuation Pause) 26M->4M(512M) 8.707ms
[2024-02-03T21:32:12.382+0000][2.122s] GC(0) User=0.01s Sys=0.00s Real=0.01s
[2024-02-03T21:32:13.217+0000][2.956s] GC(1) Pause Young (Normal) (G1 Evacuation Pause)
[2024-02-03T21:32:13.217+0000][2.956s] GC(1) Using 2 workers of 2 for evacuation
[2024-02-03T21:32:13.231+0000][2.970s] GC(1)   Pre Evacuate Collection Set: 0.1ms
[2024-02-03T21:32:13.231+0000][2.970s] GC(1)   Merge Heap Roots: 0.1ms
[2024-02-03T21:32:13.231+0000][2.970s] GC(1)   Evacuate Collection Set: 13.2ms
[2024-02-03T21:32:13.231+0000][2.970s] GC(1)   Post Evacuate Collection Set: 0.4ms
[2024-02-03T21:32:13.231+0000][2.970s] GC(1)   Other: 0.1ms
[2024-02-03T21:32:13.231+0000][2.970s] GC(1) Eden regions: 21->0(21)
[2024-02-03T21:32:13.231+0000][2.970s] GC(1) Survivor regions: 4->4(4)
[2024-02-03T21:32:13.231+0000][2.970s] GC(1) Old regions: 2->10
[2024-02-03T21:32:13.231+0000][2.970s] GC(1) Humongous regions: 4->4
[2024-02-03T21:32:13.231+0000][2.970s] GC(1) Metaspace: 13509K(13760K)->13509K(13760K) NonClass: 11958K(12096K)->11958K(12096K) Class: 1551K(1664K)->1551K(1664K)
[2024-02-03T21:32:13.231+0000][2.970s] GC(1) Pause Young (Normal) (G1 Evacuation Pause) 29M->16M(512M) 14.103ms
[2024-02-03T21:32:13.231+0000][2.970s] GC(1) User=0.02s Sys=0.00s Real=0.02s
[2024-02-03T21:32:13.981+0000][3.721s] GC(2) Pause Young (Normal) (G1 Evacuation Pause)
[2024-02-03T21:32:13.982+0000][3.721s] GC(2) Using 2 workers of 2 for evacuation
[2024-02-03T21:32:13.997+0000][3.737s] GC(2)   Pre Evacuate Collection Set: 0.2ms
[2024-02-03T21:32:13.997+0000][3.737s] GC(2)   Merge Heap Roots: 0.0ms
[2024-02-03T21:32:13.998+0000][3.737s] GC(2)   Evacuate Collection Set: 15.0ms
[2024-02-03T21:32:13.998+0000][3.737s] GC(2)   Post Evacuate Collection Set: 0.5ms
[2024-02-03T21:32:13.998+0000][3.737s] GC(2)   Other: 0.1ms
[2024-02-03T21:32:13.998+0000][3.737s] GC(2) Eden regions: 21->0(35)
[2024-02-03T21:32:13.998+0000][3.737s] GC(2) Survivor regions: 4->3(4)
[2024-02-03T21:32:13.998+0000][3.737s] GC(2) Old regions: 10->14
[2024-02-03T21:32:13.998+0000][3.737s] GC(2) Humongous regions: 4->4
[2024-02-03T21:32:13.998+0000][3.737s] GC(2) Metaspace: 19626K(20032K)->19626K(20032K) NonClass: 17366K(17600K)->17366K(17600K) Class: 2260K(2432K)->2260K(2432K)
[2024-02-03T21:32:13.998+0000][3.737s] GC(2) Pause Young (Normal) (G1 Evacuation Pause) 37M->20M(512M) 16.625ms
[2024-02-03T21:32:13.998+0000][3.737s] GC(2) User=0.01s Sys=0.00s Real=0.01s
[2024-02-03T21:32:14.481+0000][4.220s] GC(3) Pause Young (Normal) (G1 Evacuation Pause)
[2024-02-03T21:32:14.481+0000][4.220s] GC(3) Using 2 workers of 2 for evacuation
[2024-02-03T21:32:14.484+0000][4.223s] GC(3)   Pre Evacuate Collection Set: 0.1ms
[2024-02-03T21:32:14.484+0000][4.223s] GC(3)   Merge Heap Roots: 0.0ms
[2024-02-03T21:32:14.484+0000][4.223s] GC(3)   Evacuate Collection Set: 2.5ms
[2024-02-03T21:32:14.484+0000][4.223s] GC(3)   Post Evacuate Collection Set: 0.4ms
[2024-02-03T21:32:14.484+0000][4.223s] GC(3)   Other: 0.1ms
[2024-02-03T21:32:14.484+0000][4.223s] GC(3) Eden regions: 37->0(304)
[2024-02-03T21:32:14.484+0000][4.223s] GC(3) Survivor regions: 3->3(5)
[2024-02-03T21:32:14.484+0000][4.223s] GC(3) Old regions: 14->17
[2024-02-03T21:32:14.484+0000][4.223s] GC(3) Humongous regions: 4->4
[2024-02-03T21:32:14.484+0000][4.223s] GC(3) Metaspace: 19743K(20160K)->19743K(20160K) NonClass: 17481K(17728K)->17481K(17728K) Class: 2261K(2432K)->2261K(2432K)
[2024-02-03T21:32:14.484+0000][4.223s] GC(3) Pause Young (Normal) (G1 Evacuation Pause) 57M->22M(512M) 3.322ms
[2024-02-03T21:32:14.484+0000][4.223s] GC(3) User=0.00s Sys=0.00s Real=0.01s
[2024-02-03T21:32:14.877+0000][4.616s] GC(4) Pause Young (Concurrent Start) (Metadata GC Threshold)
[2024-02-03T21:32:14.877+0000][4.616s] GC(4) Using 2 workers of 2 for evacuation
[2024-02-03T21:32:14.879+0000][4.618s] GC(4)   Pre Evacuate Collection Set: 0.1ms
[2024-02-03T21:32:14.879+0000][4.619s] GC(4)   Merge Heap Roots: 0.0ms
[2024-02-03T21:32:14.879+0000][4.619s] GC(4)   Evacuate Collection Set: 1.8ms
[2024-02-03T21:32:14.879+0000][4.619s] GC(4)   Post Evacuate Collection Set: 0.4ms
[2024-02-03T21:32:14.879+0000][4.619s] GC(4)   Other: 0.1ms
[2024-02-03T21:32:14.879+0000][4.619s] GC(4) Eden regions: 38->0(132)
[2024-02-03T21:32:14.879+0000][4.619s] GC(4) Survivor regions: 3->5(39)
[2024-02-03T21:32:14.879+0000][4.619s] GC(4) Old regions: 17->17
[2024-02-03T21:32:14.879+0000][4.619s] GC(4) Humongous regions: 4->4
[2024-02-03T21:32:14.879+0000][4.619s] GC(4) Metaspace: 21102K(21504K)->21102K(21504K) NonClass: 18709K(18944K)->18709K(18944K) Class: 2392K(2560K)->2392K(2560K)
[2024-02-03T21:32:14.879+0000][4.619s] GC(4) Pause Young (Concurrent Start) (Metadata GC Threshold) 60M->24M(512M) 2.700ms
[2024-02-03T21:32:14.879+0000][4.619s] GC(4) User=0.01s Sys=0.00s Real=0.00s
[2024-02-03T21:32:14.879+0000][4.619s] GC(5) Concurrent Mark Cycle
[2024-02-03T21:32:14.880+0000][4.619s] GC(5) Concurrent Scan Root Regions
[2024-02-03T21:32:14.880+0000][4.620s] GC(5) Concurrent Scan Root Regions 0.766ms
[2024-02-03T21:32:14.880+0000][4.620s] GC(5) Concurrent Mark
[2024-02-03T21:32:14.880+0000][4.620s] GC(5) Concurrent Mark From Roots
[2024-02-03T21:32:14.880+0000][4.620s] GC(5) Using 1 workers of 1 for marking
[2024-02-03T21:32:14.904+0000][4.643s] GC(5) Concurrent Mark From Roots 23.484ms
[2024-02-03T21:32:14.904+0000][4.643s] GC(5) Concurrent Preclean
[2024-02-03T21:32:14.904+0000][4.643s] GC(5) Concurrent Preclean 0.047ms
[2024-02-03T21:32:14.905+0000][4.644s] GC(5) Pause Remark
[2024-02-03T21:32:14.908+0000][4.648s] GC(5) Pause Remark 25M->25M(512M) 3.803ms
[2024-02-03T21:32:14.908+0000][4.648s] GC(5) User=0.01s Sys=0.00s Real=0.00s
[2024-02-03T21:32:14.909+0000][4.648s] GC(5) Concurrent Mark 28.179ms
[2024-02-03T21:32:14.909+0000][4.648s] GC(5) Concurrent Rebuild Remembered Sets and Scrub Regions
[2024-02-03T21:32:14.916+0000][4.655s] GC(5) Concurrent Rebuild Remembered Sets and Scrub Regions 6.915ms
[2024-02-03T21:32:14.924+0000][4.663s] GC(5) Pause Cleanup
[2024-02-03T21:32:14.924+0000][4.664s] GC(5) Pause Cleanup 25M->25M(512M) 0.117ms
[2024-02-03T21:32:14.924+0000][4.664s] GC(5) User=0.00s Sys=0.00s Real=0.00s
[2024-02-03T21:32:14.924+0000][4.664s] GC(5) Concurrent Clear Claimed Marks
[2024-02-03T21:32:14.924+0000][4.664s] GC(5) Concurrent Clear Claimed Marks 0.034ms
[2024-02-03T21:32:14.924+0000][4.664s] GC(5) Concurrent Cleanup for Next Mark
[2024-02-03T21:32:14.925+0000][4.664s] GC(5) Concurrent Cleanup for Next Mark 0.624ms
[2024-02-03T21:32:14.925+0000][4.664s] GC(5) Concurrent Mark Cycle 45.585ms
[2024-02-03T21:32:16.791+0000][6.531s] GC(6) Pause Young (Prepare Mixed) (Metadata GC Threshold)
[2024-02-03T21:32:16.791+0000][6.531s] GC(6) Using 2 workers of 2 for evacuation
[2024-02-03T21:32:16.798+0000][6.538s] GC(6)   Pre Evacuate Collection Set: 0.1ms
[2024-02-03T21:32:16.798+0000][6.538s] GC(6)   Merge Heap Roots: 0.1ms
[2024-02-03T21:32:16.798+0000][6.538s] GC(6)   Evacuate Collection Set: 5.9ms
[2024-02-03T21:32:16.798+0000][6.538s] GC(6)   Post Evacuate Collection Set: 0.5ms
[2024-02-03T21:32:16.798+0000][6.538s] GC(6)   Other: 0.1ms
[2024-02-03T21:32:16.798+0000][6.538s] GC(6) Eden regions: 87->0(125)
[2024-02-03T21:32:16.798+0000][6.538s] GC(6) Survivor regions: 5->9(17)
[2024-02-03T21:32:16.798+0000][6.538s] GC(6) Old regions: 17->17
[2024-02-03T21:32:16.798+0000][6.538s] GC(6) Humongous regions: 5->4
[2024-02-03T21:32:16.798+0000][6.538s] GC(6) Metaspace: 35669K(36096K)->35669K(36096K) NonClass: 31708K(31936K)->31708K(31936K) Class: 3960K(4160K)->3960K(4160K)
[2024-02-03T21:32:16.798+0000][6.538s] GC(6) Pause Young (Prepare Mixed) (Metadata GC Threshold) 111M->28M(512M) 7.090ms
[2024-02-03T21:32:16.798+0000][6.538s] GC(6) User=0.02s Sys=0.00s Real=0.00s
[2024-02-03T21:32:16.813+0000][6.553s] GC(7) Pause Young (Mixed) (Metadata GC Threshold)
[2024-02-03T21:32:16.813+0000][6.553s] GC(7) Using 2 workers of 2 for evacuation
[2024-02-03T21:32:16.818+0000][6.557s] GC(7)   Pre Evacuate Collection Set: 0.1ms
[2024-02-03T21:32:16.818+0000][6.557s] GC(7)   Merge Heap Roots: 0.0ms
[2024-02-03T21:32:16.818+0000][6.557s] GC(7)   Evacuate Collection Set: 4.1ms
[2024-02-03T21:32:16.818+0000][6.557s] GC(7)   Post Evacuate Collection Set: 0.3ms
[2024-02-03T21:32:16.818+0000][6.557s] GC(7)   Other: 0.1ms
[2024-02-03T21:32:16.818+0000][6.557s] GC(7) Eden regions: 1->0(120)
[2024-02-03T21:32:16.818+0000][6.557s] GC(7) Survivor regions: 9->7(17)
[2024-02-03T21:32:16.818+0000][6.557s] GC(7) Old regions: 17->19
[2024-02-03T21:32:16.818+0000][6.557s] GC(7) Humongous regions: 4->4
[2024-02-03T21:32:16.818+0000][6.557s] GC(7) Metaspace: 35977K(36416K)->35977K(36416K) NonClass: 31979K(32256K)->31979K(32256K) Class: 3998K(4160K)->3998K(4160K)
[2024-02-03T21:32:16.818+0000][6.557s] GC(7) Pause Young (Mixed) (Metadata GC Threshold) 29M->28M(512M) 4.808ms
[2024-02-03T21:32:16.818+0000][6.558s] GC(7) User=0.01s Sys=0.00s Real=0.00s
[2024-02-03T21:32:16.840+0000][6.580s] GC(8) Pause Young (Concurrent Start) (Metadata GC Threshold)
[2024-02-03T21:32:16.840+0000][6.580s] GC(8) Using 2 workers of 2 for evacuation
[2024-02-03T21:32:16.845+0000][6.584s] GC(8)   Pre Evacuate Collection Set: 0.1ms
[2024-02-03T21:32:16.845+0000][6.584s] GC(8)   Merge Heap Roots: 0.0ms
[2024-02-03T21:32:16.845+0000][6.584s] GC(8)   Evacuate Collection Set: 4.0ms
[2024-02-03T21:32:16.845+0000][6.584s] GC(8)   Post Evacuate Collection Set: 0.3ms
[2024-02-03T21:32:16.845+0000][6.584s] GC(8)   Other: 0.1ms
[2024-02-03T21:32:16.845+0000][6.584s] GC(8) Eden regions: 1->0(179)
[2024-02-03T21:32:16.845+0000][6.584s] GC(8) Survivor regions: 7->7(16)
[2024-02-03T21:32:16.845+0000][6.584s] GC(8) Old regions: 19->19
[2024-02-03T21:32:16.845+0000][6.584s] GC(8) Humongous regions: 4->4
[2024-02-03T21:32:16.845+0000][6.584s] GC(8) Metaspace: 36268K(36736K)->36268K(36736K) NonClass: 32235K(32448K)->32235K(32448K) Class: 4032K(4288K)->4032K(4288K)
[2024-02-03T21:32:16.845+0000][6.584s] GC(8) Pause Young (Concurrent Start) (Metadata GC Threshold) 29M->29M(512M) 4.820ms
[2024-02-03T21:32:16.845+0000][6.584s] GC(8) User=0.01s Sys=0.00s Real=0.01s
[2024-02-03T21:32:16.845+0000][6.585s] GC(9) Concurrent Mark Cycle
[2024-02-03T21:32:16.845+0000][6.585s] GC(9) Concurrent Scan Root Regions
[2024-02-03T21:32:16.849+0000][6.588s] GC(9) Concurrent Scan Root Regions 3.326ms
[2024-02-03T21:32:16.849+0000][6.588s] GC(9) Concurrent Mark
[2024-02-03T21:32:16.849+0000][6.588s] GC(9) Concurrent Mark From Roots
[2024-02-03T21:32:16.849+0000][6.588s] GC(9) Using 1 workers of 1 for marking
[2024-02-03T21:32:16.903+0000][6.643s] GC(9) Concurrent Mark From Roots 54.883ms
[2024-02-03T21:32:16.904+0000][6.643s] GC(9) Concurrent Preclean
[2024-02-03T21:32:16.904+0000][6.643s] GC(9) Concurrent Preclean 0.091ms
[2024-02-03T21:32:16.904+0000][6.643s] GC(9) Pause Remark
[2024-02-03T21:32:16.909+0000][6.648s] GC(9) Pause Remark 31M->31M(512M) 4.727ms
[2024-02-03T21:32:16.909+0000][6.648s] GC(9) User=0.00s Sys=0.00s Real=0.00s
[2024-02-03T21:32:16.909+0000][6.648s] GC(9) Concurrent Mark 60.235ms
[2024-02-03T21:32:16.909+0000][6.648s] GC(9) Concurrent Rebuild Remembered Sets and Scrub Regions
[2024-02-03T21:32:16.935+0000][6.675s] GC(9) Concurrent Rebuild Remembered Sets and Scrub Regions 26.411ms
[2024-02-03T21:32:16.936+0000][6.675s] GC(9) Pause Cleanup
[2024-02-03T21:32:16.936+0000][6.675s] GC(9) Pause Cleanup 31M->31M(512M) 0.122ms
[2024-02-03T21:32:16.936+0000][6.675s] GC(9) User=0.00s Sys=0.00s Real=0.00s
[2024-02-03T21:32:16.936+0000][6.675s] GC(9) Concurrent Clear Claimed Marks
[2024-02-03T21:32:16.936+0000][6.675s] GC(9) Concurrent Clear Claimed Marks 0.069ms
[2024-02-03T21:32:16.936+0000][6.675s] GC(9) Concurrent Cleanup for Next Mark
[2024-02-03T21:32:16.938+0000][6.678s] GC(9) Concurrent Cleanup for Next Mark 2.416ms
[2024-02-03T21:32:16.938+0000][6.678s] GC(9) Concurrent Mark Cycle 93.194ms
[2024-02-03T21:32:19.103+0000][8.842s] GC(10) Pause Young (Prepare Mixed) (G1 Evacuation Pause)
[2024-02-03T21:32:19.103+0000][8.842s] GC(10) Using 2 workers of 2 for evacuation
[2024-02-03T21:32:19.134+0000][8.873s] GC(10)   Pre Evacuate Collection Set: 0.1ms
[2024-02-03T21:32:19.134+0000][8.873s] GC(10)   Merge Heap Roots: 0.1ms
[2024-02-03T21:32:19.134+0000][8.873s] GC(10)   Evacuate Collection Set: 27.2ms
[2024-02-03T21:32:19.134+0000][8.873s] GC(10)   Post Evacuate Collection Set: 3.6ms
[2024-02-03T21:32:19.134+0000][8.873s] GC(10)   Other: 0.1ms
[2024-02-03T21:32:19.134+0000][8.873s] GC(10) Eden regions: 172->0(275)
[2024-02-03T21:32:19.134+0000][8.873s] GC(10) Survivor regions: 7->20(23)
[2024-02-03T21:32:19.134+0000][8.873s] GC(10) Old regions: 19->19
[2024-02-03T21:32:19.134+0000][8.873s] GC(10) Humongous regions: 4->4
[2024-02-03T21:32:19.134+0000][8.873s] GC(10) Metaspace: 53582K(54208K)->53582K(54208K) NonClass: 47158K(47488K)->47158K(47488K) Class: 6424K(6720K)->6424K(6720K)
[2024-02-03T21:32:19.134+0000][8.873s] GC(10) Pause Young (Prepare Mixed) (G1 Evacuation Pause) 201M->41M(512M) 31.363ms
[2024-02-03T21:32:19.134+0000][8.873s] GC(10) User=0.06s Sys=0.00s Real=0.03s
[2024-02-03T21:55:40.995+0000][1410.734s] Heap
[2024-02-03T21:55:40.995+0000][1410.735s]  garbage-first heap   total 524288K, used 192443K [0x00000000e0000000, 0x0000000100000000)
[2024-02-03T21:55:40.995+0000][1410.735s]   region size 1024K, 167 young (171008K), 20 survivors (20480K)
[2024-02-03T21:55:40.995+0000][1410.735s]  Metaspace       used 58807K, committed 59520K, reserved 1114112K
[2024-02-03T21:55:40.995+0000][1410.735s]   class space    used 6973K, committed 7296K, reserved 1048576K
